223.104.3.141 - - [22/Jul/2015:23:15:12 +0800] "POST /action/123/apply HTTP/1.1" 302 5 "http://zhao-mi.net/action/123/detail?from=groupmessage&isappinstalled=0" "Mozilla/5.0 (iPhone; CPU iPhone OS 8_4 like Mac OS X) AppleWebKit/600.1.4 (KHTML, like Gecko) Mobile/12H143 MicroMessenger/6.2.3 NetType/WIFI Language/zh_CN"
223.104.3.141 - - [22/Jul/2015:23:15:13 +0800] "GET /login?next=/action/123/apply HTTP/1.1" 200 1084 "http://zhao-mi.net/action/123/detail?from=groupmessage&isappinstalled=0" "Mozilla/5.0 (iPhone; CPU iPhone OS 8_4 like Mac OS X) AppleWebKit/600.1.4 (KHTML, like Gecko) Mobile/12H143 MicroMessenger/6.2.3 NetType/WIFI Language/zh_CN"
124.200.136.190 - - [22/Jul/2015:23:15:16 +0800] "POST /action/123/apply HTTP/1.1" 200 106 "http://zhao-mi.net/action/123/detail?from=groupmessage&isappinstalled=0" "Mozilla/5.0 (iPhone; CPU iPhone OS 8_3 like Mac OS X) AppleWebKit/600.1.4 (KHTML, like Gecko) Mobile/12F70 MicroMessenger/6.1.5 NetType/WIFI"
124.200.136.190 - - [22/Jul/2015:23:15:25 +0800] "GET /action/123/detail?from=groupmessage&isappinstalled=0 HTTP/1.1" 200 1678 "-" "Mozilla/5.0 (iPhone; CPU iPhone OS 8_3 like Mac OS X) AppleWebKit/600.1.4 (KHTML, like Gecko) Mobile/12F70 MicroMessenger/6.1.5 NetType/WIFI"
124.200.136.190 - - [22/Jul/2015:23:15:32 +0800] "GET /action/123/detail?from=groupmessage&isappinstalled=0 HTTP/1.1" 200 1678 "-" "Mozilla/5.0 (iPhone; CPU iPhone OS 8_3 like Mac OS X) AppleWebKit/600.1.4 (KHTML, like Gecko) Mobile/12F70 MicroMessenger/6.1.5 NetType/WIFI"
124.200.136.190 - - [22/Jul/2015:23:15:33 +0800] "GET / HTTP/1.1" 200 2553 "http://zhao-mi.net/action/123/detail?from=groupmessage&isappinstalled=0" "Mozilla/5.0 (iPhone; CPU iPhone OS 8_3 like Mac OS X) AppleWebKit/600.1.4 (KHTML, like Gecko) Mobile/12F70 MicroMessenger/6.1.5 NetType/WIFI"
124.200.136.190 - - [22/Jul/2015:23:15:36 +0800] "GET /media/posters/2015/7/22/7f70f8b6-e637-449f-a08a-7ad7732831b8.jpg HTTP/1.1" 200 115746 "http://zhao-mi.net/" "Mozilla/5.0 (iPhone; CPU iPhone OS 8_3 like Mac OS X) AppleWebKit/600.1.4 (KHTML, like Gecko) Mobile/12F70 MicroMessenger/6.1.5 NetType/WIFI"
124.200.136.190 - - [22/Jul/2015:23:15:36 +0800] "GET /media/posters/2015/7/22/fa36bd49-2fd3-4791-9e70-eedaa2b58444.jpg HTTP/1.1" 200 131457 "http://zhao-mi.net/" "Mozilla/5.0 (iPhone; CPU iPhone OS 8_3 like Mac OS X) AppleWebKit/600.1.4 (KHTML, like Gecko) Mobile/12F70 MicroMessenger/6.1.5 NetType/WIFI"
124.200.136.190 - - [22/Jul/2015:23:15:37 +0800] "GET /media/homepage_posters/2015/7/22/33140e38-5c5f-46e4-8b4e-9c2c744f1c28.png HTTP/1.1" 200 145403 "http://zhao-mi.net/" "Mozilla/5.0 (iPhone; CPU iPhone OS 8_3 like Mac OS X) AppleWebKit/600.1.4 (KHTML, like Gecko) Mobile/12F70 MicroMessenger/6.1.5 NetType/WIFI"
124.200.136.190 - - [22/Jul/2015:23:15:37 +0800] "GET /media/posters/2015/7/21/d748b848-de5b-467c-8366-ce27c47e10b5.jpg HTTP/1.1" 200 182532 "http://zhao-mi.net/" "Mozilla/5.0 (iPhone; CPU iPhone OS 8_3 like Mac OS X) AppleWebKit/600.1.4 (KHTML, like Gecko) Mobile/12F70 MicroMessenger/6.1.5 NetType/WIFI"
124.200.136.190 - - [22/Jul/2015:23:15:37 +0800] "GET /media/homepage_posters/2015/7/22/a1105718-59f1-424c-8baa-b6f947ae4abd.png HTTP/1.1" 200 132551 "http://zhao-mi.net/" "Mozilla/5.0 (iPhone; CPU iPhone OS 8_3 like Mac OS X) AppleWebKit/600.1.4 (KHTML, like Gecko) Mobile/12F70 MicroMessenger/6.1.5 NetType/WIFI"
124.200.136.190 - - [22/Jul/2015:23:15:38 +0800] "GET /action/124/detail HTTP/1.1" 200 1869 "http://zhao-mi.net/" "Mozilla/5.0 (iPhone; CPU iPhone OS 8_3 like Mac OS X) AppleWebKit/600.1.4 (KHTML, like Gecko) Mobile/12F70 MicroMessenger/6.1.5 NetType/WIFI"
124.200.136.190 - - [22/Jul/2015:23:15:43 +0800] "GET /media/homepage_posters/2015/7/22/33140e38-5c5f-46e4-8b4e-9c2c744f1c28.png HTTP/1.1" 200 82571 "http://zhao-mi.net/" "Mozilla/5.0 (iPhone; CPU iPhone OS 8_3 like Mac OS X) AppleWebKit/600.1.4 (KHTML, like Gecko) Mobile/12F70 MicroMessenger/6.1.5 NetType/WIFI"
124.200.136.190 - - [22/Jul/2015:23:15:43 +0800] "GET /media/posters/2015/7/21/d748b848-de5b-467c-8366-ce27c47e10b5.jpg HTTP/1.1" 200 122556 "http://zhao-mi.net/" "Mozilla/5.0 (iPhone; CPU iPhone OS 8_3 like Mac OS X) AppleWebKit/600.1.4 (KHTML, like Gecko) Mobile/12F70 MicroMessenger/6.1.5 NetType/WIFI"
124.200.136.190 - - [22/Jul/2015:23:15:43 +0800] "GET /media/posters/2015/7/22/7f70f8b6-e637-449f-a08a-7ad7732831b8.jpg HTTP/1.1" 200 82572 "http://zhao-mi.net/" "Mozilla/5.0 (iPhone; CPU iPhone OS 8_3 like Mac OS X) AppleWebKit/600.1.4 (KHTML, like Gecko) Mobile/12F70 MicroMessenger/6.1.5 NetType/WIFI"
124.200.136.190 - - [22/Jul/2015:23:15:43 +0800] "GET /media/posters/2015/7/22/fa36bd49-2fd3-4791-9e70-eedaa2b58444.jpg HTTP/1.1" 200 119700 "http://zhao-mi.net/" "Mozilla/5.0 (iPhone; CPU iPhone OS 8_3 like Mac OS X) AppleWebKit/600.1.4 (KHTML, like Gecko) Mobile/12F70 MicroMessenger/6.1.5 NetType/WIFI"
124.200.136.190 - - [22/Jul/2015:23:15:43 +0800] "GET /media/homepage_posters/2015/7/22/a1105718-59f1-424c-8baa-b6f947ae4abd.png HTTP/1.1" 200 82571 "http://zhao-mi.net/" "Mozilla/5.0 (iPhone; CPU iPhone OS 8_3 like Mac OS X) AppleWebKit/600.1.4 (KHTML, like Gecko) Mobile/12F70 MicroMessenger/6.1.5 NetType/WIFI"
124.200.136.190 - - [22/Jul/2015:23:15:45 +0800] "GET /action/new/create/1 HTTP/1.1" 200 2866 "http://zhao-mi.net/action/123/detail?from=groupmessage&isappinstalled=0" "Mozilla/5.0 (iPhone; CPU iPhone OS 8_3 like Mac OS X) AppleWebKit/600.1.4 (KHTML, like Gecko) Mobile/12F70 MicroMessenger/6.1.5 NetType/WIFI"
124.200.136.190 - - [22/Jul/2015:23:15:45 +0800] "GET /m/assets/img/arrow.png HTTP/1.1" 403 151 "http://zhao-mi.net/action/new/create/1" "Mozilla/5.0 (iPhone; CPU iPhone OS 8_3 like Mac OS X) AppleWebKit/600.1.4 (KHTML, like Gecko) Mobile/12F70 MicroMessenger/6.1.5 NetType/WIFI"
124.200.136.190 - - [22/Jul/2015:23:15:47 +0800] "GET /searchpage HTTP/1.1" 200 731 "http://zhao-mi.net/action/new/create/1" "Mozilla/5.0 (iPhone; CPU iPhone OS 8_3 like Mac OS X) AppleWebKit/600.1.4 (KHTML, like Gecko) Mobile/12F70 MicroMessenger/6.1.5 NetType/WIFI"
124.200.136.190 - - [22/Jul/2015:23:15:51 +0800] "GET /m/assets/img/arrow.png HTTP/1.1" 403 151 "http://zhao-mi.net/action/new/create/1" "Mozilla/5.0 (iPhone; CPU iPhone OS 8_3 like Mac OS X) AppleWebKit/600.1.4 (KHTML, like Gecko) Mobile/12F70 MicroMessenger/6.1.5 NetType/WIFI"
124.200.136.190 - - [22/Jul/2015:23:15:52 +0800] "GET /mine/start HTTP/1.1" 200 2518 "http://zhao-mi.net/action/new/create/1" "Mozilla/5.0 (iPhone; CPU iPhone OS 8_3 like Mac OS X) AppleWebKit/600.1.4 (KHTML, like Gecko) Mobile/12F70 MicroMessenger/6.1.5 NetType/WIFI"
124.200.136.190 - - [22/Jul/2015:23:15:53 +0800] "GET /m/build/activity.js HTTP/1.1" 200 55460 "http://zhao-mi.net/mine/start" "Mozilla/5.0 (iPhone; CPU iPhone OS 8_3 like Mac OS X) AppleWebKit/600.1.4 (KHTML, like Gecko) Mobile/12F70 MicroMessenger/6.1.5 NetType/WIFI"
124.200.136.190 - - [22/Jul/2015:23:16:02 +0800] "GET /media/posters/2015/7/22/7f70f8b6-e637-449f-a08a-7ad7732831b8.jpg HTTP/1.1" 200 115746 "http://zhao-mi.net/mine/start" "Mozilla/5.0 (iPhone; CPU iPhone OS 8_3 like Mac OS X) AppleWebKit/600.1.4 (KHTML, like Gecko) Mobile/12F70 MicroMessenger/6.1.5 NetType/WIFI"
124.200.136.190 - - [22/Jul/2015:23:16:02 +0800] "GET /media/posters/2015/7/22/fa36bd49-2fd3-4791-9e70-eedaa2b58444.jpg HTTP/1.1" 200 131457 "http://zhao-mi.net/mine/start" "Mozilla/5.0 (iPhone; CPU iPhone OS 8_3 like Mac OS X) AppleWebKit/600.1.4 (KHTML, like Gecko) Mobile/12F70 MicroMessenger/6.1.5 NetType/WIFI"
124.200.136.190 - - [22/Jul/2015:23:16:04 +0800] "GET /mine/apply HTTP/1.1" 200 1331 "http://zhao-mi.net/mine/start" "Mozilla/5.0 (iPhone; CPU iPhone OS 8_3 like Mac OS X) AppleWebKit/600.1.4 (KHTML, like Gecko) Mobile/12F70 MicroMessenger/6.1.5 NetType/WIFI"
124.200.136.190 - - [22/Jul/2015:23:16:10 +0800] "GET /media/posters/2015/7/21/d748b848-de5b-467c-8366-ce27c47e10b5.jpg HTTP/1.1" 200 216804 "http://zhao-mi.net/mine/apply" "Mozilla/5.0 (iPhone; CPU iPhone OS 8_3 like Mac OS X) AppleWebKit/600.1.4 (KHTML, like Gecko) Mobile/12F70 MicroMessenger/6.1.5 NetType/WIFI"
124.200.136.190 - - [22/Jul/2015:23:16:11 +0800] "GET /mine/group HTTP/1.1" 200 1109 "http://zhao-mi.net/mine/apply" "Mozilla/5.0 (iPhone; CPU iPhone OS 8_3 like Mac OS X) AppleWebKit/600.1.4 (KHTML, like Gecko) Mobile/12F70 MicroMessenger/6.1.5 NetType/WIFI"
124.200.136.190 - - [22/Jul/2015:23:16:11 +0800] "GET /m/build/mine.js HTTP/1.1" 200 61622 "http://zhao-mi.net/mine/group" "Mozilla/5.0 (iPhone; CPU iPhone OS 8_3 like Mac OS X) AppleWebKit/600.1.4 (KHTML, like Gecko) Mobile/12F70 MicroMessenger/6.1.5 NetType/WIFI"
111.161.52.27 - - [22/Jul/2015:23:16:15 +0800] "GET / HTTP/1.1" 200 2570 "-" "Mozilla/5.0 (Windows; U; Windows NT 5.1; zh-CN; rv:1.9b4) Gecko/2008030317 Firefox/3.0b4"
123.151.42.49 - - [22/Jul/2015:23:16:15 +0800] "GET /m/lib/jquery/jquery.min.js HTTP/1.1" 200 91548 "http://zhao-mi.net/" "Mozilla/5.0 (Linux; U; Android 4.4.2; zh-cn; H60-L02 Build/HDH60-L02) AppleWebKit/533.1 (KHTML, like Gecko)Version/4.0 MQQBrowser/5.4 TBS/025440 Mobile Safari/533.1 MicroMessenger/6.2.2.54_rec1912d.581 NetType/WIFI Language/zh_CN"
123.151.42.49 - - [22/Jul/2015:23:16:16 +0800] "GET /media/posters/2015/7/22/46eede07-25c8-4d67-b68c-4dee8ab1f4ed.jpg HTTP/1.1" 200 62982 "http://zhao-mi.net/" "Mozilla/5.0 (Linux; U; Android 4.4.2; zh-cn; H60-L02 Build/HDH60-L02) AppleWebKit/533.1 (KHTML, like Gecko)Version/4.0 MQQBrowser/5.4 TBS/025440 Mobile Safari/533.1 MicroMessenger/6.2.2.54_rec1912d.581 NetType/WIFI Language/zh_CN"
123.151.42.49 - - [22/Jul/2015:23:16:17 +0800] "GET /media/posters/2015/7/22/d0e845d5-1631-4a6b-bbeb-16157145fa78.jpg HTTP/1.1" 200 155303 "http://zhao-mi.net/" "Mozilla/5.0 (Linux; U; Android 4.4.2; zh-cn; H60-L02 Build/HDH60-L02) AppleWebKit/533.1 (KHTML, like Gecko)Version/4.0 MQQBrowser/5.4 TBS/025440 Mobile Safari/533.1 MicroMessenger/6.2.2.54_rec1912d.581 NetType/WIFI Language/zh_CN"
123.151.42.49 - - [22/Jul/2015:23:16:17 +0800] "GET /media/posters/2015/7/22/06c0f9f4-d67f-4a16-a79a-b340df6f049d.jpg HTTP/1.1" 200 116198 "http://zhao-mi.net/" "Mozilla/5.0 (Linux; U; Android 4.4.2; zh-cn; H60-L02 Build/HDH60-L02) AppleWebKit/533.1 (KHTML, like Gecko)Version/4.0 MQQBrowser/5.4 TBS/025440 Mobile Safari/533.1 MicroMessenger/6.2.2.54_rec1912d.581 NetType/WIFI Language/zh_CN"
123.151.42.49 - - [22/Jul/2015:23:16:18 +0800] "GET /media/posters/2015/7/22/fa36bd49-2fd3-4791-9e70-eedaa2b58444.jpg HTTP/1.1" 200 131457 "http://zhao-mi.net/" "Mozilla/5.0 (Linux; U; Android 4.4.2; zh-cn; H60-L02 Build/HDH60-L02) AppleWebKit/533.1 (KHTML, like Gecko)Version/4.0 MQQBrowser/5.4 TBS/025440 Mobile Safari/533.1 MicroMessenger/6.2.2.54_rec1912d.581 NetType/WIFI Language/zh_CN"
111.30.132.190 - - [22/Jul/2015:23:16:20 +0800] "GET /media/posters/2015/7/22/7f70f8b6-e637-449f-a08a-7ad7732831b8.jpg HTTP/1.1" 200 115746 "http://zhao-mi.net/" "Mozilla/5.0 (Linux; U; Android 4.4.2; zh-cn; H60-L02 Build/HDH60-L02) AppleWebKit/533.1 (KHTML, like Gecko)Version/4.0 MQQBrowser/5.4 TBS/025440 Mobile Safari/533.1 MicroMessenger/6.2.2.54_rec1912d.581 NetType/WIFI Language/zh_CN"
123.151.42.49 - - [22/Jul/2015:23:16:24 +0800] "GET /login HTTP/1.1" 200 1087 "http://zhao-mi.net/" "Mozilla/5.0 (Linux; U; Android 4.4.2; zh-cn; H60-L02 Build/HDH60-L02) AppleWebKit/533.1 (KHTML, like Gecko)Version/4.0 MQQBrowser/5.4 TBS/025440 Mobile Safari/533.1 MicroMessenger/6.2.2.54_rec1912d.581 NetType/WIFI Language/zh_CN"
180.153.214.176 - - [22/Jul/2015:23:16:26 +0800] "GET //zhao-mi.net/m/build/detail.js HTTP/1.1" 404 5772 "http://zhao-mi.net//zhao-mi.net/m/build/detail.js" "Mozilla/5.0 (Linux; U; Android 4.4.2; zh-cn; GT-I9500 Build/KOT49H) AppleWebKit/537.36 (KHTML, like Gecko)Version/4.0 MQQBrowser/5.0 QQ-Manager Mobile Safari/537.36"
180.153.214.176 - - [22/Jul/2015:23:16:26 +0800] "GET //zhao-mi.net/lib/jquery-form/jquery.form.js HTTP/1.1" 404 5811 "http://zhao-mi.net//zhao-mi.net/lib/jquery-form/jquery.form.js" "Mozilla/5.0 (Linux; U; Android 4.4.2; zh-cn; GT-I9500 Build/KOT49H) AppleWebKit/537.36 (KHTML, like Gecko)Version/4.0 MQQBrowser/5.0 QQ-Manager Mobile Safari/537.36"
180.153.214.176 - - [22/Jul/2015:23:16:26 +0800] "GET //zhao-mi.net/m/lib/jquery/jquery.min.js HTTP/1.1" 404 5799 "http://zhao-mi.net//zhao-mi.net/m/lib/jquery/jquery.min.js" "Mozilla/5.0 (Linux; U; Android 4.4.2; zh-cn; GT-I9500 Build/KOT49H) AppleWebKit/537.36 (KHTML, like Gecko)Version/4.0 MQQBrowser/5.0 QQ-Manager Mobile Safari/537.36"
124.200.136.190 - - [22/Jul/2015:23:16:27 +0800] "GET /mine/start HTTP/1.1" 200 2518 "http://zhao-mi.net/mine/group" "Mozilla/5.0 (iPhone; CPU iPhone OS 8_3 like Mac OS X) AppleWebKit/600.1.4 (KHTML, like Gecko) Mobile/12F70 MicroMessenger/6.1.5 NetType/WIFI"
123.151.42.49 - - [22/Jul/2015:23:16:29 +0800] "GET /media/homepage_posters/2015/7/22/a1105718-59f1-424c-8baa-b6f947ae4abd.png HTTP/1.1" 200 1272623 "http://zhao-mi.net/" "Mozilla/5.0 (Linux; U; Android 4.4.2; zh-cn; H60-L02 Build/HDH60-L02) AppleWebKit/533.1 (KHTML, like Gecko)Version/4.0 MQQBrowser/5.4 TBS/025440 Mobile Safari/533.1 MicroMessenger/6.2.2.54_rec1912d.581 NetType/WIFI Language/zh_CN"
124.200.136.190 - - [22/Jul/2015:23:16:30 +0800] "GET /mine/start HTTP/1.1" 200 2518 "http://zhao-mi.net/mine/group" "Mozilla/5.0 (iPhone; CPU iPhone OS 8_3 like Mac OS X) AppleWebKit/600.1.4 (KHTML, like Gecko) Mobile/12F70 MicroMessenger/6.1.5 NetType/WIFI"
111.30.132.190 - - [22/Jul/2015:23:16:30 +0800] "GET /m/lib/jquery-form/jquery.form.js HTTP/1.1" 200 43702 "http://zhao-mi.net/login" "Mozilla/5.0 (Linux; U; Android 4.4.2; zh-cn; H60-L02 Build/HDH60-L02) AppleWebKit/533.1 (KHTML, like Gecko)Version/4.0 MQQBrowser/5.4 TBS/025440 Mobile Safari/533.1 MicroMessenger/6.2.2.54_rec1912d.581 NetType/WIFI Language/zh_CN"
123.151.42.49 - - [22/Jul/2015:23:16:30 +0800] "GET /m/build/login.js HTTP/1.1" 200 66360 "http://zhao-mi.net/login" "Mozilla/5.0 (Linux; U; Android 4.4.2; zh-cn; H60-L02 Build/HDH60-L02) AppleWebKit/533.1 (KHTML, like Gecko)Version/4.0 MQQBrowser/5.4 TBS/025440 Mobile Safari/533.1 MicroMessenger/6.2.2.54_rec1912d.581 NetType/WIFI Language/zh_CN"
123.151.42.49 - - [22/Jul/2015:23:16:32 +0800] "GET /media/homepage_posters/2015/7/22/33140e38-5c5f-46e4-8b4e-9c2c744f1c28.png HTTP/1.1" 200 1344100 "http://zhao-mi.net/" "Mozilla/5.0 (Linux; U; Android 4.4.2; zh-cn; H60-L02 Build/HDH60-L02) AppleWebKit/533.1 (KHTML, like Gecko)Version/4.0 MQQBrowser/5.4 TBS/025440 Mobile Safari/533.1 MicroMessenger/6.2.2.54_rec1912d.581 NetType/WIFI Language/zh_CN"
111.194.192.59 - - [22/Jul/2015:23:16:32 +0800] "GET /m/assets/img/icon500x500.png HTTP/1.1" 304 0 "http://zhao-mi.net/login" "Mozilla/5.0 (Linux; U; Android 4.4.2; zh-cn; H60-L02 Build/HDH60-L02) AppleWebKit/533.1 (KHTML, like Gecko)Version/4.0 MQQBrowser/5.4 TBS/025440 Mobile Safari/533.1 MicroMessenger/6.2.2.54_rec1912d.581 NetType/WIFI Language/zh_CN"
180.153.163.210 - - [22/Jul/2015:23:16:33 +0800] "GET //zhao-mi.net/m/lib/jquery/jquery.min.js HTTP/1.1" 404 5799 "http://zhao-mi.net//zhao-mi.net/m/lib/jquery/jquery.min.js" "Mozilla/5.0 (Linux; U; Android 4.4.2; zh-cn; GT-I9500 Build/KOT49H) AppleWebKit/537.36 (KHTML, like Gecko)Version/4.0 MQQBrowser/5.0 QQ-Manager Mobile Safari/537.36"
180.153.163.210 - - [22/Jul/2015:23:16:33 +0800] "GET //zhao-mi.net/m/lib/jquery-form/jquery.form.js HTTP/1.1" 404 5817 "http://zhao-mi.net//zhao-mi.net/m/lib/jquery-form/jquery.form.js" "Mozilla/5.0 (Linux; U; Android 4.4.2; zh-cn; GT-I9500 Build/KOT49H) AppleWebKit/537.36 (KHTML, like Gecko)Version/4.0 MQQBrowser/5.0 QQ-Manager Mobile Safari/537.36"
180.153.163.210 - - [22/Jul/2015:23:16:33 +0800] "GET //zhao-mi.net/m/build/register.js HTTP/1.1" 404 5778 "http://zhao-mi.net//zhao-mi.net/m/build/register.js" "Mozilla/5.0 (Linux; U; Android 4.4.2; zh-cn; GT-I9500 Build/KOT49H) AppleWebKit/537.36 (KHTML, like Gecko)Version/4.0 MQQBrowser/5.0 QQ-Manager Mobile Safari/537.36"
124.200.136.190 - - [22/Jul/2015:23:16:35 +0800] "GET /media/posters/2015/7/21/d748b848-de5b-467c-8366-ce27c47e10b5.jpg HTTP/1.1" 200 61152 "http://zhao-mi.net/mine/apply" "Mozilla/5.0 (iPhone; CPU iPhone OS 8_3 like Mac OS X) AppleWebKit/600.1.4 (KHTML, like Gecko) Mobile/12F70 MicroMessenger/6.1.5 NetType/WIFI"
111.194.192.59 - - [22/Jul/2015:23:16:37 +0800] "GET /m/assets/img/login-bg.png HTTP/1.1" 200 146258 "http://zhao-mi.net/login" "Mozilla/5.0 (Linux; U; Android 4.4.2; zh-cn; H60-L02 Build/HDH60-L02) AppleWebKit/533.1 (KHTML, like Gecko)Version/4.0 MQQBrowser/5.4 TBS/025440 Mobile Safari/533.1 MicroMessenger/6.2.2.54_rec1912d.581 NetType/WIFI Language/zh_CN"
111.30.132.190 - - [22/Jul/2015:23:16:49 +0800] "GET /media/homepage_posters/2015/7/22/a1105718-59f1-424c-8baa-b6f947ae4abd.png HTTP/1.1" 200 1272623 "http://zhao-mi.net/" "Mozilla/5.0 (Linux; U; Android 4.4.2; zh-cn; H60-L02 Build/HDH60-L02) AppleWebKit/533.1 (KHTML, like Gecko)Version/4.0 MQQBrowser/5.4 TBS/025440 Mobile Safari/533.1 MicroMessenger/6.2.2.54_rec1912d.581 NetType/WIFI Language/zh_CN"
111.30.132.190 - - [22/Jul/2015:23:16:52 +0800] "GET /media/homepage_posters/2015/7/22/33140e38-5c5f-46e4-8b4e-9c2c744f1c28.png HTTP/1.1" 200 1344100 "http://zhao-mi.net/" "Mozilla/5.0 (Linux; U; Android 4.4.2; zh-cn; H60-L02 Build/HDH60-L02) AppleWebKit/533.1 (KHTML, like Gecko)Version/4.0 MQQBrowser/5.4 TBS/025440 Mobile Safari/533.1 MicroMessenger/6.2.2.54_rec1912d.581 NetType/WIFI Language/zh_CN"
123.151.42.49 - - [22/Jul/2015:23:16:58 +0800] "POST /login HTTP/1.1" 200 97 "http://zhao-mi.net/login" "Mozilla/5.0 (Linux; U; Android 4.4.2; zh-cn; H60-L02 Build/HDH60-L02) AppleWebKit/533.1 (KHTML, like Gecko)Version/4.0 MQQBrowser/5.4 TBS/025440 Mobile Safari/533.1 MicroMessenger/6.2.2.54_rec1912d.581 NetType/WIFI Language/zh_CN"
124.200.136.190 - - [22/Jul/2015:23:16:58 +0800] "GET /media/posters/2015/7/22/7f70f8b6-e637-449f-a08a-7ad7732831b8.jpg HTTP/1.1" 200 115746 "http://zhao-mi.net/mine/start" "Mozilla/5.0 (iPhone; CPU iPhone OS 8_3 like Mac OS X) AppleWebKit/600.1.4 (KHTML, like Gecko) Mobile/12F70 MicroMessenger/6.1.5 NetType/WIFI"
124.200.136.190 - - [22/Jul/2015:23:17:01 +0800] "GET /media/posters/2015/7/22/fa36bd49-2fd3-4791-9e70-eedaa2b58444.jpg HTTP/1.1" 200 131457 "http://zhao-mi.net/mine/start" "Mozilla/5.0 (iPhone; CPU iPhone OS 8_3 like Mac OS X) AppleWebKit/600.1.4 (KHTML, like Gecko) Mobile/12F70 MicroMessenger/6.1.5 NetType/WIFI"
123.151.42.49 - - [22/Jul/2015:23:17:04 +0800] "GET /register/basic HTTP/1.1" 200 1070 "http://zhao-mi.net/login" "Mozilla/5.0 (Linux; U; Android 4.4.2; zh-cn; H60-L02 Build/HDH60-L02) AppleWebKit/533.1 (KHTML, like Gecko)Version/4.0 MQQBrowser/5.4 TBS/025440 Mobile Safari/533.1 MicroMessenger/6.2.2.54_rec1912d.581 NetType/WIFI Language/zh_CN"
123.151.42.49 - - [22/Jul/2015:23:17:05 +0800] "GET /m/build/register.js HTTP/1.1" 200 63474 "http://zhao-mi.net/register/basic" "Mozilla/5.0 (Linux; U; Android 4.4.2; zh-cn; H60-L02 Build/HDH60-L02) AppleWebKit/533.1 (KHTML, like Gecko)Version/4.0 MQQBrowser/5.4 TBS/025440 Mobile Safari/533.1 MicroMessenger/6.2.2.54_rec1912d.581 NetType/WIFI Language/zh_CN"
123.151.42.49 - - [22/Jul/2015:23:17:40 +0800] "POST /register/basic HTTP/1.1" 200 181 "http://zhao-mi.net/register/basic" "Mozilla/5.0 (Linux; U; Android 4.4.2; zh-cn; H60-L02 Build/HDH60-L02) AppleWebKit/533.1 (KHTML, like Gecko)Version/4.0 MQQBrowser/5.4 TBS/025440 Mobile Safari/533.1 MicroMessenger/6.2.2.54_rec1912d.581 NetType/WIFI Language/zh_CN"
124.200.136.190 - - [22/Jul/2015:23:17:41 +0800] "GET /m/assets/img/arrow.png HTTP/1.1" 403 151 "http://zhao-mi.net/action/new/create/1" "Mozilla/5.0 (iPhone; CPU iPhone OS 8_3 like Mac OS X) AppleWebKit/600.1.4 (KHTML, like Gecko) Mobile/12F70 MicroMessenger/6.1.5 NetType/WIFI"
123.151.42.49 - - [22/Jul/2015:23:17:48 +0800] "POST /register/basic HTTP/1.1" 200 181 "http://zhao-mi.net/register/basic" "Mozilla/5.0 (Linux; U; Android 4.4.2; zh-cn; H60-L02 Build/HDH60-L02) AppleWebKit/533.1 (KHTML, like Gecko)Version/4.0 MQQBrowser/5.4 TBS/025440 Mobile Safari/533.1 MicroMessenger/6.2.2.54_rec1912d.581 NetType/WIFI Language/zh_CN"
123.151.42.49 - - [22/Jul/2015:23:17:55 +0800] "POST /register/basic HTTP/1.1" 200 181 "http://zhao-mi.net/register/basic" "Mozilla/5.0 (Linux; U; Android 4.4.2; zh-cn; H60-L02 Build/HDH60-L02) AppleWebKit/533.1 (KHTML, like Gecko)Version/4.0 MQQBrowser/5.4 TBS/025440 Mobile Safari/533.1 MicroMessenger/6.2.2.54_rec1912d.581 NetType/WIFI Language/zh_CN"
111.30.132.190 - - [22/Jul/2015:23:18:45 +0800] "GET /media/posters/2015/7/22/d0e845d5-1631-4a6b-bbeb-16157145fa78.jpg HTTP/1.1" 200 155303 "http://zhao-mi.net/" "Mozilla/5.0 (Linux; U; Android 4.4.2; zh-cn; H60-L02 Build/HDH60-L02) AppleWebKit/533.1 (KHTML, like Gecko)Version/4.0 MQQBrowser/5.4 TBS/025440 Mobile Safari/533.1 MicroMessenger/6.2.2.54_rec1912d.581 NetType/WIFI Language/zh_CN"
123.151.42.49 - - [22/Jul/2015:23:18:45 +0800] "GET /media/posters/2015/7/22/7f70f8b6-e637-449f-a08a-7ad7732831b8.jpg HTTP/1.1" 200 115746 "http://zhao-mi.net/" "Mozilla/5.0 (Linux; U; Android 4.4.2; zh-cn; H60-L02 Build/HDH60-L02) AppleWebKit/533.1 (KHTML, like Gecko)Version/4.0 MQQBrowser/5.4 TBS/025440 Mobile Safari/533.1 MicroMessenger/6.2.2.54_rec1912d.581 NetType/WIFI Language/zh_CN"
61.49.56.48 - - [22/Jul/2015:23:18:47 +0800] "GET /action/124/detail HTTP/1.1" 200 1824 "http://zhao-mi.net/" "Mozilla/5.0 (Linux; U; Android 4.4.2; zh-cn; H60-L02 Build/HDH60-L02) AppleWebKit/533.1 (KHTML, like Gecko)Version/4.0 MQQBrowser/5.4 TBS/025440 Mobile Safari/533.1 MicroMessenger/6.2.2.54_rec1912d.581 NetType/WIFI Language/zh_CN"
123.151.42.49 - - [22/Jul/2015:23:18:48 +0800] "GET /m/build/detail.js HTTP/1.1" 200 106254 "http://zhao-mi.net/action/124/detail" "Mozilla/5.0 (Linux; U; Android 4.4.2; zh-cn; H60-L02 Build/HDH60-L02) AppleWebKit/533.1 (KHTML, like Gecko)Version/4.0 MQQBrowser/5.4 TBS/025440 Mobile Safari/533.1 MicroMessenger/6.2.2.54_rec1912d.581 NetType/WIFI Language/zh_CN"
111.194.192.59 - - [22/Jul/2015:23:18:48 +0800] "GET /m/modules/detail/img/banner.jpg HTTP/1.1" 200 42830 "http://zhao-mi.net/action/124/detail" "Mozilla/5.0 (Linux; U; Android 4.4.2; zh-cn; H60-L02 Build/HDH60-L02) AppleWebKit/533.1 (KHTML, like Gecko)Version/4.0 MQQBrowser/5.4 TBS/025440 Mobile Safari/533.1 MicroMessenger/6.2.2.54_rec1912d.581 NetType/WIFI Language/zh_CN"
124.200.136.190 - - [22/Jul/2015:23:19:12 +0800] "GET /action/123/detail?from=groupmessage&isappinstalled=0 HTTP/1.1" 200 1678 "-" "Mozilla/5.0 (iPhone; CPU iPhone OS 8_3 like Mac OS X) AppleWebKit/600.1.4 (KHTML, like Gecko) Mobile/12F70 MicroMessenger/6.1.5 NetType/WIFI"
124.200.136.190 - - [22/Jul/2015:23:19:12 +0800] "GET /m/lib/jquery/jquery.min.js HTTP/1.1" 304 0 "http://zhao-mi.net/" "Mozilla/5.0 (iPhone; CPU iPhone OS 8_3 like Mac OS X) AppleWebKit/600.1.4 (KHTML, like Gecko) Mobile/12F70 MicroMessenger/6.1.5 NetType/WIFI"
124.200.136.190 - - [22/Jul/2015:23:19:12 +0800] "GET /m/build/detail.js HTTP/1.1" 304 0 "http://zhao-mi.net/action/123/detail" "Mozilla/5.0 (iPhone; CPU iPhone OS 8_3 like Mac OS X) AppleWebKit/600.1.4 (KHTML, like Gecko) Mobile/12F70 MicroMessenger/6.1.5 NetType/WIFI"
124.200.136.190 - - [22/Jul/2015:23:19:12 +0800] "GET /m/modules/detail/img/banner.jpg HTTP/1.1" 304 0 "http://zhao-mi.net/action/new/create/1" "Mozilla/5.0 (iPhone; CPU iPhone OS 8_3 like Mac OS X) AppleWebKit/600.1.4 (KHTML, like Gecko) Mobile/12F70 MicroMessenger/6.1.5 NetType/WIFI"
124.200.136.190 - - [22/Jul/2015:23:19:13 +0800] "GET /m/assets/img/icon500x500.png HTTP/1.1" 304 0 "http://zhao-mi.net/login" "Mozilla/5.0 (iPhone; CPU iPhone OS 8_3 like Mac OS X) AppleWebKit/600.1.4 (KHTML, like Gecko) Mobile/12F70 MicroMessenger/6.1.5 NetType/WIFI"
59.66.198.55 - - [22/Jul/2015:23:19:15 +0800] "GET /action/new/create/1?from=groupmessage&isappinstalled=0 HTTP/1.1" 302 5 "-" "Mozilla/5.0 (iPhone; CPU iPhone OS 8_4 like Mac OS X) AppleWebKit/600.1.4 (KHTML, like Gecko) Mobile/12H143 MicroMessenger/6.2.3 NetType/WIFI Language/zh_CN"
59.66.198.55 - - [22/Jul/2015:23:19:16 +0800] "GET /login?next=/action/new/create/1%3Ffrom%3Dgroupmessage%26isappinstalled%3D0 HTTP/1.1" 200 1082 "-" "Mozilla/5.0 (iPhone; CPU iPhone OS 8_4 like Mac OS X) AppleWebKit/600.1.4 (KHTML, like Gecko) Mobile/12H143 MicroMessenger/6.2.3 NetType/WIFI Language/zh_CN"
59.66.198.55 - - [22/Jul/2015:23:19:16 +0800] "GET /m/lib/jquery-form/jquery.form.js HTTP/1.1" 200 43702 "http://zhao-mi.net/login?next=/action/new/create/1%3Ffrom%3Dgroupmessage%26isappinstalled%3D0" "Mozilla/5.0 (iPhone; CPU iPhone OS 8_4 like Mac OS X) AppleWebKit/600.1.4 (KHTML, like Gecko) Mobile/12H143 MicroMessenger/6.2.3 NetType/WIFI Language/zh_CN"
59.66.198.55 - - [22/Jul/2015:23:19:16 +0800] "GET /m/lib/jquery/jquery.min.js HTTP/1.1" 200 91548 "http://zhao-mi.net/login?next=/action/new/create/1%3Ffrom%3Dgroupmessage%26isappinstalled%3D0" "Mozilla/5.0 (iPhone; CPU iPhone OS 8_4 like Mac OS X) AppleWebKit/600.1.4 (KHTML, like Gecko) Mobile/12H143 MicroMessenger/6.2.3 NetType/WIFI Language/zh_CN"
59.66.198.55 - - [22/Jul/2015:23:19:17 +0800] "GET /m/build/login.js HTTP/1.1" 200 66360 "http://zhao-mi.net/login?next=/action/new/create/1%3Ffrom%3Dgroupmessage%26isappinstalled%3D0" "Mozilla/5.0 (iPhone; CPU iPhone OS 8_4 like Mac OS X) AppleWebKit/600.1.4 (KHTML, like Gecko) Mobile/12H143 MicroMessenger/6.2.3 NetType/WIFI Language/zh_CN"
59.66.198.55 - - [22/Jul/2015:23:19:17 +0800] "GET /m/assets/img/login-bg.png HTTP/1.1" 200 146258 "http://zhao-mi.net/login?next=/action/new/create/1%3Ffrom%3Dgroupmessage%26isappinstalled%3D0" "Mozilla/5.0 (iPhone; CPU iPhone OS 8_4 like Mac OS X) AppleWebKit/600.1.4 (KHTML, like Gecko) Mobile/12H143 MicroMessenger/6.2.3 NetType/WIFI Language/zh_CN"
59.66.198.55 - - [22/Jul/2015:23:19:17 +0800] "GET /m/assets/img/icon500x500.png HTTP/1.1" 200 32932 "http://zhao-mi.net/login?next=/action/new/create/1%3Ffrom%3Dgroupmessage%26isappinstalled%3D0" "Mozilla/5.0 (iPhone; CPU iPhone OS 8_4 like Mac OS X) AppleWebKit/600.1.4 (KHTML, like Gecko) Mobile/12H143 MicroMessenger/6.2.3 NetType/WIFI Language/zh_CN"
124.200.136.190 - - [22/Jul/2015:23:19:30 +0800] "GET /user/msg HTTP/1.1" 200 1073 "http://zhao-mi.net/action/123/detail?from=groupmessage&isappinstalled=0" "Mozilla/5.0 (iPhone; CPU iPhone OS 8_3 like Mac OS X) AppleWebKit/600.1.4 (KHTML, like Gecko) Mobile/12F70 MicroMessenger/6.1.5 NetType/WIFI"
124.200.136.190 - - [22/Jul/2015:23:19:31 +0800] "GET /m/build/message.js HTTP/1.1" 200 51482 "http://zhao-mi.net/user/msg" "Mozilla/5.0 (iPhone; CPU iPhone OS 8_3 like Mac OS X) AppleWebKit/600.1.4 (KHTML, like Gecko) Mobile/12F70 MicroMessenger/6.1.5 NetType/WIFI"
124.200.136.190 - - [22/Jul/2015:23:19:44 +0800] "GET /m/assets/img/user.png HTTP/1.1" 200 70337 "http://zhao-mi.net/user/msg" "Mozilla/5.0 (iPhone; CPU iPhone OS 8_3 like Mac OS X) AppleWebKit/600.1.4 (KHTML, like Gecko) Mobile/12F70 MicroMessenger/6.1.5 NetType/WIFI"
124.200.136.190 - - [22/Jul/2015:23:19:50 +0800] "GET /lib/jquery/jquery.min.js HTTP/1.1" 200 103157 "http://zhao-mi.net/user/msg" "Mozilla/5.0 (iPhone; CPU iPhone OS 8_3 like Mac OS X) AppleWebKit/600.1.4 (KHTML, like Gecko) Mobile/12F70 MicroMessenger/6.1.5 NetType/WIFI"
223.104.3.141 - - [22/Jul/2015:23:20:11 +0800] "GET /lib/es5/es5-shim.min.js?_=1437578407756 HTTP/1.1" 200 16988 "http://zhao-mi.net:8000/search?q=%E6%B1%BD%E8%BD%A6" "Mozilla/5.0 (Macintosh; Intel Mac OS X 10_10_3) AppleWebKit/600.6.3 (KHTML, like Gecko) Version/8.0.6 Safari/600.6.3"
223.104.3.141 - - [22/Jul/2015:23:20:11 +0800] "GET /lib/jquery-qrcode/jquery.qrcode.js?_=1437578407758 HTTP/1.1" 200 30074 "http://zhao-mi.net:8000/search?q=%E6%B1%BD%E8%BD%A6" "Mozilla/5.0 (Macintosh; Intel Mac OS X 10_10_3) AppleWebKit/600.6.3 (KHTML, like Gecko) Version/8.0.6 Safari/600.6.3"
223.104.3.141 - - [22/Jul/2015:23:20:11 +0800] "GET /lib/unslider/unslider.js?_=1437578407759 HTTP/1.1" 200 6749 "http://zhao-mi.net:8000/search?q=%E6%B1%BD%E8%BD%A6" "Mozilla/5.0 (Macintosh; Intel Mac OS X 10_10_3) AppleWebKit/600.6.3 (KHTML, like Gecko) Version/8.0.6 Safari/600.6.3"
223.104.3.141 - - [22/Jul/2015:23:20:12 +0800] "GET /lib/cityselect/jquery.cityselect.js?_=1437578407760 HTTP/1.1" 200 66368 "http://zhao-mi.net:8000/search?q=%E6%B1%BD%E8%BD%A6" "Mozilla/5.0 (Macintosh; Intel Mac OS X 10_10_3) AppleWebKit/600.6.3 (KHTML, like Gecko) Version/8.0.6 Safari/600.6.3"
223.104.3.141 - - [22/Jul/2015:23:20:12 +0800] "GET /lib/jquery/jquery.min.js?_=1437578407755 HTTP/1.1" 200 103157 "http://zhao-mi.net:8000/search?q=%E6%B1%BD%E8%BD%A6" "Mozilla/5.0 (Macintosh; Intel Mac OS X 10_10_3) AppleWebKit/600.6.3 (KHTML, like Gecko) Version/8.0.6 Safari/600.6.3"
223.104.3.141 - - [22/Jul/2015:23:20:12 +0800] "GET /lib/jqueryui/jquery-ui.min.js?_=1437578407757 HTTP/1.1" 200 114661 "http://zhao-mi.net:8000/search?q=%E6%B1%BD%E8%BD%A6" "Mozilla/5.0 (Macintosh; Intel Mac OS X 10_10_3) AppleWebKit/600.6.3 (KHTML, like Gecko) Version/8.0.6 Safari/600.6.3"
223.104.3.141 - - [22/Jul/2015:23:20:14 +0800] "GET /build/list.js?_=1437578407761 HTTP/1.1" 200 106881 "http://zhao-mi.net:8000/search?q=%E6%B1%BD%E8%BD%A6" "Mozilla/5.0 (Macintosh; Intel Mac OS X 10_10_3) AppleWebKit/600.6.3 (KHTML, like Gecko) Version/8.0.6 Safari/600.6.3"
59.66.201.23 - - [22/Jul/2015:23:20:17 +0800] "GET /lib/jquery/jquery.min.js HTTP/1.1" 304 0 "http://zhao-mi.net/" "Mozilla/5.0 (Macintosh; Intel Mac OS X 10_11) AppleWebKit/601.1.37 (KHTML, like Gecko) Version/9.0 Safari/601.1.37"
59.66.201.23 - - [22/Jul/2015:23:20:17 +0800] "GET /lib/jquery-form/jquery.form.js HTTP/1.1" 304 0 "http://zhao-mi.net:8000/mine/start" "Mozilla/5.0 (Macintosh; Intel Mac OS X 10_11) AppleWebKit/601.1.37 (KHTML, like Gecko) Version/9.0 Safari/601.1.37"
59.66.201.23 - - [22/Jul/2015:23:20:17 +0800] "GET /build/login.js HTTP/1.1" 304 0 "http://zhao-mi.net:8000/login" "Mozilla/5.0 (Macintosh; Intel Mac OS X 10_11) AppleWebKit/601.1.37 (KHTML, like Gecko) Version/9.0 Safari/601.1.37"
59.66.201.23 - - [22/Jul/2015:23:20:17 +0800] "GET /lib/es5/es5-shim.min.js HTTP/1.1" 304 0 "http://zhao-mi.net/" "Mozilla/5.0 (Macintosh; Intel Mac OS X 10_11) AppleWebKit/601.1.37 (KHTML, like Gecko) Version/9.0 Safari/601.1.37"
59.66.201.23 - - [22/Jul/2015:23:20:17 +0800] "GET /assets/imgs/login-bg.png HTTP/1.1" 304 0 "http://zhao-mi.net:8000/register/basic" "Mozilla/5.0 (Macintosh; Intel Mac OS X 10_11) AppleWebKit/601.1.37 (KHTML, like Gecko) Version/9.0 Safari/601.1.37"
59.66.201.23 - - [22/Jul/2015:23:20:17 +0800] "GET /assets/imgs/icons.png HTTP/1.1" 304 0 "http://zhao-mi.net/" "Mozilla/5.0 (Macintosh; Intel Mac OS X 10_11) AppleWebKit/601.1.37 (KHTML, like Gecko) Version/9.0 Safari/601.1.37"
223.104.3.141 - - [22/Jul/2015:23:20:35 +0800] "GET /lib/es5/es5-shim.min.js?_=1437578427414 HTTP/1.1" 200 16988 "http://zhao-mi.net:8000/search?q=%E7%BE%8E%E9%A3%9F" "Mozilla/5.0 (Macintosh; Intel Mac OS X 10_10_3) AppleWebKit/600.6.3 (KHTML, like Gecko) Version/8.0.6 Safari/600.6.3"
223.104.3.141 - - [22/Jul/2015:23:20:35 +0800] "GET /lib/jquery-qrcode/jquery.qrcode.js?_=1437578427416 HTTP/1.1" 200 30074 "http://zhao-mi.net:8000/search?q=%E7%BE%8E%E9%A3%9F" "Mozilla/5.0 (Macintosh; Intel Mac OS X 10_10_3) AppleWebKit/600.6.3 (KHTML, like Gecko) Version/8.0.6 Safari/600.6.3"
223.104.3.141 - - [22/Jul/2015:23:20:36 +0800] "GET /lib/unslider/unslider.js?_=1437578427417 HTTP/1.1" 200 6749 "http://zhao-mi.net:8000/search?q=%E7%BE%8E%E9%A3%9F" "Mozilla/5.0 (Macintosh; Intel Mac OS X 10_10_3) AppleWebKit/600.6.3 (KHTML, like Gecko) Version/8.0.6 Safari/600.6.3"
223.104.3.141 - - [22/Jul/2015:23:20:37 +0800] "GET /lib/cityselect/jquery.cityselect.js?_=1437578427418 HTTP/1.1" 200 66368 "http://zhao-mi.net:8000/search?q=%E7%BE%8E%E9%A3%9F" "Mozilla/5.0 (Macintosh; Intel Mac OS X 10_10_3) AppleWebKit/600.6.3 (KHTML, like Gecko) Version/8.0.6 Safari/600.6.3"
223.104.3.141 - - [22/Jul/2015:23:20:37 +0800] "GET /build/list.js?_=1437578427419 HTTP/1.1" 200 106881 "http://zhao-mi.net:8000/search?q=%E7%BE%8E%E9%A3%9F" "Mozilla/5.0 (Macintosh; Intel Mac OS X 10_10_3) AppleWebKit/600.6.3 (KHTML, like Gecko) Version/8.0.6 Safari/600.6.3"
223.104.3.141 - - [22/Jul/2015:23:20:37 +0800] "GET /lib/jqueryui/jquery-ui.min.js?_=1437578427415 HTTP/1.1" 200 114661 "http://zhao-mi.net:8000/search?q=%E7%BE%8E%E9%A3%9F" "Mozilla/5.0 (Macintosh; Intel Mac OS X 10_10_3) AppleWebKit/600.6.3 (KHTML, like Gecko) Version/8.0.6 Safari/600.6.3"
223.104.3.141 - - [22/Jul/2015:23:20:38 +0800] "GET /lib/jquery/jquery.min.js?_=1437578427413 HTTP/1.1" 200 103157 "http://zhao-mi.net:8000/search?q=%E7%BE%8E%E9%A3%9F" "Mozilla/5.0 (Macintosh; Intel Mac OS X 10_10_3) AppleWebKit/600.6.3 (KHTML, like Gecko) Version/8.0.6 Safari/600.6.3"
59.66.201.23 - - [22/Jul/2015:23:20:39 +0800] "GET /build/message.js HTTP/1.1" 304 0 "http://zhao-mi.net:8000/user/msg" "Mozilla/5.0 (Macintosh; Intel Mac OS X 10_11) AppleWebKit/601.1.37 (KHTML, like Gecko) Version/9.0 Safari/601.1.37"
59.66.201.23 - - [22/Jul/2015:23:20:40 +0800] "GET /assets/imgs/detail-banner.png HTTP/1.1" 200 425461 "http://zhao-mi.net:8000/user/msg" "Mozilla/5.0 (Macintosh; Intel Mac OS X 10_11) AppleWebKit/601.1.37 (KHTML, like Gecko) Version/9.0 Safari/601.1.37"
223.104.3.141 - - [22/Jul/2015:23:20:51 +0800] "GET /lib/es5/es5-shim.min.js?_=1437578448570 HTTP/1.1" 200 16988 "http://zhao-mi.net:8000/search?q=%E8%AF%95%E9%A9%BE" "Mozilla/5.0 (Macintosh; Intel Mac OS X 10_10_3) AppleWebKit/600.6.3 (KHTML, like Gecko) Version/8.0.6 Safari/600.6.3"
223.104.3.141 - - [22/Jul/2015:23:20:51 +0800] "GET /lib/jquery/jquery.min.js?_=1437578448569 HTTP/1.1" 200 103157 "http://zhao-mi.net:8000/search?q=%E8%AF%95%E9%A9%BE" "Mozilla/5.0 (Macintosh; Intel Mac OS X 10_10_3) AppleWebKit/600.6.3 (KHTML, like Gecko) Version/8.0.6 Safari/600.6.3"
223.104.3.141 - - [22/Jul/2015:23:20:51 +0800] "GET /lib/jquery-qrcode/jquery.qrcode.js?_=1437578448572 HTTP/1.1" 200 30074 "http://zhao-mi.net:8000/search?q=%E8%AF%95%E9%A9%BE" "Mozilla/5.0 (Macintosh; Intel Mac OS X 10_10_3) AppleWebKit/600.6.3 (KHTML, like Gecko) Version/8.0.6 Safari/600.6.3"
223.104.3.141 - - [22/Jul/2015:23:20:51 +0800] "GET /lib/unslider/unslider.js?_=1437578448573 HTTP/1.1" 200 6749 "http://zhao-mi.net:8000/search?q=%E8%AF%95%E9%A9%BE" "Mozilla/5.0 (Macintosh; Intel Mac OS X 10_10_3) AppleWebKit/600.6.3 (KHTML, like Gecko) Version/8.0.6 Safari/600.6.3"
223.104.3.141 - - [22/Jul/2015:23:20:51 +0800] "GET /lib/cityselect/jquery.cityselect.js?_=1437578448574 HTTP/1.1" 200 66368 "http://zhao-mi.net:8000/search?q=%E8%AF%95%E9%A9%BE" "Mozilla/5.0 (Macintosh; Intel Mac OS X 10_10_3) AppleWebKit/600.6.3 (KHTML, like Gecko) Version/8.0.6 Safari/600.6.3"
223.104.3.141 - - [22/Jul/2015:23:20:52 +0800] "GET /lib/jqueryui/jquery-ui.min.js?_=1437578448571 HTTP/1.1" 200 114661 "http://zhao-mi.net:8000/search?q=%E8%AF%95%E9%A9%BE" "Mozilla/5.0 (Macintosh; Intel Mac OS X 10_10_3) AppleWebKit/600.6.3 (KHTML, like Gecko) Version/8.0.6 Safari/600.6.3"
223.104.3.141 - - [22/Jul/2015:23:20:53 +0800] "GET /build/list.js?_=1437578448575 HTTP/1.1" 200 106881 "http://zhao-mi.net:8000/search?q=%E8%AF%95%E9%A9%BE" "Mozilla/5.0 (Macintosh; Intel Mac OS X 10_10_3) AppleWebKit/600.6.3 (KHTML, like Gecko) Version/8.0.6 Safari/600.6.3"
125.118.106.242 - - [22/Jul/2015:23:21:04 +0800] "POST /sendcode HTTP/1.1" 500 9742 "http://zhao-mi.net/register" "Mozilla/5.0 (Macintosh; Intel Mac OS X 10_10_2) AppleWebKit/537.36 (KHTML, like Gecko) Chrome/43.0.2357.134 Safari/537.36"
123.151.42.49 - - [22/Jul/2015:23:21:14 +0800] "GET / HTTP/1.1" 200 2496 "-" "Mozilla/5.0 (Linux; U; Android 4.4.2; zh-cn; H60-L02 Build/HDH60-L02) AppleWebKit/533.1 (KHTML, like Gecko)Version/4.0 MQQBrowser/5.4 TBS/025440 Mobile Safari/533.1 MicroMessenger/6.2.2.54_rec1912d.581 NetType/WIFI Language/zh_CN"
123.151.42.49 - - [22/Jul/2015:23:21:14 +0800] "GET / HTTP/1.1" 200 2496 "-" "Mozilla/5.0 (Linux; U; Android 4.4.2; zh-cn; H60-L02 Build/HDH60-L02) AppleWebKit/533.1 (KHTML, like Gecko)Version/4.0 MQQBrowser/5.4 TBS/025440 Mobile Safari/533.1 MicroMessenger/6.2.2.54_rec1912d.581 NetType/WIFI Language/zh_CN"
123.151.42.49 - - [22/Jul/2015:23:21:14 +0800] "GET / HTTP/1.1" 200 2496 "-" "Mozilla/5.0 (Linux; U; Android 4.4.2; zh-cn; H60-L02 Build/HDH60-L02) AppleWebKit/533.1 (KHTML, like Gecko)Version/4.0 MQQBrowser/5.4 TBS/025440 Mobile Safari/533.1 MicroMessenger/6.2.2.54_rec1912d.581 NetType/WIFI Language/zh_CN"
123.151.42.49 - - [22/Jul/2015:23:21:14 +0800] "GET / HTTP/1.1" 200 2496 "-" "Mozilla/5.0 (Linux; U; Android 4.4.2; zh-cn; H60-L02 Build/HDH60-L02) AppleWebKit/533.1 (KHTML, like Gecko)Version/4.0 MQQBrowser/5.4 TBS/025440 Mobile Safari/533.1 MicroMessenger/6.2.2.54_rec1912d.581 NetType/WIFI Language/zh_CN"
123.151.42.49 - - [22/Jul/2015:23:21:14 +0800] "GET /m/build/list.js HTTP/1.1" 304 0 "http://zhao-mi.net/" "Mozilla/5.0 (Linux; U; Android 4.4.2; zh-cn; H60-L02 Build/HDH60-L02) AppleWebKit/533.1 (KHTML, like Gecko)Version/4.0 MQQBrowser/5.4 TBS/025440 Mobile Safari/533.1 MicroMessenger/6.2.2.54_rec1912d.581 NetType/WIFI Language/zh_CN"
111.194.192.59 - - [22/Jul/2015:23:21:16 +0800] "GET /m/assets/img/icon500x500.png HTTP/1.1" 200 32932 "http://zhao-mi.net/" "Mozilla/5.0 (Linux; U; Android 4.4.2; zh-cn; H60-L02 Build/HDH60-L02) AppleWebKit/533.1 (KHTML, like Gecko)Version/4.0 MQQBrowser/5.4 TBS/025440 Mobile Safari/533.1 MicroMessenger/6.2.2.54_rec1912d.581 NetType/WIFI Language/zh_CN"
111.194.192.59 - - [22/Jul/2015:23:21:18 +0800] "GET /media/posters/2015/7/22/7f70f8b6-e637-449f-a08a-7ad7732831b8.jpg HTTP/1.1" 200 115746 "http://zhao-mi.net/" "Mozilla/5.0 (Linux; U; Android 4.4.2; zh-cn; H60-L02 Build/HDH60-L02) AppleWebKit/533.1 (KHTML, like Gecko)Version/4.0 MQQBrowser/5.4 TBS/025440 Mobile Safari/533.1 MicroMessenger/6.2.2.54_rec1912d.581 NetType/WIFI Language/zh_CN"
111.194.192.59 - - [22/Jul/2015:23:21:18 +0800] "GET /media/posters/2015/7/22/d0e845d5-1631-4a6b-bbeb-16157145fa78.jpg HTTP/1.1" 200 155303 "http://zhao-mi.net/" "Mozilla/5.0 (Linux; U; Android 4.4.2; zh-cn; H60-L02 Build/HDH60-L02) AppleWebKit/533.1 (KHTML, like Gecko)Version/4.0 MQQBrowser/5.4 TBS/025440 Mobile Safari/533.1 MicroMessenger/6.2.2.54_rec1912d.581 NetType/WIFI Language/zh_CN"
111.194.192.59 - - [22/Jul/2015:23:21:24 +0800] "GET /media/homepage_posters/2015/7/22/33140e38-5c5f-46e4-8b4e-9c2c744f1c28.png HTTP/1.1" 200 1344100 "http://zhao-mi.net/" "Mozilla/5.0 (Linux; U; Android 4.4.2; zh-cn; H60-L02 Build/HDH60-L02) AppleWebKit/533.1 (KHTML, like Gecko)Version/4.0 MQQBrowser/5.4 TBS/025440 Mobile Safari/533.1 MicroMessenger/6.2.2.54_rec1912d.581 NetType/WIFI Language/zh_CN"
123.151.42.49 - - [22/Jul/2015:23:21:35 +0800] "GET /action/117/detail HTTP/1.1" 200 2138 "http://zhao-mi.net/" "Mozilla/5.0 (Linux; U; Android 4.4.2; zh-cn; H60-L02 Build/HDH60-L02) AppleWebKit/533.1 (KHTML, like Gecko)Version/4.0 MQQBrowser/5.4 TBS/025440 Mobile Safari/533.1 MicroMessenger/6.2.2.54_rec1912d.581 NetType/WIFI Language/zh_CN"
59.66.201.23 - - [22/Jul/2015:23:21:35 +0800] "GET / HTTP/1.1" 200 2650 "-" "Mozilla/5.0 (Macintosh; Intel Mac OS X 10_11) AppleWebKit/601.1.37 (KHTML, like Gecko) Version/9.0 Safari/601.1.37"
59.66.201.23 - - [22/Jul/2015:23:21:35 +0800] "GET /lib/jqueryui/jquery-ui.css HTTP/1.1" 304 0 "http://zhao-mi.net/" "Mozilla/5.0 (Macintosh; Intel Mac OS X 10_11) AppleWebKit/601.1.37 (KHTML, like Gecko) Version/9.0 Safari/601.1.37"
59.66.201.23 - - [22/Jul/2015:23:21:35 +0800] "GET /lib/unslider/unslider.js HTTP/1.1" 304 0 "http://zhao-mi.net/" "Mozilla/5.0 (Macintosh; Intel Mac OS X 10_11) AppleWebKit/601.1.37 (KHTML, like Gecko) Version/9.0 Safari/601.1.37"
59.66.201.23 - - [22/Jul/2015:23:21:35 +0800] "GET /lib/jquery-qrcode/jquery.qrcode.js HTTP/1.1" 304 0 "http://zhao-mi.net/" "Mozilla/5.0 (Macintosh; Intel Mac OS X 10_11) AppleWebKit/601.1.37 (KHTML, like Gecko) Version/9.0 Safari/601.1.37"
59.66.201.23 - - [22/Jul/2015:23:21:35 +0800] "GET /lib/jqueryui/jquery-ui.min.js HTTP/1.1" 304 0 "http://zhao-mi.net/" "Mozilla/5.0 (Macintosh; Intel Mac OS X 10_11) AppleWebKit/601.1.37 (KHTML, like Gecko) Version/9.0 Safari/601.1.37"
59.66.201.23 - - [22/Jul/2015:23:21:35 +0800] "GET /lib/cityselect/jquery.cityselect.js HTTP/1.1" 304 0 "http://zhao-mi.net/" "Mozilla/5.0 (Macintosh; Intel Mac OS X 10_11) AppleWebKit/601.1.37 (KHTML, like Gecko) Version/9.0 Safari/601.1.37"
59.66.201.23 - - [22/Jul/2015:23:21:35 +0800] "GET /lib/jquery/jquery.min.js HTTP/1.1" 304 0 "http://zhao-mi.net/" "Mozilla/5.0 (Macintosh; Intel Mac OS X 10_11) AppleWebKit/601.1.37 (KHTML, like Gecko) Version/9.0 Safari/601.1.37"
59.66.201.23 - - [22/Jul/2015:23:21:35 +0800] "GET /lib/es5/es5-shim.min.js HTTP/1.1" 304 0 "http://zhao-mi.net/" "Mozilla/5.0 (Macintosh; Intel Mac OS X 10_11) AppleWebKit/601.1.37 (KHTML, like Gecko) Version/9.0 Safari/601.1.37"
59.66.201.23 - - [22/Jul/2015:23:21:35 +0800] "GET /build/list.js HTTP/1.1" 304 0 "http://zhao-mi.net/" "Mozilla/5.0 (Macintosh; Intel Mac OS X 10_11) AppleWebKit/601.1.37 (KHTML, like Gecko) Version/9.0 Safari/601.1.37"
59.66.201.23 - - [22/Jul/2015:23:21:35 +0800] "GET /media/avatars/2015/7/8/c7a1d578-ceac-47d1-bd37-065daa4867c7.png HTTP/1.1" 200 3240 "http://zhao-mi.net/" "Mozilla/5.0 (Macintosh; Intel Mac OS X 10_11) AppleWebKit/601.1.37 (KHTML, like Gecko) Version/9.0 Safari/601.1.37"
59.66.201.23 - - [22/Jul/2015:23:21:35 +0800] "GET /media/posters/2015/7/22/06c0f9f4-d67f-4a16-a79a-b340df6f049d.jpg HTTP/1.1" 304 0 "http://zhao-mi.net/" "Mozilla/5.0 (Macintosh; Intel Mac OS X 10_11) AppleWebKit/601.1.37 (KHTML, like Gecko) Version/9.0 Safari/601.1.37"
59.66.201.23 - - [22/Jul/2015:23:21:35 +0800] "GET /media/homepage_posters/2015/7/22/a1105718-59f1-424c-8baa-b6f947ae4abd.png HTTP/1.1" 304 0 "http://zhao-mi.net/" "Mozilla/5.0 (Macintosh; Intel Mac OS X 10_11) AppleWebKit/601.1.37 (KHTML, like Gecko) Version/9.0 Safari/601.1.37"
59.66.201.23 - - [22/Jul/2015:23:21:35 +0800] "GET /media/posters/2015/7/22/46eede07-25c8-4d67-b68c-4dee8ab1f4ed.jpg HTTP/1.1" 304 0 "http://zhao-mi.net/" "Mozilla/5.0 (Macintosh; Intel Mac OS X 10_11) AppleWebKit/601.1.37 (KHTML, like Gecko) Version/9.0 Safari/601.1.37"
59.66.201.23 - - [22/Jul/2015:23:21:35 +0800] "GET /media/posters/2015/7/22/7f70f8b6-e637-449f-a08a-7ad7732831b8.jpg HTTP/1.1" 304 0 "http://zhao-mi.net/" "Mozilla/5.0 (Macintosh; Intel Mac OS X 10_11) AppleWebKit/601.1.37 (KHTML, like Gecko) Version/9.0 Safari/601.1.37"
59.66.201.23 - - [22/Jul/2015:23:21:35 +0800] "GET /media/posters/2015/7/22/fa36bd49-2fd3-4791-9e70-eedaa2b58444.jpg HTTP/1.1" 304 0 "http://zhao-mi.net/" "Mozilla/5.0 (Macintosh; Intel Mac OS X 10_11) AppleWebKit/601.1.37 (KHTML, like Gecko) Version/9.0 Safari/601.1.37"
59.66.201.23 - - [22/Jul/2015:23:21:35 +0800] "GET /media/posters/2015/7/22/d0e845d5-1631-4a6b-bbeb-16157145fa78.jpg HTTP/1.1" 304 0 "http://zhao-mi.net/" "Mozilla/5.0 (Macintosh; Intel Mac OS X 10_11) AppleWebKit/601.1.37 (KHTML, like Gecko) Version/9.0 Safari/601.1.37"
59.66.201.23 - - [22/Jul/2015:23:21:35 +0800] "GET /media/posters/2015/7/21/d748b848-de5b-467c-8366-ce27c47e10b5.jpg HTTP/1.1" 304 0 "http://zhao-mi.net/" "Mozilla/5.0 (Macintosh; Intel Mac OS X 10_11) AppleWebKit/601.1.37 (KHTML, like Gecko) Version/9.0 Safari/601.1.37"
59.66.201.23 - - [22/Jul/2015:23:21:35 +0800] "GET /assets/imgs/icons.png HTTP/1.1" 304 0 "http://zhao-mi.net/" "Mozilla/5.0 (Macintosh; Intel Mac OS X 10_11) AppleWebKit/601.1.37 (KHTML, like Gecko) Version/9.0 Safari/601.1.37"
59.66.201.23 - - [22/Jul/2015:23:21:35 +0800] "GET /media/homepage_posters/2015/7/22/33140e38-5c5f-46e4-8b4e-9c2c744f1c28.png HTTP/1.1" 304 0 "http://zhao-mi.net/" "Mozilla/5.0 (Macintosh; Intel Mac OS X 10_11) AppleWebKit/601.1.37 (KHTML, like Gecko) Version/9.0 Safari/601.1.37"
59.66.201.23 - - [22/Jul/2015:23:21:36 +0800] "GET /assets/imgs/logo.png HTTP/1.1" 304 0 "http://zhao-mi.net/" "Mozilla/5.0 (Macintosh; Intel Mac OS X 10_11) AppleWebKit/601.1.37 (KHTML, like Gecko) Version/9.0 Safari/601.1.37"
59.66.201.23 - - [22/Jul/2015:23:21:36 +0800] "GET /media/homepage_posters/2015/7/22/3db57517-c6a2-4904-a1f7-dd886edbcbee.png HTTP/1.1" 304 0 "http://zhao-mi.net/" "Mozilla/5.0 (Macintosh; Intel Mac OS X 10_11) AppleWebKit/601.1.37 (KHTML, like Gecko) Version/9.0 Safari/601.1.37"
59.66.201.23 - - [22/Jul/2015:23:21:37 +0800] "GET /lib/jqueryui/jquery-ui.css HTTP/1.1" 304 0 "http://zhaomi.com/" "Mozilla/5.0 (Macintosh; Intel Mac OS X 10_11) AppleWebKit/601.1.37 (KHTML, like Gecko) Version/9.0 Safari/601.1.37"
59.66.201.23 - - [22/Jul/2015:23:21:37 +0800] "GET /lib/es5/es5-shim.min.js HTTP/1.1" 304 0 "http://zhaomi.com/" "Mozilla/5.0 (Macintosh; Intel Mac OS X 10_11) AppleWebKit/601.1.37 (KHTML, like Gecko) Version/9.0 Safari/601.1.37"
59.66.201.23 - - [22/Jul/2015:23:21:37 +0800] "GET /lib/jquery-qrcode/jquery.qrcode.js HTTP/1.1" 304 0 "http://zhaomi.com/" "Mozilla/5.0 (Macintosh; Intel Mac OS X 10_11) AppleWebKit/601.1.37 (KHTML, like Gecko) Version/9.0 Safari/601.1.37"
59.66.201.23 - - [22/Jul/2015:23:21:37 +0800] "GET /lib/jquery/jquery.min.js HTTP/1.1" 200 103157 "http://zhaomi.com/" "Mozilla/5.0 (Macintosh; Intel Mac OS X 10_11) AppleWebKit/601.1.37 (KHTML, like Gecko) Version/9.0 Safari/601.1.37"
59.66.201.23 - - [22/Jul/2015:23:21:37 +0800] "GET /lib/jqueryui/jquery-ui.min.js HTTP/1.1" 200 114661 "http://zhaomi.com/" "Mozilla/5.0 (Macintosh; Intel Mac OS X 10_11) AppleWebKit/601.1.37 (KHTML, like Gecko) Version/9.0 Safari/601.1.37"
59.66.201.23 - - [22/Jul/2015:23:21:38 +0800] "GET /build/list.js HTTP/1.1" 200 83703 "http://zhaomi.com/" "Mozilla/5.0 (Macintosh; Intel Mac OS X 10_11) AppleWebKit/601.1.37 (KHTML, like Gecko) Version/9.0 Safari/601.1.37"
59.66.201.23 - - [22/Jul/2015:23:21:38 +0800] "GET /lib/cityselect/jquery.cityselect.js HTTP/1.1" 200 60536 "http://zhaomi.com/" "Mozilla/5.0 (Macintosh; Intel Mac OS X 10_11) AppleWebKit/601.1.37 (KHTML, like Gecko) Version/9.0 Safari/601.1.37"
59.66.201.23 - - [22/Jul/2015:23:21:38 +0800] "GET / HTTP/1.1" 200 2650 "-" "Mozilla/5.0 (Macintosh; Intel Mac OS X 10_11) AppleWebKit/601.1.37 (KHTML, like Gecko) Version/9.0 Safari/601.1.37"
59.66.201.23 - - [22/Jul/2015:23:21:42 +0800] "GET /mine/start HTTP/1.1" 200 2677 "http://zhao-mi.net/" "Mozilla/5.0 (Macintosh; Intel Mac OS X 10_11) AppleWebKit/601.1.37 (KHTML, like Gecko) Version/9.0 Safari/601.1.37"
59.66.201.23 - - [22/Jul/2015:23:21:43 +0800] "GET /media/posters/2015/7/21/06b9c03a-8df7-43a9-9a5b-5ce7da2aadab.png HTTP/1.1" 200 4862 "http://zhao-mi.net/mine/start" "Mozilla/5.0 (Macintosh; Intel Mac OS X 10_11) AppleWebKit/601.1.37 (KHTML, like Gecko) Version/9.0 Safari/601.1.37"
59.66.201.23 - - [22/Jul/2015:23:21:43 +0800] "GET /static/assets/imgs/detail-banner.png HTTP/1.1" 304 0 "http://zhao-mi.net/mine/start" "Mozilla/5.0 (Macintosh; Intel Mac OS X 10_11) AppleWebKit/601.1.37 (KHTML, like Gecko) Version/9.0 Safari/601.1.37"
59.66.201.23 - - [22/Jul/2015:23:21:43 +0800] "GET /media/posters/2015/7/21/de27f1eb-ba43-4876-8ad8-52f1ccb331ca.jpg HTTP/1.1" 200 248804 "http://zhao-mi.net/mine/start" "Mozilla/5.0 (Macintosh; Intel Mac OS X 10_11) AppleWebKit/601.1.37 (KHTML, like Gecko) Version/9.0 Safari/601.1.37"
59.66.201.23 - - [22/Jul/2015:23:21:43 +0800] "GET /logout HTTP/1.1" 302 5 "http://zhao-mi.net/mine/start" "Mozilla/5.0 (Macintosh; Intel Mac OS X 10_11) AppleWebKit/601.1.37 (KHTML, like Gecko) Version/9.0 Safari/601.1.37"
59.66.201.23 - - [22/Jul/2015:23:21:44 +0800] "GET / HTTP/1.1" 200 2571 "http://zhao-mi.net/mine/start" "Mozilla/5.0 (Macintosh; Intel Mac OS X 10_11) AppleWebKit/601.1.37 (KHTML, like Gecko) Version/9.0 Safari/601.1.37"
59.66.201.23 - - [22/Jul/2015:23:21:45 +0800] "GET /login HTTP/1.1" 200 887 "http://zhao-mi.net/" "Mozilla/5.0 (Macintosh; Intel Mac OS X 10_11) AppleWebKit/601.1.37 (KHTML, like Gecko) Version/9.0 Safari/601.1.37"
59.66.201.23 - - [22/Jul/2015:23:21:45 +0800] "GET /assets/imgs/login-bg.png HTTP/1.1" 304 0 "http://zhao-mi.net/login" "Mozilla/5.0 (Macintosh; Intel Mac OS X 10_11) AppleWebKit/601.1.37 (KHTML, like Gecko) Version/9.0 Safari/601.1.37"
123.151.42.49 - - [22/Jul/2015:23:21:45 +0800] "GET /action/117/detail HTTP/1.1" 200 2138 "http://zhao-mi.net/" "Mozilla/5.0 (Linux; U; Android 4.4.2; zh-cn; H60-L02 Build/HDH60-L02) AppleWebKit/533.1 (KHTML, like Gecko)Version/4.0 MQQBrowser/5.4 TBS/025440 Mobile Safari/533.1 MicroMessenger/6.2.2.54_rec1912d.581 NetType/WIFI Language/zh_CN"
59.66.201.23 - - [22/Jul/2015:23:21:47 +0800] "GET /register/basic HTTP/1.1" 200 909 "http://zhao-mi.net/login" "Mozilla/5.0 (Macintosh; Intel Mac OS X 10_11) AppleWebKit/601.1.37 (KHTML, like Gecko) Version/9.0 Safari/601.1.37"
59.66.201.23 - - [22/Jul/2015:23:21:47 +0800] "GET /build/register.js HTTP/1.1" 304 0 "http://zhao-mi.net/register/basic" "Mozilla/5.0 (Macintosh; Intel Mac OS X 10_11) AppleWebKit/601.1.37 (KHTML, like Gecko) Version/9.0 Safari/601.1.37"
59.66.201.23 - - [22/Jul/2015:23:21:47 +0800] "GET /assets/imgs/login-bg.png HTTP/1.1" 304 0 "http://zhao-mi.net/login" "Mozilla/5.0 (Macintosh; Intel Mac OS X 10_11) AppleWebKit/601.1.37 (KHTML, like Gecko) Version/9.0 Safari/601.1.37"
59.66.201.23 - - [22/Jul/2015:23:21:54 +0800] "POST /register/basic HTTP/1.1" 200 58 "http://zhao-mi.net/register/basic" "Mozilla/5.0 (Macintosh; Intel Mac OS X 10_11) AppleWebKit/601.1.37 (KHTML, like Gecko) Version/9.0 Safari/601.1.37"
59.66.201.23 - - [22/Jul/2015:23:21:56 +0800] "GET /register HTTP/1.1" 200 1320 "http://zhao-mi.net/register/basic" "Mozilla/5.0 (Macintosh; Intel Mac OS X 10_11) AppleWebKit/601.1.37 (KHTML, like Gecko) Version/9.0 Safari/601.1.37"
59.66.201.23 - - [22/Jul/2015:23:21:56 +0800] "GET /build/register.js HTTP/1.1" 304 0 "http://zhao-mi.net/register/basic" "Mozilla/5.0 (Macintosh; Intel Mac OS X 10_11) AppleWebKit/601.1.37 (KHTML, like Gecko) Version/9.0 Safari/601.1.37"
59.66.201.23 - - [22/Jul/2015:23:21:56 +0800] "GET /static/lib/bootstrap/css/bootstrap.min.css HTTP/1.1" 304 0 "http://zhao-mi.net/register" "Mozilla/5.0 (Macintosh; Intel Mac OS X 10_11) AppleWebKit/601.1.37 (KHTML, like Gecko) Version/9.0 Safari/601.1.37"
