59.66.201.23 - - [22/Jul/2015:23:21:56 +0800] "GET /static/assets/imgs/portrait.png HTTP/1.1" 304 0 "http://zhao-mi.net/register" "Mozilla/5.0 (Macintosh; Intel Mac OS X 10_11) AppleWebKit/601.1.37 (KHTML, like Gecko) Version/9.0 Safari/601.1.37"
59.66.201.23 - - [22/Jul/2015:23:21:56 +0800] "GET /static/lib/datepicker/bootstrap-datetimepicker.zh-CN.js HTTP/1.1" 304 0 "http://zhao-mi.net/register" "Mozilla/5.0 (Macintosh; Intel Mac OS X 10_11) AppleWebKit/601.1.37 (KHTML, like Gecko) Version/9.0 Safari/601.1.37"
59.66.201.23 - - [22/Jul/2015:23:21:56 +0800] "GET /static/lib/datepicker/bootstrap-datetimepicker.min.css HTTP/1.1" 304 0 "http://zhao-mi.net/register" "Mozilla/5.0 (Macintosh; Intel Mac OS X 10_11) AppleWebKit/601.1.37 (KHTML, like Gecko) Version/9.0 Safari/601.1.37"
59.66.201.23 - - [22/Jul/2015:23:21:56 +0800] "GET /static/lib/bootstrap/js/bootstrap.min.js HTTP/1.1" 304 0 "http://zhao-mi.net/register" "Mozilla/5.0 (Macintosh; Intel Mac OS X 10_11) AppleWebKit/601.1.37 (KHTML, like Gecko) Version/9.0 Safari/601.1.37"
59.66.201.23 - - [22/Jul/2015:23:21:56 +0800] "GET /static/lib/datepicker/bootstrap-datetimepicker.min.js HTTP/1.1" 304 0 "http://zhao-mi.net/register" "Mozilla/5.0 (Macintosh; Intel Mac OS X 10_11) AppleWebKit/601.1.37 (KHTML, like Gecko) Version/9.0 Safari/601.1.37"
59.66.201.23 - - [22/Jul/2015:23:21:57 +0800] "GET /static/lib/bootstrap/fonts/glyphicons-halflings-regular.woff HTTP/1.1" 304 0 "http://zhao-mi.net/register" "Mozilla/5.0 (Macintosh; Intel Mac OS X 10_11) AppleWebKit/601.1.37 (KHTML, like Gecko) Version/9.0 Safari/601.1.37"
59.66.201.23 - - [22/Jul/2015:23:22:09 +0800] "POST /sendcode HTTP/1.1" 500 9577 "http://zhao-mi.net/register" "Mozilla/5.0 (Macintosh; Intel Mac OS X 10_11) AppleWebKit/601.1.37 (KHTML, like Gecko) Version/9.0 Safari/601.1.37"
59.66.201.23 - - [22/Jul/2015:23:22:44 +0800] "POST /sendcode HTTP/1.1" 200 31 "http://zhao-mi.net/register" "Mozilla/5.0 (Macintosh; Intel Mac OS X 10_11) AppleWebKit/601.1.37 (KHTML, like Gecko) Version/9.0 Safari/601.1.37"
123.151.42.49 - - [22/Jul/2015:23:22:47 +0800] "GET / HTTP/1.1" 200 2496 "-" "Mozilla/5.0 (Linux; U; Android 4.4.2; zh-cn; H60-L02 Build/HDH60-L02) AppleWebKit/533.1 (KHTML, like Gecko)Version/4.0 MQQBrowser/5.4 TBS/025440 Mobile Safari/533.1 MicroMessenger/6.2.2.54_rec1912d.581 NetType/WIFI Language/zh_CN"
123.151.42.49 - - [22/Jul/2015:23:22:49 +0800] "GET /m/lib/jquery/jquery.min.js HTTP/1.1" 200 91548 "http://zhao-mi.net/" "Mozilla/5.0 (Linux; U; Android 4.4.2; zh-cn; H60-L02 Build/HDH60-L02) AppleWebKit/533.1 (KHTML, like Gecko)Version/4.0 MQQBrowser/5.4 TBS/025440 Mobile Safari/533.1 MicroMessenger/6.2.2.54_rec1912d.581 NetType/WIFI Language/zh_CN"
123.151.42.49 - - [22/Jul/2015:23:22:49 +0800] "GET /m/build/list.js HTTP/1.1" 200 130162 "http://zhao-mi.net/" "Mozilla/5.0 (Linux; U; Android 4.4.2; zh-cn; H60-L02 Build/HDH60-L02) AppleWebKit/533.1 (KHTML, like Gecko)Version/4.0 MQQBrowser/5.4 TBS/025440 Mobile Safari/533.1 MicroMessenger/6.2.2.54_rec1912d.581 NetType/WIFI Language/zh_CN"
111.194.192.59 - - [22/Jul/2015:23:22:50 +0800] "GET /m/assets/img/icon500x500.png HTTP/1.1" 200 32932 "http://zhao-mi.net/" "Mozilla/5.0 (Linux; U; Android 4.4.2; zh-cn; H60-L02 Build/HDH60-L02) AppleWebKit/533.1 (KHTML, like Gecko)Version/4.0 MQQBrowser/5.4 TBS/025440 Mobile Safari/533.1 MicroMessenger/6.2.2.54_rec1912d.581 NetType/WIFI Language/zh_CN"
111.194.192.59 - - [22/Jul/2015:23:22:50 +0800] "GET /media/posters/2015/7/22/46eede07-25c8-4d67-b68c-4dee8ab1f4ed.jpg HTTP/1.1" 200 62982 "http://zhao-mi.net/" "Mozilla/5.0 (Linux; U; Android 4.4.2; zh-cn; H60-L02 Build/HDH60-L02) AppleWebKit/533.1 (KHTML, like Gecko)Version/4.0 MQQBrowser/5.4 TBS/025440 Mobile Safari/533.1 MicroMessenger/6.2.2.54_rec1912d.581 NetType/WIFI Language/zh_CN"
111.194.192.59 - - [22/Jul/2015:23:22:51 +0800] "GET /media/posters/2015/7/22/06c0f9f4-d67f-4a16-a79a-b340df6f049d.jpg HTTP/1.1" 200 116198 "http://zhao-mi.net/" "Mozilla/5.0 (Linux; U; Android 4.4.2; zh-cn; H60-L02 Build/HDH60-L02) AppleWebKit/533.1 (KHTML, like Gecko)Version/4.0 MQQBrowser/5.4 TBS/025440 Mobile Safari/533.1 MicroMessenger/6.2.2.54_rec1912d.581 NetType/WIFI Language/zh_CN"
111.194.192.59 - - [22/Jul/2015:23:22:52 +0800] "GET /media/posters/2015/7/22/d0e845d5-1631-4a6b-bbeb-16157145fa78.jpg HTTP/1.1" 200 155303 "http://zhao-mi.net/" "Mozilla/5.0 (Linux; U; Android 4.4.2; zh-cn; H60-L02 Build/HDH60-L02) AppleWebKit/533.1 (KHTML, like Gecko)Version/4.0 MQQBrowser/5.4 TBS/025440 Mobile Safari/533.1 MicroMessenger/6.2.2.54_rec1912d.581 NetType/WIFI Language/zh_CN"
111.194.192.59 - - [22/Jul/2015:23:22:53 +0800] "GET /media/posters/2015/7/22/fa36bd49-2fd3-4791-9e70-eedaa2b58444.jpg HTTP/1.1" 200 126460 "http://zhao-mi.net/" "Mozilla/5.0 (Linux; U; Android 4.4.2; zh-cn; H60-L02 Build/HDH60-L02) AppleWebKit/533.1 (KHTML, like Gecko)Version/4.0 MQQBrowser/5.4 TBS/025440 Mobile Safari/533.1 MicroMessenger/6.2.2.54_rec1912d.581 NetType/WIFI Language/zh_CN"
111.194.192.59 - - [22/Jul/2015:23:22:53 +0800] "GET /media/posters/2015/7/22/7f70f8b6-e637-449f-a08a-7ad7732831b8.jpg HTTP/1.1" 200 81976 "http://zhao-mi.net/" "Mozilla/5.0 (Linux; U; Android 4.4.2; zh-cn; H60-L02 Build/HDH60-L02) AppleWebKit/533.1 (KHTML, like Gecko)Version/4.0 MQQBrowser/5.4 TBS/025440 Mobile Safari/533.1 MicroMessenger/6.2.2.54_rec1912d.581 NetType/WIFI Language/zh_CN"
111.194.192.59 - - [22/Jul/2015:23:22:53 +0800] "GET /media/homepage_posters/2015/7/22/33140e38-5c5f-46e4-8b4e-9c2c744f1c28.png HTTP/1.1" 200 126459 "http://zhao-mi.net/" "Mozilla/5.0 (Linux; U; Android 4.4.2; zh-cn; H60-L02 Build/HDH60-L02) AppleWebKit/533.1 (KHTML, like Gecko)Version/4.0 MQQBrowser/5.4 TBS/025440 Mobile Safari/533.1 MicroMessenger/6.2.2.54_rec1912d.581 NetType/WIFI Language/zh_CN"
111.194.192.59 - - [22/Jul/2015:23:22:53 +0800] "GET /media/homepage_posters/2015/7/22/a1105718-59f1-424c-8baa-b6f947ae4abd.png HTTP/1.1" 200 164203 "http://zhao-mi.net/" "Mozilla/5.0 (Linux; U; Android 4.4.2; zh-cn; H60-L02 Build/HDH60-L02) AppleWebKit/533.1 (KHTML, like Gecko)Version/4.0 MQQBrowser/5.4 TBS/025440 Mobile Safari/533.1 MicroMessenger/6.2.2.54_rec1912d.581 NetType/WIFI Language/zh_CN"
61.49.56.48 - - [22/Jul/2015:23:22:55 +0800] "GET /action/new/create/1 HTTP/1.1" 302 5 "http://zhao-mi.net/" "Mozilla/5.0 (Linux; U; Android 4.4.2; zh-cn; H60-L02 Build/HDH60-L02) AppleWebKit/533.1 (KHTML, like Gecko)Version/4.0 MQQBrowser/5.4 TBS/025440 Mobile Safari/533.1 MicroMessenger/6.2.2.54_rec1912d.581 NetType/WIFI Language/zh_CN"
111.30.132.190 - - [22/Jul/2015:23:22:55 +0800] "GET /login?next=/action/new/create/1 HTTP/1.1" 200 1087 "http://zhao-mi.net/" "Mozilla/5.0 (Linux; U; Android 4.4.2; zh-cn; H60-L02 Build/HDH60-L02) AppleWebKit/533.1 (KHTML, like Gecko)Version/4.0 MQQBrowser/5.4 TBS/025440 Mobile Safari/533.1 MicroMessenger/6.2.2.54_rec1912d.581 NetType/WIFI Language/zh_CN"
123.151.42.49 - - [22/Jul/2015:23:22:55 +0800] "GET /m/lib/jquery-form/jquery.form.js HTTP/1.1" 200 43702 "http://zhao-mi.net/login?next=/action/new/create/1" "Mozilla/5.0 (Linux; U; Android 4.4.2; zh-cn; H60-L02 Build/HDH60-L02) AppleWebKit/533.1 (KHTML, like Gecko)Version/4.0 MQQBrowser/5.4 TBS/025440 Mobile Safari/533.1 MicroMessenger/6.2.2.54_rec1912d.581 NetType/WIFI Language/zh_CN"
123.151.42.49 - - [22/Jul/2015:23:22:56 +0800] "GET /m/build/login.js HTTP/1.1" 200 66360 "http://zhao-mi.net/login?next=/action/new/create/1" "Mozilla/5.0 (Linux; U; Android 4.4.2; zh-cn; H60-L02 Build/HDH60-L02) AppleWebKit/533.1 (KHTML, like Gecko)Version/4.0 MQQBrowser/5.4 TBS/025440 Mobile Safari/533.1 MicroMessenger/6.2.2.54_rec1912d.581 NetType/WIFI Language/zh_CN"
111.194.192.59 - - [22/Jul/2015:23:22:56 +0800] "GET /m/assets/img/login-bg.png HTTP/1.1" 200 146258 "http://zhao-mi.net/login?next=/action/new/create/1" "Mozilla/5.0 (Linux; U; Android 4.4.2; zh-cn; H60-L02 Build/HDH60-L02) AppleWebKit/533.1 (KHTML, like Gecko)Version/4.0 MQQBrowser/5.4 TBS/025440 Mobile Safari/533.1 MicroMessenger/6.2.2.54_rec1912d.581 NetType/WIFI Language/zh_CN"
124.200.136.190 - - [22/Jul/2015:23:23:07 +0800] "GET / HTTP/1.1" 200 2553 "-" "Mozilla/5.0 (iPhone; CPU iPhone OS 8_3 like Mac OS X) AppleWebKit/600.1.4 (KHTML, like Gecko) Mobile/12F70 MicroMessenger/6.1.5 NetType/WIFI"
124.200.136.190 - - [22/Jul/2015:23:23:07 +0800] "GET /m/build/list.js HTTP/1.1" 304 0 "http://zhao-mi.net/" "Mozilla/5.0 (iPhone; CPU iPhone OS 8_3 like Mac OS X) AppleWebKit/600.1.4 (KHTML, like Gecko) Mobile/12F70 MicroMessenger/6.1.5 NetType/WIFI"
124.200.136.190 - - [22/Jul/2015:23:23:07 +0800] "GET /media/posters/2015/7/22/d0e845d5-1631-4a6b-bbeb-16157145fa78.jpg HTTP/1.1" 304 0 "http://zhao-mi.net/" "Mozilla/5.0 (iPhone; CPU iPhone OS 8_3 like Mac OS X) AppleWebKit/600.1.4 (KHTML, like Gecko) Mobile/12F70 MicroMessenger/6.1.5 NetType/WIFI"
124.200.136.190 - - [22/Jul/2015:23:23:07 +0800] "GET /media/posters/2015/7/22/06c0f9f4-d67f-4a16-a79a-b340df6f049d.jpg HTTP/1.1" 304 0 "http://zhao-mi.net/" "Mozilla/5.0 (iPhone; CPU iPhone OS 8_3 like Mac OS X) AppleWebKit/600.1.4 (KHTML, like Gecko) Mobile/12F70 MicroMessenger/6.1.5 NetType/WIFI"
124.200.136.190 - - [22/Jul/2015:23:23:07 +0800] "GET /media/posters/2015/7/22/46eede07-25c8-4d67-b68c-4dee8ab1f4ed.jpg HTTP/1.1" 304 0 "http://zhao-mi.net/" "Mozilla/5.0 (iPhone; CPU iPhone OS 8_3 like Mac OS X) AppleWebKit/600.1.4 (KHTML, like Gecko) Mobile/12F70 MicroMessenger/6.1.5 NetType/WIFI"
124.200.136.190 - - [22/Jul/2015:23:23:11 +0800] "GET /media/posters/2015/7/21/d748b848-de5b-467c-8366-ce27c47e10b5.jpg HTTP/1.1" 200 383767 "http://zhao-mi.net/" "Mozilla/5.0 (iPhone; CPU iPhone OS 8_3 like Mac OS X) AppleWebKit/600.1.4 (KHTML, like Gecko) Mobile/12F70 MicroMessenger/6.1.5 NetType/WIFI"
59.66.201.23 - - [22/Jul/2015:23:23:12 +0800] "GET / HTTP/1.1" 200 2571 "http://zhao-mi.net/register" "Mozilla/5.0 (Macintosh; Intel Mac OS X 10_11) AppleWebKit/601.1.37 (KHTML, like Gecko) Version/9.0 Safari/601.1.37"
111.30.132.190 - - [22/Jul/2015:23:23:16 +0800] "GET /media/posters/2015/7/22/46eede07-25c8-4d67-b68c-4dee8ab1f4ed.jpg HTTP/1.1" 200 62982 "http://zhao-mi.net/" "Mozilla/5.0 (Linux; U; Android 4.4.2; zh-cn; H60-L02 Build/HDH60-L02) AppleWebKit/533.1 (KHTML, like Gecko)Version/4.0 MQQBrowser/5.4 TBS/025440 Mobile Safari/533.1 MicroMessenger/6.2.2.54_rec1912d.581 NetType/WIFI Language/zh_CN"
125.118.106.242 - - [22/Jul/2015:23:23:16 +0800] "POST /sendcode HTTP/1.1" 200 31 "http://zhao-mi.net/register" "Mozilla/5.0 (Macintosh; Intel Mac OS X 10_10_2) AppleWebKit/537.36 (KHTML, like Gecko) Chrome/43.0.2357.134 Safari/537.36"
123.151.42.49 - - [22/Jul/2015:23:23:17 +0800] "GET /media/posters/2015/7/22/06c0f9f4-d67f-4a16-a79a-b340df6f049d.jpg HTTP/1.1" 200 116198 "http://zhao-mi.net/" "Mozilla/5.0 (Linux; U; Android 4.4.2; zh-cn; H60-L02 Build/HDH60-L02) AppleWebKit/533.1 (KHTML, like Gecko)Version/4.0 MQQBrowser/5.4 TBS/025440 Mobile Safari/533.1 MicroMessenger/6.2.2.54_rec1912d.581 NetType/WIFI Language/zh_CN"
111.30.132.190 - - [22/Jul/2015:23:23:17 +0800] "GET /media/posters/2015/7/22/fa36bd49-2fd3-4791-9e70-eedaa2b58444.jpg HTTP/1.1" 200 131457 "http://zhao-mi.net/" "Mozilla/5.0 (Linux; U; Android 4.4.2; zh-cn; H60-L02 Build/HDH60-L02) AppleWebKit/533.1 (KHTML, like Gecko)Version/4.0 MQQBrowser/5.4 TBS/025440 Mobile Safari/533.1 MicroMessenger/6.2.2.54_rec1912d.581 NetType/WIFI Language/zh_CN"
124.200.136.190 - - [22/Jul/2015:23:23:20 +0800] "GET /media/homepage_posters/2015/7/22/a1105718-59f1-424c-8baa-b6f947ae4abd.png HTTP/1.1" 200 1272623 "http://zhao-mi.net/" "Mozilla/5.0 (iPhone; CPU iPhone OS 8_3 like Mac OS X) AppleWebKit/600.1.4 (KHTML, like Gecko) Mobile/12F70 MicroMessenger/6.1.5 NetType/WIFI"
59.66.201.23 - - [22/Jul/2015:23:23:21 +0800] "GET /login HTTP/1.1" 200 887 "http://zhao-mi.net/" "Mozilla/5.0 (Macintosh; Intel Mac OS X 10_11) AppleWebKit/601.1.37 (KHTML, like Gecko) Version/9.0 Safari/601.1.37"
59.66.201.23 - - [22/Jul/2015:23:23:24 +0800] "GET /action/new/create/1 HTTP/1.1" 302 5 "http://zhao-mi.net/" "Mozilla/5.0 (Macintosh; Intel Mac OS X 10_11) AppleWebKit/601.1.37 (KHTML, like Gecko) Version/9.0 Safari/601.1.37"
59.66.201.23 - - [22/Jul/2015:23:23:25 +0800] "GET /login?next=/action/new/create/1 HTTP/1.1" 200 887 "http://zhao-mi.net/" "Mozilla/5.0 (Macintosh; Intel Mac OS X 10_11) AppleWebKit/601.1.37 (KHTML, like Gecko) Version/9.0 Safari/601.1.37"
59.66.201.23 - - [22/Jul/2015:23:23:28 +0800] "GET /search?q=%E6%B5%8B%E8%AF%95 HTTP/1.1" 200 2081 "http://zhao-mi.net/" "Mozilla/5.0 (Macintosh; Intel Mac OS X 10_11) AppleWebKit/601.1.37 (KHTML, like Gecko) Version/9.0 Safari/601.1.37"
124.200.136.190 - - [22/Jul/2015:23:23:29 +0800] "GET /media/homepage_posters/2015/7/22/33140e38-5c5f-46e4-8b4e-9c2c744f1c28.png HTTP/1.1" 200 1344100 "http://zhao-mi.net/" "Mozilla/5.0 (iPhone; CPU iPhone OS 8_3 like Mac OS X) AppleWebKit/600.1.4 (KHTML, like Gecko) Mobile/12F70 MicroMessenger/6.1.5 NetType/WIFI"
59.66.201.23 - - [22/Jul/2015:23:23:30 +0800] "GET /search?q=%E6%B5%8B%E8%AF%95&from=12&size=12&callback=jQuery1113040431918972171843_1437578609268&_=1437578609269 HTTP/1.1" 200 3444 "http://zhao-mi.net/search?q=%E6%B5%8B%E8%AF%95" "Mozilla/5.0 (Macintosh; Intel Mac OS X 10_11) AppleWebKit/601.1.37 (KHTML, like Gecko) Version/9.0 Safari/601.1.37"
59.66.201.23 - - [22/Jul/2015:23:23:32 +0800] "GET /lib/jquery/jquery.min.js?_=1437578609270 HTTP/1.1" 200 103157 "http://zhao-mi.net/search?q=%E6%B5%8B%E8%AF%95" "Mozilla/5.0 (Macintosh; Intel Mac OS X 10_11) AppleWebKit/601.1.37 (KHTML, like Gecko) Version/9.0 Safari/601.1.37"
59.66.201.23 - - [22/Jul/2015:23:23:32 +0800] "GET /lib/es5/es5-shim.min.js?_=1437578609271 HTTP/1.1" 200 16988 "http://zhao-mi.net/search?q=%E6%B5%8B%E8%AF%95" "Mozilla/5.0 (Macintosh; Intel Mac OS X 10_11) AppleWebKit/601.1.37 (KHTML, like Gecko) Version/9.0 Safari/601.1.37"
59.66.201.23 - - [22/Jul/2015:23:23:33 +0800] "GET /lib/jqueryui/jquery-ui.min.js?_=1437578609272 HTTP/1.1" 200 114661 "http://zhao-mi.net/search?q=%E6%B5%8B%E8%AF%95" "Mozilla/5.0 (Macintosh; Intel Mac OS X 10_11) AppleWebKit/601.1.37 (KHTML, like Gecko) Version/9.0 Safari/601.1.37"
59.66.201.23 - - [22/Jul/2015:23:23:33 +0800] "GET /lib/jquery-qrcode/jquery.qrcode.js?_=1437578609273 HTTP/1.1" 200 30074 "http://zhao-mi.net/search?q=%E6%B5%8B%E8%AF%95" "Mozilla/5.0 (Macintosh; Intel Mac OS X 10_11) AppleWebKit/601.1.37 (KHTML, like Gecko) Version/9.0 Safari/601.1.37"
59.66.201.23 - - [22/Jul/2015:23:23:33 +0800] "GET /lib/unslider/unslider.js?_=1437578609274 HTTP/1.1" 200 6749 "http://zhao-mi.net/search?q=%E6%B5%8B%E8%AF%95" "Mozilla/5.0 (Macintosh; Intel Mac OS X 10_11) AppleWebKit/601.1.37 (KHTML, like Gecko) Version/9.0 Safari/601.1.37"
59.66.201.23 - - [22/Jul/2015:23:23:34 +0800] "GET /lib/cityselect/jquery.cityselect.js?_=1437578609275 HTTP/1.1" 200 66368 "http://zhao-mi.net/search?q=%E6%B5%8B%E8%AF%95" "Mozilla/5.0 (Macintosh; Intel Mac OS X 10_11) AppleWebKit/601.1.37 (KHTML, like Gecko) Version/9.0 Safari/601.1.37"
59.66.201.23 - - [22/Jul/2015:23:23:34 +0800] "GET /build/list.js?_=1437578609276 HTTP/1.1" 200 106881 "http://zhao-mi.net/search?q=%E6%B5%8B%E8%AF%95" "Mozilla/5.0 (Macintosh; Intel Mac OS X 10_11) AppleWebKit/601.1.37 (KHTML, like Gecko) Version/9.0 Safari/601.1.37"
59.66.201.23 - - [22/Jul/2015:23:23:35 +0800] "GET /action/117/detail HTTP/1.1" 200 1901 "http://zhao-mi.net/search?q=%E6%B5%8B%E8%AF%95" "Mozilla/5.0 (Macintosh; Intel Mac OS X 10_11) AppleWebKit/601.1.37 (KHTML, like Gecko) Version/9.0 Safari/601.1.37"
59.66.201.23 - - [22/Jul/2015:23:23:35 +0800] "GET /static/assets/imgs/detail-banner.png HTTP/1.1" 304 0 "http://zhao-mi.net/mine/start" "Mozilla/5.0 (Macintosh; Intel Mac OS X 10_11) AppleWebKit/601.1.37 (KHTML, like Gecko) Version/9.0 Safari/601.1.37"
59.66.201.23 - - [22/Jul/2015:23:23:37 +0800] "GET /search?q=%E6%89%BE%E7%B1%B3 HTTP/1.1" 200 1880 "http://zhao-mi.net/action/117/detail" "Mozilla/5.0 (Macintosh; Intel Mac OS X 10_11) AppleWebKit/601.1.37 (KHTML, like Gecko) Version/9.0 Safari/601.1.37"
59.66.201.23 - - [22/Jul/2015:23:23:39 +0800] "GET /search?q=%E6%89%BE%E7%B1%B3&from=12&size=12&callback=jQuery111305088250571861863_1437578617970&_=1437578617971 HTTP/1.1" 200 3443 "http://zhao-mi.net/search?q=%E6%89%BE%E7%B1%B3" "Mozilla/5.0 (Macintosh; Intel Mac OS X 10_11) AppleWebKit/601.1.37 (KHTML, like Gecko) Version/9.0 Safari/601.1.37"
59.66.201.23 - - [22/Jul/2015:23:23:39 +0800] "GET /lib/jquery/jquery.min.js?_=1437578617972 HTTP/1.1" 200 103157 "http://zhao-mi.net/search?q=%E6%89%BE%E7%B1%B3" "Mozilla/5.0 (Macintosh; Intel Mac OS X 10_11) AppleWebKit/601.1.37 (KHTML, like Gecko) Version/9.0 Safari/601.1.37"
59.66.201.23 - - [22/Jul/2015:23:23:40 +0800] "GET /lib/es5/es5-shim.min.js?_=1437578617973 HTTP/1.1" 200 16988 "http://zhao-mi.net/search?q=%E6%89%BE%E7%B1%B3" "Mozilla/5.0 (Macintosh; Intel Mac OS X 10_11) AppleWebKit/601.1.37 (KHTML, like Gecko) Version/9.0 Safari/601.1.37"
59.66.201.23 - - [22/Jul/2015:23:23:40 +0800] "GET /lib/jqueryui/jquery-ui.min.js?_=1437578617974 HTTP/1.1" 200 114661 "http://zhao-mi.net/search?q=%E6%89%BE%E7%B1%B3" "Mozilla/5.0 (Macintosh; Intel Mac OS X 10_11) AppleWebKit/601.1.37 (KHTML, like Gecko) Version/9.0 Safari/601.1.37"
59.66.201.23 - - [22/Jul/2015:23:23:41 +0800] "GET /lib/jquery-qrcode/jquery.qrcode.js?_=1437578617975 HTTP/1.1" 200 30074 "http://zhao-mi.net/search?q=%E6%89%BE%E7%B1%B3" "Mozilla/5.0 (Macintosh; Intel Mac OS X 10_11) AppleWebKit/601.1.37 (KHTML, like Gecko) Version/9.0 Safari/601.1.37"
59.66.201.23 - - [22/Jul/2015:23:23:41 +0800] "GET /lib/unslider/unslider.js?_=1437578617976 HTTP/1.1" 200 6749 "http://zhao-mi.net/search?q=%E6%89%BE%E7%B1%B3" "Mozilla/5.0 (Macintosh; Intel Mac OS X 10_11) AppleWebKit/601.1.37 (KHTML, like Gecko) Version/9.0 Safari/601.1.37"
59.66.201.23 - - [22/Jul/2015:23:23:41 +0800] "GET /lib/cityselect/jquery.cityselect.js?_=1437578617977 HTTP/1.1" 200 66368 "http://zhao-mi.net/search?q=%E6%89%BE%E7%B1%B3" "Mozilla/5.0 (Macintosh; Intel Mac OS X 10_11) AppleWebKit/601.1.37 (KHTML, like Gecko) Version/9.0 Safari/601.1.37"
59.66.201.23 - - [22/Jul/2015:23:23:42 +0800] "GET /build/list.js?_=1437578617978 HTTP/1.1" 200 106881 "http://zhao-mi.net/search?q=%E6%89%BE%E7%B1%B3" "Mozilla/5.0 (Macintosh; Intel Mac OS X 10_11) AppleWebKit/601.1.37 (KHTML, like Gecko) Version/9.0 Safari/601.1.37"
59.66.201.23 - - [22/Jul/2015:23:23:46 +0800] "GET /search?q=%E6%89%BE%E7%B1%B3&type=9 HTTP/1.1" 200 1444 "http://zhao-mi.net/search?q=%E6%89%BE%E7%B1%B3" "Mozilla/5.0 (Macintosh; Intel Mac OS X 10_11) AppleWebKit/601.1.37 (KHTML, like Gecko) Version/9.0 Safari/601.1.37"
59.66.201.23 - - [22/Jul/2015:23:23:47 +0800] "GET /search?q=%E6%89%BE%E7%B1%B3&type=9&from=12&size=12&callback=jQuery111307359186129178852_1437578626207&_=1437578626208 HTTP/1.1" 200 3443 "http://zhao-mi.net/search?q=%E6%89%BE%E7%B1%B3&type=9" "Mozilla/5.0 (Macintosh; Intel Mac OS X 10_11) AppleWebKit/601.1.37 (KHTML, like Gecko) Version/9.0 Safari/601.1.37"
59.66.201.23 - - [22/Jul/2015:23:23:47 +0800] "GET /lib/jquery/jquery.min.js?_=1437578626209 HTTP/1.1" 200 103157 "http://zhao-mi.net/search?q=%E6%89%BE%E7%B1%B3&type=9" "Mozilla/5.0 (Macintosh; Intel Mac OS X 10_11) AppleWebKit/601.1.37 (KHTML, like Gecko) Version/9.0 Safari/601.1.37"
59.66.201.23 - - [22/Jul/2015:23:23:48 +0800] "GET /lib/es5/es5-shim.min.js?_=1437578626210 HTTP/1.1" 200 16988 "http://zhao-mi.net/search?q=%E6%89%BE%E7%B1%B3&type=9" "Mozilla/5.0 (Macintosh; Intel Mac OS X 10_11) AppleWebKit/601.1.37 (KHTML, like Gecko) Version/9.0 Safari/601.1.37"
59.66.201.23 - - [22/Jul/2015:23:23:48 +0800] "GET /lib/jqueryui/jquery-ui.min.js?_=1437578626211 HTTP/1.1" 200 114661 "http://zhao-mi.net/search?q=%E6%89%BE%E7%B1%B3&type=9" "Mozilla/5.0 (Macintosh; Intel Mac OS X 10_11) AppleWebKit/601.1.37 (KHTML, like Gecko) Version/9.0 Safari/601.1.37"
59.66.201.23 - - [22/Jul/2015:23:23:49 +0800] "GET /lib/jquery-qrcode/jquery.qrcode.js?_=1437578626212 HTTP/1.1" 200 30074 "http://zhao-mi.net/search?q=%E6%89%BE%E7%B1%B3&type=9" "Mozilla/5.0 (Macintosh; Intel Mac OS X 10_11) AppleWebKit/601.1.37 (KHTML, like Gecko) Version/9.0 Safari/601.1.37"
59.66.201.23 - - [22/Jul/2015:23:23:49 +0800] "GET /lib/unslider/unslider.js?_=1437578626213 HTTP/1.1" 200 6749 "http://zhao-mi.net/search?q=%E6%89%BE%E7%B1%B3&type=9" "Mozilla/5.0 (Macintosh; Intel Mac OS X 10_11) AppleWebKit/601.1.37 (KHTML, like Gecko) Version/9.0 Safari/601.1.37"
59.66.201.23 - - [22/Jul/2015:23:23:49 +0800] "GET /lib/cityselect/jquery.cityselect.js?_=1437578626214 HTTP/1.1" 200 66368 "http://zhao-mi.net/search?q=%E6%89%BE%E7%B1%B3&type=9" "Mozilla/5.0 (Macintosh; Intel Mac OS X 10_11) AppleWebKit/601.1.37 (KHTML, like Gecko) Version/9.0 Safari/601.1.37"
59.66.201.23 - - [22/Jul/2015:23:23:49 +0800] "GET /build/list.js?_=1437578626215 HTTP/1.1" 200 106881 "http://zhao-mi.net/search?q=%E6%89%BE%E7%B1%B3&type=9" "Mozilla/5.0 (Macintosh; Intel Mac OS X 10_11) AppleWebKit/601.1.37 (KHTML, like Gecko) Version/9.0 Safari/601.1.37"
59.66.201.23 - - [22/Jul/2015:23:23:54 +0800] "GET /search?q=%E6%89%BE%E7%B1%B3&type=4 HTTP/1.1" 200 1445 "http://zhao-mi.net/search?q=%E6%89%BE%E7%B1%B3&type=9" "Mozilla/5.0 (Macintosh; Intel Mac OS X 10_11) AppleWebKit/601.1.37 (KHTML, like Gecko) Version/9.0 Safari/601.1.37"
59.66.201.23 - - [22/Jul/2015:23:23:55 +0800] "GET /search?q=%E6%89%BE%E7%B1%B3&type=4&from=12&size=12&callback=jQuery111309421850487124175_1437578634977&_=1437578634978 HTTP/1.1" 200 3443 "http://zhao-mi.net/search?q=%E6%89%BE%E7%B1%B3&type=4" "Mozilla/5.0 (Macintosh; Intel Mac OS X 10_11) AppleWebKit/601.1.37 (KHTML, like Gecko) Version/9.0 Safari/601.1.37"
59.66.201.23 - - [22/Jul/2015:23:23:56 +0800] "GET /lib/jquery/jquery.min.js?_=1437578634979 HTTP/1.1" 200 103157 "http://zhao-mi.net/search?q=%E6%89%BE%E7%B1%B3&type=4" "Mozilla/5.0 (Macintosh; Intel Mac OS X 10_11) AppleWebKit/601.1.37 (KHTML, like Gecko) Version/9.0 Safari/601.1.37"
59.66.201.23 - - [22/Jul/2015:23:23:56 +0800] "GET /lib/es5/es5-shim.min.js?_=1437578634980 HTTP/1.1" 200 16988 "http://zhao-mi.net/search?q=%E6%89%BE%E7%B1%B3&type=4" "Mozilla/5.0 (Macintosh; Intel Mac OS X 10_11) AppleWebKit/601.1.37 (KHTML, like Gecko) Version/9.0 Safari/601.1.37"
59.66.201.23 - - [22/Jul/2015:23:23:56 +0800] "GET /lib/jqueryui/jquery-ui.min.js?_=1437578634981 HTTP/1.1" 200 114661 "http://zhao-mi.net/search?q=%E6%89%BE%E7%B1%B3&type=4" "Mozilla/5.0 (Macintosh; Intel Mac OS X 10_11) AppleWebKit/601.1.37 (KHTML, like Gecko) Version/9.0 Safari/601.1.37"
59.66.201.23 - - [22/Jul/2015:23:23:57 +0800] "GET /lib/jquery-qrcode/jquery.qrcode.js?_=1437578634982 HTTP/1.1" 200 30074 "http://zhao-mi.net/search?q=%E6%89%BE%E7%B1%B3&type=4" "Mozilla/5.0 (Macintosh; Intel Mac OS X 10_11) AppleWebKit/601.1.37 (KHTML, like Gecko) Version/9.0 Safari/601.1.37"
59.66.201.23 - - [22/Jul/2015:23:23:58 +0800] "GET /lib/unslider/unslider.js?_=1437578634983 HTTP/1.1" 200 6749 "http://zhao-mi.net/search?q=%E6%89%BE%E7%B1%B3&type=4" "Mozilla/5.0 (Macintosh; Intel Mac OS X 10_11) AppleWebKit/601.1.37 (KHTML, like Gecko) Version/9.0 Safari/601.1.37"
125.118.106.242 - - [22/Jul/2015:23:23:58 +0800] "POST /register HTTP/1.1" 200 50 "http://zhao-mi.net/register" "Mozilla/5.0 (Macintosh; Intel Mac OS X 10_10_2) AppleWebKit/537.36 (KHTML, like Gecko) Chrome/43.0.2357.134 Safari/537.36"
59.66.201.23 - - [22/Jul/2015:23:23:58 +0800] "GET /lib/cityselect/jquery.cityselect.js?_=1437578634984 HTTP/1.1" 200 66368 "http://zhao-mi.net/search?q=%E6%89%BE%E7%B1%B3&type=4" "Mozilla/5.0 (Macintosh; Intel Mac OS X 10_11) AppleWebKit/601.1.37 (KHTML, like Gecko) Version/9.0 Safari/601.1.37"
125.118.106.242 - - [22/Jul/2015:23:23:58 +0800] "GET / HTTP/1.1" 200 2567 "http://zhao-mi.net/register" "Mozilla/5.0 (Macintosh; Intel Mac OS X 10_10_2) AppleWebKit/537.36 (KHTML, like Gecko) Chrome/43.0.2357.134 Safari/537.36"
59.66.201.23 - - [22/Jul/2015:23:23:58 +0800] "GET /build/list.js?_=1437578634985 HTTP/1.1" 200 106881 "http://zhao-mi.net/search?q=%E6%89%BE%E7%B1%B3&type=4" "Mozilla/5.0 (Macintosh; Intel Mac OS X 10_11) AppleWebKit/601.1.37 (KHTML, like Gecko) Version/9.0 Safari/601.1.37"
125.118.106.242 - - [22/Jul/2015:23:23:58 +0800] "GET /lib/jqueryui/jquery-ui.css HTTP/1.1" 200 23735 "http://zhao-mi.net/" "Mozilla/5.0 (Macintosh; Intel Mac OS X 10_10_2) AppleWebKit/537.36 (KHTML, like Gecko) Chrome/43.0.2357.134 Safari/537.36"
125.118.106.242 - - [22/Jul/2015:23:23:59 +0800] "GET /lib/es5/es5-shim.min.js HTTP/1.1" 200 16988 "http://zhao-mi.net/" "Mozilla/5.0 (Macintosh; Intel Mac OS X 10_10_2) AppleWebKit/537.36 (KHTML, like Gecko) Chrome/43.0.2357.134 Safari/537.36"
125.118.106.242 - - [22/Jul/2015:23:23:59 +0800] "GET /lib/jquery-qrcode/jquery.qrcode.js HTTP/1.1" 200 30074 "http://zhao-mi.net/" "Mozilla/5.0 (Macintosh; Intel Mac OS X 10_10_2) AppleWebKit/537.36 (KHTML, like Gecko) Chrome/43.0.2357.134 Safari/537.36"
125.118.106.242 - - [22/Jul/2015:23:23:59 +0800] "GET /lib/unslider/unslider.js HTTP/1.1" 200 6749 "http://zhao-mi.net/" "Mozilla/5.0 (Macintosh; Intel Mac OS X 10_10_2) AppleWebKit/537.36 (KHTML, like Gecko) Chrome/43.0.2357.134 Safari/537.36"
59.66.201.23 - - [22/Jul/2015:23:23:59 +0800] "GET /action/117/detail HTTP/1.1" 200 1901 "http://zhao-mi.net/search?q=%E6%89%BE%E7%B1%B3&type=4" "Mozilla/5.0 (Macintosh; Intel Mac OS X 10_11) AppleWebKit/601.1.37 (KHTML, like Gecko) Version/9.0 Safari/601.1.37"
125.118.106.242 - - [22/Jul/2015:23:24:00 +0800] "GET /lib/cityselect/jquery.cityselect.js HTTP/1.1" 200 66368 "http://zhao-mi.net/" "Mozilla/5.0 (Macintosh; Intel Mac OS X 10_10_2) AppleWebKit/537.36 (KHTML, like Gecko) Chrome/43.0.2357.134 Safari/537.36"
125.118.106.242 - - [22/Jul/2015:23:24:00 +0800] "GET /lib/jquery/jquery.min.js HTTP/1.1" 200 103157 "http://zhao-mi.net/" "Mozilla/5.0 (Macintosh; Intel Mac OS X 10_10_2) AppleWebKit/537.36 (KHTML, like Gecko) Chrome/43.0.2357.134 Safari/537.36"
125.118.106.242 - - [22/Jul/2015:23:24:00 +0800] "GET /lib/jqueryui/jquery-ui.min.js HTTP/1.1" 200 114661 "http://zhao-mi.net/" "Mozilla/5.0 (Macintosh; Intel Mac OS X 10_10_2) AppleWebKit/537.36 (KHTML, like Gecko) Chrome/43.0.2357.134 Safari/537.36"
125.118.106.242 - - [22/Jul/2015:23:24:02 +0800] "GET /build/list.js HTTP/1.1" 200 106881 "http://zhao-mi.net/" "Mozilla/5.0 (Macintosh; Intel Mac OS X 10_10_2) AppleWebKit/537.36 (KHTML, like Gecko) Chrome/43.0.2357.134 Safari/537.36"
125.118.106.242 - - [22/Jul/2015:23:24:02 +0800] "GET /lib/es5/es5-shim.map HTTP/1.1" 404 1331 "-" "Mozilla/5.0 (Macintosh; Intel Mac OS X 10_10_2) AppleWebKit/537.36 (KHTML, like Gecko) Chrome/43.0.2357.134 Safari/537.36"
59.66.201.23 - - [22/Jul/2015:23:24:02 +0800] "GET / HTTP/1.1" 200 2571 "http://zhao-mi.net/action/117/detail" "Mozilla/5.0 (Macintosh; Intel Mac OS X 10_11) AppleWebKit/601.1.37 (KHTML, like Gecko) Version/9.0 Safari/601.1.37"
125.118.106.242 - - [22/Jul/2015:23:24:03 +0800] "GET /media/posters/2015/7/22/46eede07-25c8-4d67-b68c-4dee8ab1f4ed.jpg HTTP/1.1" 200 62982 "http://zhao-mi.net/" "Mozilla/5.0 (Macintosh; Intel Mac OS X 10_10_2) AppleWebKit/537.36 (KHTML, like Gecko) Chrome/43.0.2357.134 Safari/537.36"
125.118.106.242 - - [22/Jul/2015:23:24:05 +0800] "GET /media/posters/2015/7/22/06c0f9f4-d67f-4a16-a79a-b340df6f049d.jpg HTTP/1.1" 200 116198 "http://zhao-mi.net/" "Mozilla/5.0 (Macintosh; Intel Mac OS X 10_10_2) AppleWebKit/537.36 (KHTML, like Gecko) Chrome/43.0.2357.134 Safari/537.36"
125.118.106.242 - - [22/Jul/2015:23:24:06 +0800] "GET /assets/imgs/icons.png HTTP/1.1" 200 47268 "http://zhao-mi.net/" "Mozilla/5.0 (Macintosh; Intel Mac OS X 10_10_2) AppleWebKit/537.36 (KHTML, like Gecko) Chrome/43.0.2357.134 Safari/537.36"
125.118.106.242 - - [22/Jul/2015:23:24:06 +0800] "GET /media/posters/2015/7/22/fa36bd49-2fd3-4791-9e70-eedaa2b58444.jpg HTTP/1.1" 200 131457 "http://zhao-mi.net/" "Mozilla/5.0 (Macintosh; Intel Mac OS X 10_10_2) AppleWebKit/537.36 (KHTML, like Gecko) Chrome/43.0.2357.134 Safari/537.36"
125.118.106.242 - - [22/Jul/2015:23:24:07 +0800] "GET /assets/imgs/logo.png HTTP/1.1" 200 1308 "http://zhao-mi.net/" "Mozilla/5.0 (Macintosh; Intel Mac OS X 10_10_2) AppleWebKit/537.36 (KHTML, like Gecko) Chrome/43.0.2357.134 Safari/537.36"
125.118.106.242 - - [22/Jul/2015:23:24:08 +0800] "GET /media/posters/2015/7/22/d0e845d5-1631-4a6b-bbeb-16157145fa78.jpg HTTP/1.1" 200 155303 "http://zhao-mi.net/" "Mozilla/5.0 (Macintosh; Intel Mac OS X 10_10_2) AppleWebKit/537.36 (KHTML, like Gecko) Chrome/43.0.2357.134 Safari/537.36"
125.118.106.242 - - [22/Jul/2015:23:24:09 +0800] "GET /media/posters/2015/7/22/7f70f8b6-e637-449f-a08a-7ad7732831b8.jpg HTTP/1.1" 200 115746 "http://zhao-mi.net/" "Mozilla/5.0 (Macintosh; Intel Mac OS X 10_10_2) AppleWebKit/537.36 (KHTML, like Gecko) Chrome/43.0.2357.134 Safari/537.36"
125.118.106.242 - - [22/Jul/2015:23:24:15 +0800] "GET /media/posters/2015/7/21/d748b848-de5b-467c-8366-ce27c47e10b5.jpg HTTP/1.1" 200 383767 "http://zhao-mi.net/" "Mozilla/5.0 (Macintosh; Intel Mac OS X 10_10_2) AppleWebKit/537.36 (KHTML, like Gecko) Chrome/43.0.2357.134 Safari/537.36"
123.151.42.49 - - [22/Jul/2015:23:24:23 +0800] "GET /action/124/detail HTTP/1.1" 200 1824 "http://zhao-mi.net/" "Mozilla/5.0 (Linux; U; Android 4.4.2; zh-cn; H60-L02 Build/HDH60-L02) AppleWebKit/533.1 (KHTML, like Gecko)Version/4.0 MQQBrowser/5.4 TBS/025440 Mobile Safari/533.1 MicroMessenger/6.2.2.54_rec1912d.581 NetType/WIFI Language/zh_CN"
125.118.106.242 - - [22/Jul/2015:23:24:25 +0800] "GET /media/homepage_posters/2015/7/22/a1105718-59f1-424c-8baa-b6f947ae4abd.png HTTP/1.1" 200 1272623 "http://zhao-mi.net/" "Mozilla/5.0 (Macintosh; Intel Mac OS X 10_10_2) AppleWebKit/537.36 (KHTML, like Gecko) Chrome/43.0.2357.134 Safari/537.36"
125.118.106.242 - - [22/Jul/2015:23:24:29 +0800] "GET /media/homepage_posters/2015/7/22/3db57517-c6a2-4904-a1f7-dd886edbcbee.png HTTP/1.1" 200 1020568 "http://zhao-mi.net/" "Mozilla/5.0 (Macintosh; Intel Mac OS X 10_10_2) AppleWebKit/537.36 (KHTML, like Gecko) Chrome/43.0.2357.134 Safari/537.36"
123.151.42.49 - - [22/Jul/2015:23:24:30 +0800] "GET /lib/jquery-form/jquery.form.js HTTP/1.1" 200 43891 "http://zhao-mi.net/action/124/detail" "Mozilla/5.0 (Linux; U; Android 4.4.2; zh-cn; H60-L02 Build/HDH60-L02) AppleWebKit/533.1 (KHTML, like Gecko)Version/4.0 MQQBrowser/5.4 TBS/025440 Mobile Safari/533.1 MicroMessenger/6.2.2.54_rec1912d.581 NetType/WIFI Language/zh_CN"
123.151.42.49 - - [22/Jul/2015:23:24:34 +0800] "GET /m/build/detail.js HTTP/1.1" 200 106254 "http://zhao-mi.net/action/124/detail" "Mozilla/5.0 (Linux; U; Android 4.4.2; zh-cn; H60-L02 Build/HDH60-L02) AppleWebKit/533.1 (KHTML, like Gecko)Version/4.0 MQQBrowser/5.4 TBS/025440 Mobile Safari/533.1 MicroMessenger/6.2.2.54_rec1912d.581 NetType/WIFI Language/zh_CN"
125.118.106.242 - - [22/Jul/2015:23:24:35 +0800] "GET /media/homepage_posters/2015/7/22/33140e38-5c5f-46e4-8b4e-9c2c744f1c28.png HTTP/1.1" 200 1344100 "http://zhao-mi.net/" "Mozilla/5.0 (Macintosh; Intel Mac OS X 10_10_2) AppleWebKit/537.36 (KHTML, like Gecko) Chrome/43.0.2357.134 Safari/537.36"
111.194.192.59 - - [22/Jul/2015:23:24:36 +0800] "GET /m/build/detail.js HTTP/1.1" 200 106254 "http://zhao-mi.net/action/124/detail" "Mozilla/5.0 (Linux; U; Android 4.4.2; zh-cn; H60-L02 Build/HDH60-L02) AppleWebKit/533.1 (KHTML, like Gecko)Version/4.0 MQQBrowser/5.4 TBS/025440 Mobile Safari/533.1 MicroMessenger/6.2.2.54_rec1912d.581 NetType/WIFI Language/zh_CN"
111.194.192.59 - - [22/Jul/2015:23:24:38 +0800] "GET /lib/jquery-form/jquery.form.js HTTP/1.1" 200 43891 "http://zhao-mi.net/action/124/detail" "Mozilla/5.0 (Linux; U; Android 4.4.2; zh-cn; H60-L02 Build/HDH60-L02) AppleWebKit/533.1 (KHTML, like Gecko)Version/4.0 MQQBrowser/5.4 TBS/025440 Mobile Safari/533.1 MicroMessenger/6.2.2.54_rec1912d.581 NetType/WIFI Language/zh_CN"
111.194.192.59 - - [22/Jul/2015:23:24:39 +0800] "GET /m/modules/detail/img/banner.jpg HTTP/1.1" 200 42830 "http://zhao-mi.net/action/124/detail" "Mozilla/5.0 (Linux; U; Android 4.4.2; zh-cn; H60-L02 Build/HDH60-L02) AppleWebKit/533.1 (KHTML, like Gecko)Version/4.0 MQQBrowser/5.4 TBS/025440 Mobile Safari/533.1 MicroMessenger/6.2.2.54_rec1912d.581 NetType/WIFI Language/zh_CN"
125.118.106.242 - - [22/Jul/2015:23:24:48 +0800] "GET / HTTP/1.1" 200 2567 "http://zhao-mi.net/register" "Mozilla/5.0 (Macintosh; Intel Mac OS X 10_10_2) AppleWebKit/537.36 (KHTML, like Gecko) Chrome/43.0.2357.134 Safari/537.36"
125.118.106.242 - - [22/Jul/2015:23:24:48 +0800] "GET /lib/jquery/jquery.min.js HTTP/1.1" 200 103157 "http://zhao-mi.net/" "Mozilla/5.0 (Macintosh; Intel Mac OS X 10_10_2) AppleWebKit/537.36 (KHTML, like Gecko) Chrome/43.0.2357.134 Safari/537.36"
125.118.106.242 - - [22/Jul/2015:23:24:48 +0800] "GET /lib/jqueryui/jquery-ui.min.js HTTP/1.1" 200 114661 "http://zhao-mi.net/" "Mozilla/5.0 (Macintosh; Intel Mac OS X 10_10_2) AppleWebKit/537.36 (KHTML, like Gecko) Chrome/43.0.2357.134 Safari/537.36"
125.118.106.242 - - [22/Jul/2015:23:24:48 +0800] "GET /lib/es5/es5-shim.min.js HTTP/1.1" 200 16988 "http://zhao-mi.net/" "Mozilla/5.0 (Macintosh; Intel Mac OS X 10_10_2) AppleWebKit/537.36 (KHTML, like Gecko) Chrome/43.0.2357.134 Safari/537.36"
125.118.106.242 - - [22/Jul/2015:23:24:48 +0800] "GET /lib/jquery-qrcode/jquery.qrcode.js HTTP/1.1" 200 30074 "http://zhao-mi.net/" "Mozilla/5.0 (Macintosh; Intel Mac OS X 10_10_2) AppleWebKit/537.36 (KHTML, like Gecko) Chrome/43.0.2357.134 Safari/537.36"
125.118.106.242 - - [22/Jul/2015:23:24:48 +0800] "GET /lib/unslider/unslider.js HTTP/1.1" 200 6749 "http://zhao-mi.net/" "Mozilla/5.0 (Macintosh; Intel Mac OS X 10_10_2) AppleWebKit/537.36 (KHTML, like Gecko) Chrome/43.0.2357.134 Safari/537.36"
125.118.106.242 - - [22/Jul/2015:23:24:48 +0800] "GET /lib/jqueryui/jquery-ui.css HTTP/1.1" 200 23735 "http://zhao-mi.net/" "Mozilla/5.0 (Macintosh; Intel Mac OS X 10_10_2) AppleWebKit/537.36 (KHTML, like Gecko) Chrome/43.0.2357.134 Safari/537.36"
125.118.106.242 - - [22/Jul/2015:23:24:48 +0800] "GET /lib/cityselect/jquery.cityselect.js HTTP/1.1" 200 66368 "http://zhao-mi.net/" "Mozilla/5.0 (Macintosh; Intel Mac OS X 10_10_2) AppleWebKit/537.36 (KHTML, like Gecko) Chrome/43.0.2357.134 Safari/537.36"
125.118.106.242 - - [22/Jul/2015:23:24:49 +0800] "GET /build/list.js HTTP/1.1" 200 106881 "http://zhao-mi.net/" "Mozilla/5.0 (Macintosh; Intel Mac OS X 10_10_2) AppleWebKit/537.36 (KHTML, like Gecko) Chrome/43.0.2357.134 Safari/537.36"
125.118.106.242 - - [22/Jul/2015:23:24:51 +0800] "GET /lib/es5/es5-shim.map HTTP/1.1" 404 1331 "-" "Mozilla/5.0 (Macintosh; Intel Mac OS X 10_10_2) AppleWebKit/537.36 (KHTML, like Gecko) Chrome/43.0.2357.134 Safari/537.36"
125.118.106.242 - - [22/Jul/2015:23:24:52 +0800] "GET /media/posters/2015/7/22/06c0f9f4-d67f-4a16-a79a-b340df6f049d.jpg HTTP/1.1" 200 116198 "http://zhao-mi.net/" "Mozilla/5.0 (Macintosh; Intel Mac OS X 10_10_2) AppleWebKit/537.36 (KHTML, like Gecko) Chrome/43.0.2357.134 Safari/537.36"
125.118.106.242 - - [22/Jul/2015:23:24:52 +0800] "GET /media/posters/2015/7/22/d0e845d5-1631-4a6b-bbeb-16157145fa78.jpg HTTP/1.1" 200 155303 "http://zhao-mi.net/" "Mozilla/5.0 (Macintosh; Intel Mac OS X 10_10_2) AppleWebKit/537.36 (KHTML, like Gecko) Chrome/43.0.2357.134 Safari/537.36"
125.118.106.242 - - [22/Jul/2015:23:24:52 +0800] "GET /media/posters/2015/7/22/fa36bd49-2fd3-4791-9e70-eedaa2b58444.jpg HTTP/1.1" 200 131457 "http://zhao-mi.net/" "Mozilla/5.0 (Macintosh; Intel Mac OS X 10_10_2) AppleWebKit/537.36 (KHTML, like Gecko) Chrome/43.0.2357.134 Safari/537.36"
125.118.106.242 - - [22/Jul/2015:23:24:52 +0800] "GET /media/posters/2015/7/22/46eede07-25c8-4d67-b68c-4dee8ab1f4ed.jpg HTTP/1.1" 200 62982 "http://zhao-mi.net/" "Mozilla/5.0 (Macintosh; Intel Mac OS X 10_10_2) AppleWebKit/537.36 (KHTML, like Gecko) Chrome/43.0.2357.134 Safari/537.36"
125.118.106.242 - - [22/Jul/2015:23:24:52 +0800] "GET /media/posters/2015/7/22/7f70f8b6-e637-449f-a08a-7ad7732831b8.jpg HTTP/1.1" 200 115746 "http://zhao-mi.net/" "Mozilla/5.0 (Macintosh; Intel Mac OS X 10_10_2) AppleWebKit/537.36 (KHTML, like Gecko) Chrome/43.0.2357.134 Safari/537.36"
123.151.42.49 - - [22/Jul/2015:23:24:54 +0800] "GET /action/new/create/1 HTTP/1.1" 302 5 "http://zhao-mi.net/action/124/detail" "Mozilla/5.0 (Linux; U; Android 4.4.2; zh-cn; H60-L02 Build/HDH60-L02) AppleWebKit/533.1 (KHTML, like Gecko)Version/4.0 MQQBrowser/5.4 TBS/025440 Mobile Safari/533.1 MicroMessenger/6.2.2.54_rec1912d.581 NetType/WIFI Language/zh_CN"
125.118.106.242 - - [22/Jul/2015:23:24:55 +0800] "GET /assets/imgs/icons.png HTTP/1.1" 200 47268 "http://zhao-mi.net/" "Mozilla/5.0 (Macintosh; Intel Mac OS X 10_10_2) AppleWebKit/537.36 (KHTML, like Gecko) Chrome/43.0.2357.134 Safari/537.36"
125.118.106.242 - - [22/Jul/2015:23:24:55 +0800] "GET /assets/imgs/logo.png HTTP/1.1" 200 1308 "http://zhao-mi.net/" "Mozilla/5.0 (Macintosh; Intel Mac OS X 10_10_2) AppleWebKit/537.36 (KHTML, like Gecko) Chrome/43.0.2357.134 Safari/537.36"
123.151.42.49 - - [22/Jul/2015:23:24:59 +0800] "GET /login?next=/action/new/create/1 HTTP/1.1" 200 1087 "http://zhao-mi.net/action/124/detail" "Mozilla/5.0 (Linux; U; Android 4.4.2; zh-cn; H60-L02 Build/HDH60-L02) AppleWebKit/533.1 (KHTML, like Gecko)Version/4.0 MQQBrowser/5.4 TBS/025440 Mobile Safari/533.1 MicroMessenger/6.2.2.54_rec1912d.581 NetType/WIFI Language/zh_CN"
125.118.106.242 - - [22/Jul/2015:23:25:04 +0800] "GET /media/posters/2015/7/21/d748b848-de5b-467c-8366-ce27c47e10b5.jpg HTTP/1.1" 200 383767 "http://zhao-mi.net/" "Mozilla/5.0 (Macintosh; Intel Mac OS X 10_10_2) AppleWebKit/537.36 (KHTML, like Gecko) Chrome/43.0.2357.134 Safari/537.36"
123.151.42.49 - - [22/Jul/2015:23:25:04 +0800] "GET /m/lib/jquery-form/jquery.form.js HTTP/1.1" 200 43702 "http://zhao-mi.net/login?next=/action/new/create/1" "Mozilla/5.0 (Linux; U; Android 4.4.2; zh-cn; H60-L02 Build/HDH60-L02) AppleWebKit/533.1 (KHTML, like Gecko)Version/4.0 MQQBrowser/5.4 TBS/025440 Mobile Safari/533.1 MicroMessenger/6.2.2.54_rec1912d.581 NetType/WIFI Language/zh_CN"
123.151.42.49 - - [22/Jul/2015:23:25:12 +0800] "GET /m/build/login.js HTTP/1.1" 200 66360 "http://zhao-mi.net/login?next=/action/new/create/1" "Mozilla/5.0 (Linux; U; Android 4.4.2; zh-cn; H60-L02 Build/HDH60-L02) AppleWebKit/533.1 (KHTML, like Gecko)Version/4.0 MQQBrowser/5.4 TBS/025440 Mobile Safari/533.1 MicroMessenger/6.2.2.54_rec1912d.581 NetType/WIFI Language/zh_CN"
125.118.106.242 - - [22/Jul/2015:23:25:16 +0800] "GET /media/homepage_posters/2015/7/22/a1105718-59f1-424c-8baa-b6f947ae4abd.png HTTP/1.1" 200 1272623 "http://zhao-mi.net/" "Mozilla/5.0 (Macintosh; Intel Mac OS X 10_10_2) AppleWebKit/537.36 (KHTML, like Gecko) Chrome/43.0.2357.134 Safari/537.36"
125.118.106.242 - - [22/Jul/2015:23:25:18 +0800] "GET /media/homepage_posters/2015/7/22/3db57517-c6a2-4904-a1f7-dd886edbcbee.png HTTP/1.1" 200 1020568 "http://zhao-mi.net/" "Mozilla/5.0 (Macintosh; Intel Mac OS X 10_10_2) AppleWebKit/537.36 (KHTML, like Gecko) Chrome/43.0.2357.134 Safari/537.36"
111.194.192.59 - - [22/Jul/2015:23:25:19 +0800] "GET /m/lib/jquery-form/jquery.form.js HTTP/1.1" 200 43702 "http://zhao-mi.net/login?next=/action/new/create/1" "Mozilla/5.0 (Linux; U; Android 4.4.2; zh-cn; H60-L02 Build/HDH60-L02) AppleWebKit/533.1 (KHTML, like Gecko)Version/4.0 MQQBrowser/5.4 TBS/025440 Mobile Safari/533.1 MicroMessenger/6.2.2.54_rec1912d.581 NetType/WIFI Language/zh_CN"
111.194.192.59 - - [22/Jul/2015:23:25:21 +0800] "GET /m/build/login.js HTTP/1.1" 200 66360 "http://zhao-mi.net/login?next=/action/new/create/1" "Mozilla/5.0 (Linux; U; Android 4.4.2; zh-cn; H60-L02 Build/HDH60-L02) AppleWebKit/533.1 (KHTML, like Gecko)Version/4.0 MQQBrowser/5.4 TBS/025440 Mobile Safari/533.1 MicroMessenger/6.2.2.54_rec1912d.581 NetType/WIFI Language/zh_CN"
125.118.106.242 - - [22/Jul/2015:23:25:25 +0800] "GET /media/homepage_posters/2015/7/22/33140e38-5c5f-46e4-8b4e-9c2c744f1c28.png HTTP/1.1" 200 1344100 "http://zhao-mi.net/" "Mozilla/5.0 (Macintosh; Intel Mac OS X 10_10_2) AppleWebKit/537.36 (KHTML, like Gecko) Chrome/43.0.2357.134 Safari/537.36"
125.118.106.242 - - [22/Jul/2015:23:25:27 +0800] "GET /favicon.png HTTP/1.1" 200 1308 "http://zhao-mi.net/" "Mozilla/5.0 (Macintosh; Intel Mac OS X 10_10_2) AppleWebKit/537.36 (KHTML, like Gecko) Chrome/43.0.2357.134 Safari/537.36"
101.226.51.228 - - [22/Jul/2015:23:26:57 +0800] "GET /searchpage HTTP/1.1" 200 1582 "-" "Mozilla/5.0 (Linux; U; Android 4.4.2; zh-cn; GT-I9500 Build/KOT49H) AppleWebKit/537.36 (KHTML, like Gecko)Version/4.0 MQQBrowser/5.0 QQ-Manager Mobile Safari/537.36"
111.30.132.190 - - [22/Jul/2015:23:26:58 +0800] "GET /user/msg HTTP/1.1" 302 5 "http://zhao-mi.net/action/124/detail" "Mozilla/5.0 (Linux; U; Android 4.4.2; zh-cn; H60-L02 Build/HDH60-L02) AppleWebKit/533.1 (KHTML, like Gecko)Version/4.0 MQQBrowser/5.4 TBS/025440 Mobile Safari/533.1 MicroMessenger/6.2.2.54_rec1912d.581 NetType/WIFI Language/zh_CN"
123.151.42.49 - - [22/Jul/2015:23:26:58 +0800] "GET /login?next=/user/msg HTTP/1.1" 200 1087 "http://zhao-mi.net/action/124/detail" "Mozilla/5.0 (Linux; U; Android 4.4.2; zh-cn; H60-L02 Build/HDH60-L02) AppleWebKit/533.1 (KHTML, like Gecko)Version/4.0 MQQBrowser/5.4 TBS/025440 Mobile Safari/533.1 MicroMessenger/6.2.2.54_rec1912d.581 NetType/WIFI Language/zh_CN"
123.151.42.49 - - [22/Jul/2015:23:26:59 +0800] "GET / HTTP/1.1" 200 2496 "http://zhao-mi.net/login?next=/user/msg" "Mozilla/5.0 (Linux; U; Android 4.4.2; zh-cn; H60-L02 Build/HDH60-L02) AppleWebKit/533.1 (KHTML, like Gecko)Version/4.0 MQQBrowser/5.4 TBS/025440 Mobile Safari/533.1 MicroMessenger/6.2.2.54_rec1912d.581 NetType/WIFI Language/zh_CN"
123.151.42.49 - - [22/Jul/2015:23:27:00 +0800] "GET /m/build/list.js HTTP/1.1" 200 130162 "http://zhao-mi.net/" "Mozilla/5.0 (Linux; U; Android 4.4.2; zh-cn; H60-L02 Build/HDH60-L02) AppleWebKit/533.1 (KHTML, like Gecko)Version/4.0 MQQBrowser/5.4 TBS/025440 Mobile Safari/533.1 MicroMessenger/6.2.2.54_rec1912d.581 NetType/WIFI Language/zh_CN"
123.151.42.49 - - [22/Jul/2015:23:27:03 +0800] "GET /action/124/detail HTTP/1.1" 200 1824 "http://zhao-mi.net/" "Mozilla/5.0 (Linux; U; Android 4.4.2; zh-cn; H60-L02 Build/HDH60-L02) AppleWebKit/533.1 (KHTML, like Gecko)Version/4.0 MQQBrowser/5.4 TBS/025440 Mobile Safari/533.1 MicroMessenger/6.2.2.54_rec1912d.581 NetType/WIFI Language/zh_CN"
123.151.42.49 - - [22/Jul/2015:23:27:05 +0800] "GET /user/msg HTTP/1.1" 302 5 "http://zhao-mi.net/action/124/detail" "Mozilla/5.0 (Linux; U; Android 4.4.2; zh-cn; H60-L02 Build/HDH60-L02) AppleWebKit/533.1 (KHTML, like Gecko)Version/4.0 MQQBrowser/5.4 TBS/025440 Mobile Safari/533.1 MicroMessenger/6.2.2.54_rec1912d.581 NetType/WIFI Language/zh_CN"
123.151.42.49 - - [22/Jul/2015:23:27:05 +0800] "GET /login?next=/user/msg HTTP/1.1" 200 1087 "http://zhao-mi.net/action/124/detail" "Mozilla/5.0 (Linux; U; Android 4.4.2; zh-cn; H60-L02 Build/HDH60-L02) AppleWebKit/533.1 (KHTML, like Gecko)Version/4.0 MQQBrowser/5.4 TBS/025440 Mobile Safari/533.1 MicroMessenger/6.2.2.54_rec1912d.581 NetType/WIFI Language/zh_CN"
125.118.106.242 - - [22/Jul/2015:23:27:49 +0800] "GET / HTTP/1.1" 200 2567 "http://zhao-mi.net/register" "Mozilla/5.0 (Macintosh; Intel Mac OS X 10_10_2) AppleWebKit/537.36 (KHTML, like Gecko) Chrome/43.0.2357.134 Safari/537.36"
125.118.106.242 - - [22/Jul/2015:23:27:50 +0800] "GET /lib/jqueryui/jquery-ui.css HTTP/1.1" 200 23735 "http://zhao-mi.net/" "Mozilla/5.0 (Macintosh; Intel Mac OS X 10_10_2) AppleWebKit/537.36 (KHTML, like Gecko) Chrome/43.0.2357.134 Safari/537.36"
125.118.106.242 - - [22/Jul/2015:23:27:50 +0800] "GET /lib/es5/es5-shim.min.js HTTP/1.1" 200 16988 "http://zhao-mi.net/" "Mozilla/5.0 (Macintosh; Intel Mac OS X 10_10_2) AppleWebKit/537.36 (KHTML, like Gecko) Chrome/43.0.2357.134 Safari/537.36"
125.118.106.242 - - [22/Jul/2015:23:27:50 +0800] "GET /lib/jquery-qrcode/jquery.qrcode.js HTTP/1.1" 200 30074 "http://zhao-mi.net/" "Mozilla/5.0 (Macintosh; Intel Mac OS X 10_10_2) AppleWebKit/537.36 (KHTML, like Gecko) Chrome/43.0.2357.134 Safari/537.36"
125.118.106.242 - - [22/Jul/2015:23:27:50 +0800] "GET /lib/unslider/unslider.js HTTP/1.1" 200 6749 "http://zhao-mi.net/" "Mozilla/5.0 (Macintosh; Intel Mac OS X 10_10_2) AppleWebKit/537.36 (KHTML, like Gecko) Chrome/43.0.2357.134 Safari/537.36"
125.118.106.242 - - [22/Jul/2015:23:27:50 +0800] "GET /lib/jquery/jquery.min.js HTTP/1.1" 200 103157 "http://zhao-mi.net/" "Mozilla/5.0 (Macintosh; Intel Mac OS X 10_10_2) AppleWebKit/537.36 (KHTML, like Gecko) Chrome/43.0.2357.134 Safari/537.36"
125.118.106.242 - - [22/Jul/2015:23:27:51 +0800] "GET /lib/jqueryui/jquery-ui.min.js HTTP/1.1" 200 114661 "http://zhao-mi.net/" "Mozilla/5.0 (Macintosh; Intel Mac OS X 10_10_2) AppleWebKit/537.36 (KHTML, like Gecko) Chrome/43.0.2357.134 Safari/537.36"
125.118.106.242 - - [22/Jul/2015:23:27:52 +0800] "GET /build/list.js HTTP/1.1" 200 106881 "http://zhao-mi.net/" "Mozilla/5.0 (Macintosh; Intel Mac OS X 10_10_2) AppleWebKit/537.36 (KHTML, like Gecko) Chrome/43.0.2357.134 Safari/537.36"
125.118.106.242 - - [22/Jul/2015:23:27:53 +0800] "GET /lib/es5/es5-shim.map HTTP/1.1" 404 1331 "-" "Mozilla/5.0 (Macintosh; Intel Mac OS X 10_10_2) AppleWebKit/537.36 (KHTML, like Gecko) Chrome/43.0.2357.134 Safari/537.36"
125.118.106.242 - - [22/Jul/2015:23:27:53 +0800] "GET /lib/cityselect/jquery.cityselect.js HTTP/1.1" 200 66368 "http://zhao-mi.net/" "Mozilla/5.0 (Macintosh; Intel Mac OS X 10_10_2) AppleWebKit/537.36 (KHTML, like Gecko) Chrome/43.0.2357.134 Safari/537.36"
125.118.106.242 - - [22/Jul/2015:23:27:54 +0800] "GET /media/posters/2015/7/22/46eede07-25c8-4d67-b68c-4dee8ab1f4ed.jpg HTTP/1.1" 200 62982 "http://zhao-mi.net/" "Mozilla/5.0 (Macintosh; Intel Mac OS X 10_10_2) AppleWebKit/537.36 (KHTML, like Gecko) Chrome/43.0.2357.134 Safari/537.36"
125.118.106.242 - - [22/Jul/2015:23:27:54 +0800] "GET /media/posters/2015/7/22/d0e845d5-1631-4a6b-bbeb-16157145fa78.jpg HTTP/1.1" 200 155303 "http://zhao-mi.net/" "Mozilla/5.0 (Macintosh; Intel Mac OS X 10_10_2) AppleWebKit/537.36 (KHTML, like Gecko) Chrome/43.0.2357.134 Safari/537.36"
125.118.106.242 - - [22/Jul/2015:23:27:55 +0800] "GET /media/posters/2015/7/22/fa36bd49-2fd3-4791-9e70-eedaa2b58444.jpg HTTP/1.1" 200 131457 "http://zhao-mi.net/" "Mozilla/5.0 (Macintosh; Intel Mac OS X 10_10_2) AppleWebKit/537.36 (KHTML, like Gecko) Chrome/43.0.2357.134 Safari/537.36"
125.118.106.242 - - [22/Jul/2015:23:27:56 +0800] "GET /login HTTP/1.1" 200 881 "http://zhao-mi.net/" "Mozilla/5.0 (Macintosh; Intel Mac OS X 10_10_2) AppleWebKit/537.36 (KHTML, like Gecko) Chrome/43.0.2357.134 Safari/537.36"
125.118.106.242 - - [22/Jul/2015:23:27:57 +0800] "GET /media/posters/2015/7/22/7f70f8b6-e637-449f-a08a-7ad7732831b8.jpg HTTP/1.1" 200 97748 "http://zhao-mi.net/" "Mozilla/5.0 (Macintosh; Intel Mac OS X 10_10_2) AppleWebKit/537.36 (KHTML, like Gecko) Chrome/43.0.2357.134 Safari/537.36"
125.118.106.242 - - [22/Jul/2015:23:27:57 +0800] "GET /media/homepage_posters/2015/7/22/a1105718-59f1-424c-8baa-b6f947ae4abd.png HTTP/1.1" 200 211147 "http://zhao-mi.net/" "Mozilla/5.0 (Macintosh; Intel Mac OS X 10_10_2) AppleWebKit/537.36 (KHTML, like Gecko) Chrome/43.0.2357.134 Safari/537.36"
125.118.106.242 - - [22/Jul/2015:23:27:57 +0800] "GET /media/posters/2015/7/22/06c0f9f4-d67f-4a16-a79a-b340df6f049d.jpg HTTP/1.1" 200 106148 "http://zhao-mi.net/" "Mozilla/5.0 (Macintosh; Intel Mac OS X 10_10_2) AppleWebKit/537.36 (KHTML, like Gecko) Chrome/43.0.2357.134 Safari/537.36"
125.118.106.242 - - [22/Jul/2015:23:27:57 +0800] "GET /lib/jquery/jquery.min.js HTTP/1.1" 200 103157 "http://zhao-mi.net/login" "Mozilla/5.0 (Macintosh; Intel Mac OS X 10_10_2) AppleWebKit/537.36 (KHTML, like Gecko) Chrome/43.0.2357.134 Safari/537.36"
125.118.106.242 - - [22/Jul/2015:23:27:58 +0800] "GET /lib/es5/es5-shim.min.js HTTP/1.1" 200 16988 "http://zhao-mi.net/login" "Mozilla/5.0 (Macintosh; Intel Mac OS X 10_10_2) AppleWebKit/537.36 (KHTML, like Gecko) Chrome/43.0.2357.134 Safari/537.36"
125.118.106.242 - - [22/Jul/2015:23:27:58 +0800] "GET /media/posters/2015/7/22/fa36bd49-2fd3-4791-9e70-eedaa2b58444.jpg HTTP/1.1" 206 1 "-" "Mozilla/5.0 (Macintosh; Intel Mac OS X 10_10_2) AppleWebKit/537.36 (KHTML, like Gecko) Chrome/43.0.2357.134 Safari/537.36"
125.118.106.242 - - [22/Jul/2015:23:27:58 +0800] "GET /media/posters/2015/7/22/7f70f8b6-e637-449f-a08a-7ad7732831b8.jpg HTTP/1.1" 206 1 "-" "Mozilla/5.0 (Macintosh; Intel Mac OS X 10_10_2) AppleWebKit/537.36 (KHTML, like Gecko) Chrome/43.0.2357.134 Safari/537.36"
125.118.106.242 - - [22/Jul/2015:23:27:59 +0800] "GET /media/posters/2015/7/22/d0e845d5-1631-4a6b-bbeb-16157145fa78.jpg HTTP/1.1" 206 1 "-" "Mozilla/5.0 (Macintosh; Intel Mac OS X 10_10_2) AppleWebKit/537.36 (KHTML, like Gecko) Chrome/43.0.2357.134 Safari/537.36"
125.118.106.242 - - [22/Jul/2015:23:27:59 +0800] "GET /lib/jquery-form/jquery.form.js HTTP/1.1" 200 43891 "http://zhao-mi.net/login" "Mozilla/5.0 (Macintosh; Intel Mac OS X 10_10_2) AppleWebKit/537.36 (KHTML, like Gecko) Chrome/43.0.2357.134 Safari/537.36"
125.118.106.242 - - [22/Jul/2015:23:27:59 +0800] "GET /media/posters/2015/7/22/06c0f9f4-d67f-4a16-a79a-b340df6f049d.jpg HTTP/1.1" 206 1 "-" "Mozilla/5.0 (Macintosh; Intel Mac OS X 10_10_2) AppleWebKit/537.36 (KHTML, like Gecko) Chrome/43.0.2357.134 Safari/537.36"
125.118.106.242 - - [22/Jul/2015:23:27:59 +0800] "GET /build/login.js HTTP/1.1" 200 34607 "http://zhao-mi.net/login" "Mozilla/5.0 (Macintosh; Intel Mac OS X 10_10_2) AppleWebKit/537.36 (KHTML, like Gecko) Chrome/43.0.2357.134 Safari/537.36"
125.118.106.242 - - [22/Jul/2015:23:27:59 +0800] "GET /media/posters/2015/7/22/fa36bd49-2fd3-4791-9e70-eedaa2b58444.jpg HTTP/1.1" 206 12709 "-" "Mozilla/5.0 (Macintosh; Intel Mac OS X 10_10_2) AppleWebKit/537.36 (KHTML, like Gecko) Chrome/43.0.2357.134 Safari/537.36"
125.118.106.242 - - [22/Jul/2015:23:27:59 +0800] "GET /media/posters/2015/7/22/d0e845d5-1631-4a6b-bbeb-16157145fa78.jpg HTTP/1.1" 206 155 "-" "Mozilla/5.0 (Macintosh; Intel Mac OS X 10_10_2) AppleWebKit/537.36 (KHTML, like Gecko) Chrome/43.0.2357.134 Safari/537.36"
