125.118.106.242 - - [22/Jul/2015:22:59:44 +0800] "GET /static/lib/bootstrap/js/bootstrap.min.js HTTP/1.1" 200 27726 "http://zhao-mi.net/register" "Mozilla/5.0 (Macintosh; Intel Mac OS X 10_10_2) AppleWebKit/537.36 (KHTML, like Gecko) Chrome/43.0.2357.134 Safari/537.36"
125.118.106.242 - - [22/Jul/2015:22:59:45 +0800] "GET /static/lib/datepicker/bootstrap-datetimepicker.zh-CN.js HTTP/1.1" 200 813 "http://zhao-mi.net/register" "Mozilla/5.0 (Macintosh; Intel Mac OS X 10_10_2) AppleWebKit/537.36 (KHTML, like Gecko) Chrome/43.0.2357.134 Safari/537.36"
125.118.106.242 - - [22/Jul/2015:22:59:45 +0800] "GET /static/lib/bootstrap/css/bootstrap.min.css HTTP/1.1" 200 97339 "http://zhao-mi.net/register" "Mozilla/5.0 (Macintosh; Intel Mac OS X 10_10_2) AppleWebKit/537.36 (KHTML, like Gecko) Chrome/43.0.2357.134 Safari/537.36"
125.118.106.242 - - [22/Jul/2015:22:59:45 +0800] "GET /static/lib/datepicker/bootstrap-datetimepicker.min.js HTTP/1.1" 200 36025 "http://zhao-mi.net/register" "Mozilla/5.0 (Macintosh; Intel Mac OS X 10_10_2) AppleWebKit/537.36 (KHTML, like Gecko) Chrome/43.0.2357.134 Safari/537.36"
125.118.106.242 - - [22/Jul/2015:22:59:46 +0800] "GET /lib/es5/es5-shim.map HTTP/1.1" 404 1331 "-" "Mozilla/5.0 (Macintosh; Intel Mac OS X 10_10_2) AppleWebKit/537.36 (KHTML, like Gecko) Chrome/43.0.2357.134 Safari/537.36"
125.118.106.242 - - [22/Jul/2015:22:59:46 +0800] "GET /assets/imgs/icons.png HTTP/1.1" 200 47268 "http://zhao-mi.net/register" "Mozilla/5.0 (Macintosh; Intel Mac OS X 10_10_2) AppleWebKit/537.36 (KHTML, like Gecko) Chrome/43.0.2357.134 Safari/537.36"
125.118.106.242 - - [22/Jul/2015:22:59:46 +0800] "GET /static/lib/bootstrap/fonts/glyphicons-halflings-regular.woff HTTP/1.1" 200 16448 "http://zhao-mi.net/static/lib/bootstrap/css/bootstrap.min.css" "Mozilla/5.0 (Macintosh; Intel Mac OS X 10_10_2) AppleWebKit/537.36 (KHTML, like Gecko) Chrome/43.0.2357.134 Safari/537.36"
125.118.106.242 - - [22/Jul/2015:22:59:52 +0800] "GET /assets/imgs/login-bg.png HTTP/1.1" 200 974517 "http://zhao-mi.net/register" "Mozilla/5.0 (Macintosh; Intel Mac OS X 10_10_2) AppleWebKit/537.36 (KHTML, like Gecko) Chrome/43.0.2357.134 Safari/537.36"
125.118.106.242 - - [22/Jul/2015:22:59:54 +0800] "GET /favicon.png HTTP/1.1" 200 1308 "http://zhao-mi.net/register" "Mozilla/5.0 (Macintosh; Intel Mac OS X 10_10_2) AppleWebKit/537.36 (KHTML, like Gecko) Chrome/43.0.2357.134 Safari/537.36"
125.118.106.242 - - [22/Jul/2015:22:59:55 +0800] "POST /sendcode HTTP/1.1" 500 9752 "http://zhao-mi.net/register" "Mozilla/5.0 (Macintosh; Intel Mac OS X 10_10_2) AppleWebKit/537.36 (KHTML, like Gecko) Chrome/43.0.2357.134 Safari/537.36"
123.151.42.49 - - [22/Jul/2015:23:00:33 +0800] "GET / HTTP/1.1" 200 2494 "-" "Mozilla/5.0 (Linux; U; Android 4.4.2; zh-cn; H60-L02 Build/HDH60-L02) AppleWebKit/533.1 (KHTML, like Gecko)Version/4.0 MQQBrowser/5.4 TBS/025440 Mobile Safari/533.1 MicroMessenger/6.2.2.54_rec1912d.581 NetType/WIFI Language/zh_CN"
123.151.42.49 - - [22/Jul/2015:23:00:35 +0800] "GET /m/build/list.js HTTP/1.1" 200 130162 "http://zhao-mi.net/" "Mozilla/5.0 (Linux; U; Android 4.4.2; zh-cn; H60-L02 Build/HDH60-L02) AppleWebKit/533.1 (KHTML, like Gecko)Version/4.0 MQQBrowser/5.4 TBS/025440 Mobile Safari/533.1 MicroMessenger/6.2.2.54_rec1912d.581 NetType/WIFI Language/zh_CN"
123.151.42.49 - - [22/Jul/2015:23:00:35 +0800] "GET /m/lib/jquery/jquery.min.js HTTP/1.1" 200 91548 "http://zhao-mi.net/" "Mozilla/5.0 (Linux; U; Android 4.4.2; zh-cn; H60-L02 Build/HDH60-L02) AppleWebKit/533.1 (KHTML, like Gecko)Version/4.0 MQQBrowser/5.4 TBS/025440 Mobile Safari/533.1 MicroMessenger/6.2.2.54_rec1912d.581 NetType/WIFI Language/zh_CN"
111.194.192.59 - - [22/Jul/2015:23:00:36 +0800] "GET /m/assets/img/icon500x500.png HTTP/1.1" 200 32932 "http://zhao-mi.net/" "Mozilla/5.0 (Linux; U; Android 4.4.2; zh-cn; H60-L02 Build/HDH60-L02) AppleWebKit/533.1 (KHTML, like Gecko)Version/4.0 MQQBrowser/5.4 TBS/025440 Mobile Safari/533.1 MicroMessenger/6.2.2.54_rec1912d.581 NetType/WIFI Language/zh_CN"
111.194.192.59 - - [22/Jul/2015:23:00:36 +0800] "GET /media/posters/2015/7/22/7f70f8b6-e637-449f-a08a-7ad7732831b8.jpg HTTP/1.1" 200 115746 "http://zhao-mi.net/" "Mozilla/5.0 (Linux; U; Android 4.4.2; zh-cn; H60-L02 Build/HDH60-L02) AppleWebKit/533.1 (KHTML, like Gecko)Version/4.0 MQQBrowser/5.4 TBS/025440 Mobile Safari/533.1 MicroMessenger/6.2.2.54_rec1912d.581 NetType/WIFI Language/zh_CN"
111.194.192.59 - - [22/Jul/2015:23:00:37 +0800] "GET /media/posters/2015/7/22/06c0f9f4-d67f-4a16-a79a-b340df6f049d.jpg HTTP/1.1" 200 116198 "http://zhao-mi.net/" "Mozilla/5.0 (Linux; U; Android 4.4.2; zh-cn; H60-L02 Build/HDH60-L02) AppleWebKit/533.1 (KHTML, like Gecko)Version/4.0 MQQBrowser/5.4 TBS/025440 Mobile Safari/533.1 MicroMessenger/6.2.2.54_rec1912d.581 NetType/WIFI Language/zh_CN"
111.194.192.59 - - [22/Jul/2015:23:00:39 +0800] "GET /media/posters/2015/7/22/fa36bd49-2fd3-4791-9e70-eedaa2b58444.jpg HTTP/1.1" 200 131457 "http://zhao-mi.net/" "Mozilla/5.0 (Linux; U; Android 4.4.2; zh-cn; H60-L02 Build/HDH60-L02) AppleWebKit/533.1 (KHTML, like Gecko)Version/4.0 MQQBrowser/5.4 TBS/025440 Mobile Safari/533.1 MicroMessenger/6.2.2.54_rec1912d.581 NetType/WIFI Language/zh_CN"
111.194.192.59 - - [22/Jul/2015:23:00:39 +0800] "GET /media/posters/2015/7/22/d0e845d5-1631-4a6b-bbeb-16157145fa78.jpg HTTP/1.1" 200 155303 "http://zhao-mi.net/" "Mozilla/5.0 (Linux; U; Android 4.4.2; zh-cn; H60-L02 Build/HDH60-L02) AppleWebKit/533.1 (KHTML, like Gecko)Version/4.0 MQQBrowser/5.4 TBS/025440 Mobile Safari/533.1 MicroMessenger/6.2.2.54_rec1912d.581 NetType/WIFI Language/zh_CN"
111.194.192.59 - - [22/Jul/2015:23:00:40 +0800] "GET /media/posters/2015/7/22/46eede07-25c8-4d67-b68c-4dee8ab1f4ed.jpg HTTP/1.1" 200 62982 "http://zhao-mi.net/" "Mozilla/5.0 (Linux; U; Android 4.4.2; zh-cn; H60-L02 Build/HDH60-L02) AppleWebKit/533.1 (KHTML, like Gecko)Version/4.0 MQQBrowser/5.4 TBS/025440 Mobile Safari/533.1 MicroMessenger/6.2.2.54_rec1912d.581 NetType/WIFI Language/zh_CN"
111.194.192.59 - - [22/Jul/2015:23:00:43 +0800] "GET /media/posters/2015/7/21/d748b848-de5b-467c-8366-ce27c47e10b5.jpg HTTP/1.1" 200 383767 "http://zhao-mi.net/" "Mozilla/5.0 (Linux; U; Android 4.4.2; zh-cn; H60-L02 Build/HDH60-L02) AppleWebKit/533.1 (KHTML, like Gecko)Version/4.0 MQQBrowser/5.4 TBS/025440 Mobile Safari/533.1 MicroMessenger/6.2.2.54_rec1912d.581 NetType/WIFI Language/zh_CN"
111.194.192.59 - - [22/Jul/2015:23:00:47 +0800] "GET /media/homepage_posters/2015/7/22/33140e38-5c5f-46e4-8b4e-9c2c744f1c28.png HTTP/1.1" 200 573995 "http://zhao-mi.net/" "Mozilla/5.0 (Linux; U; Android 4.4.2; zh-cn; H60-L02 Build/HDH60-L02) AppleWebKit/533.1 (KHTML, like Gecko)Version/4.0 MQQBrowser/5.4 TBS/025440 Mobile Safari/533.1 MicroMessenger/6.2.2.54_rec1912d.581 NetType/WIFI Language/zh_CN"
111.194.192.59 - - [22/Jul/2015:23:00:47 +0800] "GET /media/homepage_posters/2015/7/22/a1105718-59f1-424c-8baa-b6f947ae4abd.png HTTP/1.1" 200 564559 "http://zhao-mi.net/" "Mozilla/5.0 (Linux; U; Android 4.4.2; zh-cn; H60-L02 Build/HDH60-L02) AppleWebKit/533.1 (KHTML, like Gecko)Version/4.0 MQQBrowser/5.4 TBS/025440 Mobile Safari/533.1 MicroMessenger/6.2.2.54_rec1912d.581 NetType/WIFI Language/zh_CN"
123.151.42.49 - - [22/Jul/2015:23:00:49 +0800] "GET /search?loc=%E6%9C%9D%E9%98%B3 HTTP/1.1" 200 1561 "http://zhao-mi.net/" "Mozilla/5.0 (Linux; U; Android 4.4.2; zh-cn; H60-L02 Build/HDH60-L02) AppleWebKit/533.1 (KHTML, like Gecko)Version/4.0 MQQBrowser/5.4 TBS/025440 Mobile Safari/533.1 MicroMessenger/6.2.2.54_rec1912d.581 NetType/WIFI Language/zh_CN"
111.30.132.176 - - [22/Jul/2015:23:00:49 +0800] "GET / HTTP/1.1" 200 2566 "-" "Mozilla/5.0 (Windows; U; Windows NT 5.1; zh-CN; rv:1.9b4) Gecko/2008030317 Firefox/3.0b4"
180.153.214.176 - - [22/Jul/2015:23:00:49 +0800] "GET /action/117/detail HTTP/1.1" 200 10245 "-" "Mozilla/5.0 (Linux; U; Android 4.4.2; zh-cn; GT-I9500 Build/KOT49H) AppleWebKit/537.36 (KHTML, like Gecko)Version/4.0 MQQBrowser/5.0 QQ-Manager Mobile Safari/537.36"
123.151.42.49 - - [22/Jul/2015:23:00:49 +0800] "GET /action/117/detail HTTP/1.1" 200 2140 "http://zhao-mi.net/" "Mozilla/5.0 (Linux; U; Android 4.4.2; zh-cn; H60-L02 Build/HDH60-L02) AppleWebKit/533.1 (KHTML, like Gecko)Version/4.0 MQQBrowser/5.4 TBS/025440 Mobile Safari/533.1 MicroMessenger/6.2.2.54_rec1912d.581 NetType/WIFI Language/zh_CN"
111.161.59.193 - - [22/Jul/2015:23:00:49 +0800] "GET / HTTP/1.1" 200 2570 "-" "Mozilla/5.0 (Windows; U; Windows NT 5.1; zh-CN; rv:1.9b4) Gecko/2008030317 Firefox/3.0b4"
111.161.52.230 - - [22/Jul/2015:23:00:49 +0800] "GET / HTTP/1.1" 200 2569 "-" "Mozilla/5.0 (Windows; U; Windows NT 5.1; zh-CN; rv:1.9b4) Gecko/2008030317 Firefox/3.0b4"
111.30.132.205 - - [22/Jul/2015:23:00:49 +0800] "GET / HTTP/1.1" 200 2567 "-" "Mozilla/5.0 (Windows; U; Windows NT 5.1; zh-CN; rv:1.9b4) Gecko/2008030317 Firefox/3.0b4"
111.194.192.59 - - [22/Jul/2015:23:00:49 +0800] "GET /m/modules/detail/img/banner.jpg HTTP/1.1" 200 42830 "http://zhao-mi.net/action/117/detail" "Mozilla/5.0 (Linux; U; Android 4.4.2; zh-cn; H60-L02 Build/HDH60-L02) AppleWebKit/533.1 (KHTML, like Gecko)Version/4.0 MQQBrowser/5.4 TBS/025440 Mobile Safari/533.1 MicroMessenger/6.2.2.54_rec1912d.581 NetType/WIFI Language/zh_CN"
111.30.132.205 - - [22/Jul/2015:23:00:50 +0800] "GET / HTTP/1.1" 200 2571 "-" "Mozilla/5.0 (Windows; U; Windows NT 5.1; zh-CN; rv:1.9b4) Gecko/2008030317 Firefox/3.0b4"
123.151.42.49 - - [22/Jul/2015:23:00:50 +0800] "GET /lib/jquery-form/jquery.form.js HTTP/1.1" 200 43891 "http://zhao-mi.net/action/117/detail" "Mozilla/5.0 (Linux; U; Android 4.4.2; zh-cn; H60-L02 Build/HDH60-L02) AppleWebKit/533.1 (KHTML, like Gecko)Version/4.0 MQQBrowser/5.4 TBS/025440 Mobile Safari/533.1 MicroMessenger/6.2.2.54_rec1912d.581 NetType/WIFI Language/zh_CN"
111.30.132.158 - - [22/Jul/2015:23:00:50 +0800] "GET / HTTP/1.1" 200 2572 "-" "Mozilla/5.0 (Windows; U; Windows NT 5.1; zh-CN; rv:1.9b4) Gecko/2008030317 Firefox/3.0b4"
125.39.57.37 - - [22/Jul/2015:23:00:50 +0800] "GET / HTTP/1.1" 200 2568 "-" "Mozilla/5.0 (Windows; U; Windows NT 5.1; zh-CN; rv:1.9b4) Gecko/2008030317 Firefox/3.0b4"
61.49.57.55 - - [22/Jul/2015:23:00:51 +0800] "GET / HTTP/1.1" 200 2571 "-" "Mozilla/5.0 (Windows; U; Windows NT 5.1; zh-CN; rv:1.9b4) Gecko/2008030317 Firefox/3.0b4"
123.151.42.49 - - [22/Jul/2015:23:00:51 +0800] "GET /m/build/detail.js HTTP/1.1" 200 106254 "http://zhao-mi.net/action/117/detail" "Mozilla/5.0 (Linux; U; Android 4.4.2; zh-cn; H60-L02 Build/HDH60-L02) AppleWebKit/533.1 (KHTML, like Gecko)Version/4.0 MQQBrowser/5.4 TBS/025440 Mobile Safari/533.1 MicroMessenger/6.2.2.54_rec1912d.581 NetType/WIFI Language/zh_CN"
111.30.131.199 - - [22/Jul/2015:23:00:55 +0800] "GET / HTTP/1.1" 200 2571 "-" "Mozilla/5.0 (Windows; U; Windows NT 5.1; zh-CN; rv:1.9b4) Gecko/2008030317 Firefox/3.0b4"
111.30.131.199 - - [22/Jul/2015:23:00:55 +0800] "GET / HTTP/1.1" 200 2571 "-" "Mozilla/5.0 (Windows; U; Windows NT 5.1; zh-CN; rv:1.9b4) Gecko/2008030317 Firefox/3.0b4"
111.30.132.190 - - [22/Jul/2015:23:00:56 +0800] "GET / HTTP/1.1" 200 2570 "-" "Mozilla/5.0 (Windows; U; Windows NT 5.1; zh-CN; rv:1.9b4) Gecko/2008030317 Firefox/3.0b4"
123.151.42.49 - - [22/Jul/2015:23:01:01 +0800] "GET /media/posters/2015/7/21/d748b848-de5b-467c-8366-ce27c47e10b5.jpg HTTP/1.1" 200 383767 "http://zhao-mi.net/" "Mozilla/5.0 (Linux; U; Android 4.4.2; zh-cn; H60-L02 Build/HDH60-L02) AppleWebKit/533.1 (KHTML, like Gecko)Version/4.0 MQQBrowser/5.4 TBS/025440 Mobile Safari/533.1 MicroMessenger/6.2.2.54_rec1912d.581 NetType/WIFI Language/zh_CN"
123.151.42.49 - - [22/Jul/2015:23:01:07 +0800] "GET /media/homepage_posters/2015/7/22/a1105718-59f1-424c-8baa-b6f947ae4abd.png HTTP/1.1" 200 1272623 "http://zhao-mi.net/" "Mozilla/5.0 (Linux; U; Android 4.4.2; zh-cn; H60-L02 Build/HDH60-L02) AppleWebKit/533.1 (KHTML, like Gecko)Version/4.0 MQQBrowser/5.4 TBS/025440 Mobile Safari/533.1 MicroMessenger/6.2.2.54_rec1912d.581 NetType/WIFI Language/zh_CN"
123.151.42.49 - - [22/Jul/2015:23:01:09 +0800] "GET /media/homepage_posters/2015/7/22/33140e38-5c5f-46e4-8b4e-9c2c744f1c28.png HTTP/1.1" 200 1344100 "http://zhao-mi.net/" "Mozilla/5.0 (Linux; U; Android 4.4.2; zh-cn; H60-L02 Build/HDH60-L02) AppleWebKit/533.1 (KHTML, like Gecko)Version/4.0 MQQBrowser/5.4 TBS/025440 Mobile Safari/533.1 MicroMessenger/6.2.2.54_rec1912d.581 NetType/WIFI Language/zh_CN"
123.151.42.49 - - [22/Jul/2015:23:01:26 +0800] "GET /media/homepage_posters/2015/7/22/a1105718-59f1-424c-8baa-b6f947ae4abd.png HTTP/1.1" 200 1272623 "http://zhao-mi.net/" "Mozilla/5.0 (Linux; U; Android 4.4.2; zh-cn; H60-L02 Build/HDH60-L02) AppleWebKit/533.1 (KHTML, like Gecko)Version/4.0 MQQBrowser/5.4 TBS/025440 Mobile Safari/533.1 MicroMessenger/6.2.2.54_rec1912d.581 NetType/WIFI Language/zh_CN"
123.151.42.49 - - [22/Jul/2015:23:01:27 +0800] "GET /media/homepage_posters/2015/7/22/33140e38-5c5f-46e4-8b4e-9c2c744f1c28.png HTTP/1.1" 200 1344100 "http://zhao-mi.net/" "Mozilla/5.0 (Linux; U; Android 4.4.2; zh-cn; H60-L02 Build/HDH60-L02) AppleWebKit/533.1 (KHTML, like Gecko)Version/4.0 MQQBrowser/5.4 TBS/025440 Mobile Safari/533.1 MicroMessenger/6.2.2.54_rec1912d.581 NetType/WIFI Language/zh_CN"
223.104.3.141 - - [22/Jul/2015:23:04:11 +0800] "GET /action/undefined?code=undefined HTTP/1.1" 404 1573 "-" "Mozilla/5.0 (iPhone; CPU iPhone OS 8_4 like Mac OS X) AppleWebKit/600.1.4 (KHTML, like Gecko) Mobile/12H143 Weibo (iPhone7,2__weibo__5.3.0__iphone__os8.4)"
123.151.42.49 - - [22/Jul/2015:23:04:53 +0800] "GET / HTTP/1.1" 200 2496 "-" "Mozilla/5.0 (Linux; U; Android 4.4.2; zh-cn; H60-L02 Build/HDH60-L02) AppleWebKit/533.1 (KHTML, like Gecko)Version/4.0 MQQBrowser/5.4 TBS/025440 Mobile Safari/533.1 MicroMessenger/6.2.2.54_rec1912d.581 NetType/WIFI Language/zh_CN"
123.151.42.49 - - [22/Jul/2015:23:04:54 +0800] "GET /m/lib/jquery/jquery.min.js HTTP/1.1" 200 91548 "http://zhao-mi.net/" "Mozilla/5.0 (Linux; U; Android 4.4.2; zh-cn; H60-L02 Build/HDH60-L02) AppleWebKit/533.1 (KHTML, like Gecko)Version/4.0 MQQBrowser/5.4 TBS/025440 Mobile Safari/533.1 MicroMessenger/6.2.2.54_rec1912d.581 NetType/WIFI Language/zh_CN"
123.151.42.49 - - [22/Jul/2015:23:04:55 +0800] "GET /m/build/list.js HTTP/1.1" 200 130162 "http://zhao-mi.net/" "Mozilla/5.0 (Linux; U; Android 4.4.2; zh-cn; H60-L02 Build/HDH60-L02) AppleWebKit/533.1 (KHTML, like Gecko)Version/4.0 MQQBrowser/5.4 TBS/025440 Mobile Safari/533.1 MicroMessenger/6.2.2.54_rec1912d.581 NetType/WIFI Language/zh_CN"
111.194.192.59 - - [22/Jul/2015:23:05:01 +0800] "GET /media/posters/2015/7/21/d748b848-de5b-467c-8366-ce27c47e10b5.jpg HTTP/1.1" 200 383767 "http://zhao-mi.net/" "Mozilla/5.0 (Linux; U; Android 4.4.2; zh-cn; H60-L02 Build/HDH60-L02) AppleWebKit/533.1 (KHTML, like Gecko)Version/4.0 MQQBrowser/5.4 TBS/025440 Mobile Safari/533.1 MicroMessenger/6.2.2.54_rec1912d.581 NetType/WIFI Language/zh_CN"
111.194.192.59 - - [22/Jul/2015:23:05:03 +0800] "GET /media/homepage_posters/2015/7/22/a1105718-59f1-424c-8baa-b6f947ae4abd.png HTTP/1.1" 200 909647 "http://zhao-mi.net/" "Mozilla/5.0 (Linux; U; Android 4.4.2; zh-cn; H60-L02 Build/HDH60-L02) AppleWebKit/533.1 (KHTML, like Gecko)Version/4.0 MQQBrowser/5.4 TBS/025440 Mobile Safari/533.1 MicroMessenger/6.2.2.54_rec1912d.581 NetType/WIFI Language/zh_CN"
111.194.192.59 - - [22/Jul/2015:23:05:03 +0800] "GET /media/homepage_posters/2015/7/22/33140e38-5c5f-46e4-8b4e-9c2c744f1c28.png HTTP/1.1" 200 449979 "http://zhao-mi.net/" "Mozilla/5.0 (Linux; U; Android 4.4.2; zh-cn; H60-L02 Build/HDH60-L02) AppleWebKit/533.1 (KHTML, like Gecko)Version/4.0 MQQBrowser/5.4 TBS/025440 Mobile Safari/533.1 MicroMessenger/6.2.2.54_rec1912d.581 NetType/WIFI Language/zh_CN"
123.151.42.49 - - [22/Jul/2015:23:05:05 +0800] "GET /searchpage HTTP/1.1" 200 731 "http://zhao-mi.net/" "Mozilla/5.0 (Linux; U; Android 4.4.2; zh-cn; H60-L02 Build/HDH60-L02) AppleWebKit/533.1 (KHTML, like Gecko)Version/4.0 MQQBrowser/5.4 TBS/025440 Mobile Safari/533.1 MicroMessenger/6.2.2.54_rec1912d.581 NetType/WIFI Language/zh_CN"
123.151.42.49 - - [22/Jul/2015:23:05:06 +0800] "GET /searchpage HTTP/1.1" 200 731 "http://zhao-mi.net/" "Mozilla/5.0 (Linux; U; Android 4.4.2; zh-cn; H60-L02 Build/HDH60-L02) AppleWebKit/533.1 (KHTML, like Gecko)Version/4.0 MQQBrowser/5.4 TBS/025440 Mobile Safari/533.1 MicroMessenger/6.2.2.54_rec1912d.581 NetType/WIFI Language/zh_CN"
123.151.42.49 - - [22/Jul/2015:23:05:06 +0800] "GET /m/build/search.js HTTP/1.1" 200 51583 "http://zhao-mi.net/searchpage" "Mozilla/5.0 (Linux; U; Android 4.4.2; zh-cn; H60-L02 Build/HDH60-L02) AppleWebKit/533.1 (KHTML, like Gecko)Version/4.0 MQQBrowser/5.4 TBS/025440 Mobile Safari/533.1 MicroMessenger/6.2.2.54_rec1912d.581 NetType/WIFI Language/zh_CN"
123.151.42.49 - - [22/Jul/2015:23:08:12 +0800] "GET / HTTP/1.1" 200 2496 "-" "Mozilla/5.0 (Linux; U; Android 4.4.2; zh-cn; H60-L02 Build/HDH60-L02) AppleWebKit/533.1 (KHTML, like Gecko)Version/4.0 MQQBrowser/5.4 TBS/025440 Mobile Safari/533.1 MicroMessenger/6.2.2.54_rec1912d.581 NetType/WIFI Language/zh_CN"
111.194.192.59 - - [22/Jul/2015:23:08:18 +0800] "GET /media/posters/2015/7/21/d748b848-de5b-467c-8366-ce27c47e10b5.jpg HTTP/1.1" 200 383767 "http://zhao-mi.net/" "Mozilla/5.0 (Linux; U; Android 4.4.2; zh-cn; H60-L02 Build/HDH60-L02) AppleWebKit/533.1 (KHTML, like Gecko)Version/4.0 MQQBrowser/5.4 TBS/025440 Mobile Safari/533.1 MicroMessenger/6.2.2.54_rec1912d.581 NetType/WIFI Language/zh_CN"
111.194.192.59 - - [22/Jul/2015:23:08:28 +0800] "GET /media/homepage_posters/2015/7/22/a1105718-59f1-424c-8baa-b6f947ae4abd.png HTTP/1.1" 200 1183291 "http://zhao-mi.net/" "Mozilla/5.0 (Linux; U; Android 4.4.2; zh-cn; H60-L02 Build/HDH60-L02) AppleWebKit/533.1 (KHTML, like Gecko)Version/4.0 MQQBrowser/5.4 TBS/025440 Mobile Safari/533.1 MicroMessenger/6.2.2.54_rec1912d.581 NetType/WIFI Language/zh_CN"
111.194.192.59 - - [22/Jul/2015:23:08:28 +0800] "GET /media/homepage_posters/2015/7/22/33140e38-5c5f-46e4-8b4e-9c2c744f1c28.png HTTP/1.1" 200 1102411 "http://zhao-mi.net/" "Mozilla/5.0 (Linux; U; Android 4.4.2; zh-cn; H60-L02 Build/HDH60-L02) AppleWebKit/533.1 (KHTML, like Gecko)Version/4.0 MQQBrowser/5.4 TBS/025440 Mobile Safari/533.1 MicroMessenger/6.2.2.54_rec1912d.581 NetType/WIFI Language/zh_CN"
123.151.42.49 - - [22/Jul/2015:23:08:30 +0800] "GET /search?loc=%E4%B8%9C%E5%9F%8E HTTP/1.1" 200 1564 "http://zhao-mi.net/" "Mozilla/5.0 (Linux; U; Android 4.4.2; zh-cn; H60-L02 Build/HDH60-L02) AppleWebKit/533.1 (KHTML, like Gecko)Version/4.0 MQQBrowser/5.4 TBS/025440 Mobile Safari/533.1 MicroMessenger/6.2.2.54_rec1912d.581 NetType/WIFI Language/zh_CN"
111.194.192.59 - - [22/Jul/2015:23:08:33 +0800] "GET /media/homepage_posters/2015/7/22/33140e38-5c5f-46e4-8b4e-9c2c744f1c28.png HTTP/1.1" 200 195207 "http://zhao-mi.net/search?loc=%E4%B8%9C%E5%9F%8E" "Mozilla/5.0 (Linux; U; Android 4.4.2; zh-cn; H60-L02 Build/HDH60-L02) AppleWebKit/533.1 (KHTML, like Gecko)Version/4.0 MQQBrowser/5.4 TBS/025440 Mobile Safari/533.1 MicroMessenger/6.2.2.54_rec1912d.581 NetType/WIFI Language/zh_CN"
111.194.192.59 - - [22/Jul/2015:23:08:33 +0800] "GET /media/homepage_posters/2015/7/22/a1105718-59f1-424c-8baa-b6f947ae4abd.png HTTP/1.1" 200 398755 "http://zhao-mi.net/search?loc=%E4%B8%9C%E5%9F%8E" "Mozilla/5.0 (Linux; U; Android 4.4.2; zh-cn; H60-L02 Build/HDH60-L02) AppleWebKit/533.1 (KHTML, like Gecko)Version/4.0 MQQBrowser/5.4 TBS/025440 Mobile Safari/533.1 MicroMessenger/6.2.2.54_rec1912d.581 NetType/WIFI Language/zh_CN"
123.151.42.49 - - [22/Jul/2015:23:08:34 +0800] "GET /searchpage HTTP/1.1" 200 731 "http://zhao-mi.net/search?loc=%E4%B8%9C%E5%9F%8E" "Mozilla/5.0 (Linux; U; Android 4.4.2; zh-cn; H60-L02 Build/HDH60-L02) AppleWebKit/533.1 (KHTML, like Gecko)Version/4.0 MQQBrowser/5.4 TBS/025440 Mobile Safari/533.1 MicroMessenger/6.2.2.54_rec1912d.581 NetType/WIFI Language/zh_CN"
123.151.42.49 - - [22/Jul/2015:23:08:50 +0800] "GET / HTTP/1.1" 200 2496 "-" "Mozilla/5.0 (Linux; U; Android 4.4.2; zh-cn; H60-L02 Build/HDH60-L02) AppleWebKit/533.1 (KHTML, like Gecko)Version/4.0 MQQBrowser/5.4 TBS/025440 Mobile Safari/533.1 MicroMessenger/6.2.2.54_rec1912d.581 NetType/WIFI Language/zh_CN"
111.194.192.59 - - [22/Jul/2015:23:09:04 +0800] "GET /media/homepage_posters/2015/7/22/a1105718-59f1-424c-8baa-b6f947ae4abd.png HTTP/1.1" 200 1272623 "http://zhao-mi.net/" "Mozilla/5.0 (Linux; U; Android 4.4.2; zh-cn; H60-L02 Build/HDH60-L02) AppleWebKit/533.1 (KHTML, like Gecko)Version/4.0 MQQBrowser/5.4 TBS/025440 Mobile Safari/533.1 MicroMessenger/6.2.2.54_rec1912d.581 NetType/WIFI Language/zh_CN"
111.194.192.59 - - [22/Jul/2015:23:09:07 +0800] "GET /media/homepage_posters/2015/7/22/33140e38-5c5f-46e4-8b4e-9c2c744f1c28.png HTTP/1.1" 200 1344100 "http://zhao-mi.net/" "Mozilla/5.0 (Linux; U; Android 4.4.2; zh-cn; H60-L02 Build/HDH60-L02) AppleWebKit/533.1 (KHTML, like Gecko)Version/4.0 MQQBrowser/5.4 TBS/025440 Mobile Safari/533.1 MicroMessenger/6.2.2.54_rec1912d.581 NetType/WIFI Language/zh_CN"
123.151.42.49 - - [22/Jul/2015:23:09:11 +0800] "GET /action/124/detail HTTP/1.1" 200 1824 "http://zhao-mi.net/" "Mozilla/5.0 (Linux; U; Android 4.4.2; zh-cn; H60-L02 Build/HDH60-L02) AppleWebKit/533.1 (KHTML, like Gecko)Version/4.0 MQQBrowser/5.4 TBS/025440 Mobile Safari/533.1 MicroMessenger/6.2.2.54_rec1912d.581 NetType/WIFI Language/zh_CN"
101.226.65.102 - - [22/Jul/2015:23:09:11 +0800] "GET /action/124/detail HTTP/1.1" 200 6923 "-" "Mozilla/5.0 (Linux; U; Android 4.4.2; zh-cn; GT-I9500 Build/KOT49H) AppleWebKit/537.36 (KHTML, like Gecko)Version/4.0 MQQBrowser/5.0 QQ-Manager Mobile Safari/537.36"
123.151.42.49 - - [22/Jul/2015:23:09:13 +0800] "GET / HTTP/1.1" 200 2496 "-" "Mozilla/5.0 (Linux; U; Android 4.4.2; zh-cn; H60-L02 Build/HDH60-L02) AppleWebKit/533.1 (KHTML, like Gecko)Version/4.0 MQQBrowser/5.4 TBS/025440 Mobile Safari/533.1 MicroMessenger/6.2.2.54_rec1912d.581 NetType/WIFI Language/zh_CN"
123.151.42.49 - - [22/Jul/2015:23:09:14 +0800] "GET /m/build/list.js HTTP/1.1" 200 130162 "http://zhao-mi.net/" "Mozilla/5.0 (Linux; U; Android 4.4.2; zh-cn; H60-L02 Build/HDH60-L02) AppleWebKit/533.1 (KHTML, like Gecko)Version/4.0 MQQBrowser/5.4 TBS/025440 Mobile Safari/533.1 MicroMessenger/6.2.2.54_rec1912d.581 NetType/WIFI Language/zh_CN"
223.104.3.141 - - [22/Jul/2015:23:09:48 +0800] "GET /build/login.js HTTP/1.1" 304 0 "http://zhao-mi.net:8000/login" "Mozilla/5.0 (Macintosh; Intel Mac OS X 10_10_3) AppleWebKit/600.6.3 (KHTML, like Gecko) Version/8.0.6 Safari/600.6.3"
223.104.3.141 - - [22/Jul/2015:23:09:48 +0800] "GET /lib/jquery-form/jquery.form.js HTTP/1.1" 304 0 "http://zhao-mi.net:8000/action/121?code=e3604e40b51346cfa816fa55eed98029" "Mozilla/5.0 (Macintosh; Intel Mac OS X 10_10_3) AppleWebKit/600.6.3 (KHTML, like Gecko) Version/8.0.6 Safari/600.6.3"
223.104.3.141 - - [22/Jul/2015:23:09:48 +0800] "GET /assets/imgs/login-bg.png HTTP/1.1" 304 0 "http://zhao-mi.net:8000/login" "Mozilla/5.0 (Macintosh; Intel Mac OS X 10_10_3) AppleWebKit/600.6.3 (KHTML, like Gecko) Version/8.0.6 Safari/600.6.3"
123.151.42.49 - - [22/Jul/2015:23:09:54 +0800] "GET /action/124/detail HTTP/1.1" 200 1824 "http://zhao-mi.net/" "Mozilla/5.0 (Linux; U; Android 4.4.2; zh-cn; H60-L02 Build/HDH60-L02) AppleWebKit/533.1 (KHTML, like Gecko)Version/4.0 MQQBrowser/5.4 TBS/025440 Mobile Safari/533.1 MicroMessenger/6.2.2.54_rec1912d.581 NetType/WIFI Language/zh_CN"
223.104.3.141 - - [22/Jul/2015:23:10:43 +0800] "GET /lib/cityselect/jquery.cityselect.js HTTP/1.1" 304 0 "http://zhao-mi.net:8000/" "Mozilla/5.0 (Macintosh; Intel Mac OS X 10_10_3) AppleWebKit/600.6.3 (KHTML, like Gecko) Version/8.0.6 Safari/600.6.3"
223.104.3.141 - - [22/Jul/2015:23:10:43 +0800] "GET /lib/unslider/unslider.js HTTP/1.1" 304 0 "http://zhao-mi.net:8000/" "Mozilla/5.0 (Macintosh; Intel Mac OS X 10_10_3) AppleWebKit/600.6.3 (KHTML, like Gecko) Version/8.0.6 Safari/600.6.3"
223.104.3.141 - - [22/Jul/2015:23:10:43 +0800] "GET /build/list.js HTTP/1.1" 304 0 "http://zhao-mi.net:8000/" "Mozilla/5.0 (Macintosh; Intel Mac OS X 10_10_3) AppleWebKit/600.6.3 (KHTML, like Gecko) Version/8.0.6 Safari/600.6.3"
223.104.3.141 - - [22/Jul/2015:23:10:48 +0800] "GET /build/detail.js HTTP/1.1" 304 0 "http://zhao-mi.net:8000/action/121?code=e3604e40b51346cfa816fa55eed98029" "Mozilla/5.0 (Macintosh; Intel Mac OS X 10_10_3) AppleWebKit/600.6.3 (KHTML, like Gecko) Version/8.0.6 Safari/600.6.3"
125.118.106.242 - - [22/Jul/2015:23:11:15 +0800] "POST /sendcode HTTP/1.1" 500 9719 "http://zhao-mi.net/register" "Mozilla/5.0 (Macintosh; Intel Mac OS X 10_10_2) AppleWebKit/537.36 (KHTML, like Gecko) Chrome/43.0.2357.134 Safari/537.36"
125.118.106.242 - - [22/Jul/2015:23:11:19 +0800] "GET /register HTTP/1.1" 200 1319 "http://zhao-mi.net/register/basic" "Mozilla/5.0 (Macintosh; Intel Mac OS X 10_10_2) AppleWebKit/537.36 (KHTML, like Gecko) Chrome/43.0.2357.134 Safari/537.36"
125.118.106.242 - - [22/Jul/2015:23:11:19 +0800] "GET /lib/es5/es5-shim.min.js HTTP/1.1" 200 16988 "http://zhao-mi.net/register" "Mozilla/5.0 (Macintosh; Intel Mac OS X 10_10_2) AppleWebKit/537.36 (KHTML, like Gecko) Chrome/43.0.2357.134 Safari/537.36"
125.118.106.242 - - [22/Jul/2015:23:11:19 +0800] "GET /static/assets/imgs/portrait.png HTTP/1.1" 200 12124 "http://zhao-mi.net/register" "Mozilla/5.0 (Macintosh; Intel Mac OS X 10_10_2) AppleWebKit/537.36 (KHTML, like Gecko) Chrome/43.0.2357.134 Safari/537.36"
125.118.106.242 - - [22/Jul/2015:23:11:19 +0800] "GET /lib/jquery-form/jquery.form.js HTTP/1.1" 200 43891 "http://zhao-mi.net/register" "Mozilla/5.0 (Macintosh; Intel Mac OS X 10_10_2) AppleWebKit/537.36 (KHTML, like Gecko) Chrome/43.0.2357.134 Safari/537.36"
125.118.106.242 - - [22/Jul/2015:23:11:20 +0800] "GET /build/register.js HTTP/1.1" 200 53901 "http://zhao-mi.net/register" "Mozilla/5.0 (Macintosh; Intel Mac OS X 10_10_2) AppleWebKit/537.36 (KHTML, like Gecko) Chrome/43.0.2357.134 Safari/537.36"
125.118.106.242 - - [22/Jul/2015:23:11:20 +0800] "GET /static/lib/datepicker/bootstrap-datetimepicker.min.css HTTP/1.1" 200 11340 "http://zhao-mi.net/register" "Mozilla/5.0 (Macintosh; Intel Mac OS X 10_10_2) AppleWebKit/537.36 (KHTML, like Gecko) Chrome/43.0.2357.134 Safari/537.36"
125.118.106.242 - - [22/Jul/2015:23:11:20 +0800] "GET /static/lib/bootstrap/js/bootstrap.min.js HTTP/1.1" 200 27726 "http://zhao-mi.net/register" "Mozilla/5.0 (Macintosh; Intel Mac OS X 10_10_2) AppleWebKit/537.36 (KHTML, like Gecko) Chrome/43.0.2357.134 Safari/537.36"
125.118.106.242 - - [22/Jul/2015:23:11:20 +0800] "GET /lib/jquery/jquery.min.js HTTP/1.1" 200 103157 "http://zhao-mi.net/register" "Mozilla/5.0 (Macintosh; Intel Mac OS X 10_10_2) AppleWebKit/537.36 (KHTML, like Gecko) Chrome/43.0.2357.134 Safari/537.36"
125.118.106.242 - - [22/Jul/2015:23:11:21 +0800] "GET /static/lib/datepicker/bootstrap-datetimepicker.zh-CN.js HTTP/1.1" 200 813 "http://zhao-mi.net/register" "Mozilla/5.0 (Macintosh; Intel Mac OS X 10_10_2) AppleWebKit/537.36 (KHTML, like Gecko) Chrome/43.0.2357.134 Safari/537.36"
125.118.106.242 - - [22/Jul/2015:23:11:21 +0800] "GET /static/lib/bootstrap/css/bootstrap.min.css HTTP/1.1" 200 97339 "http://zhao-mi.net/register" "Mozilla/5.0 (Macintosh; Intel Mac OS X 10_10_2) AppleWebKit/537.36 (KHTML, like Gecko) Chrome/43.0.2357.134 Safari/537.36"
125.118.106.242 - - [22/Jul/2015:23:11:22 +0800] "GET /static/lib/datepicker/bootstrap-datetimepicker.min.js HTTP/1.1" 200 36025 "http://zhao-mi.net/register" "Mozilla/5.0 (Macintosh; Intel Mac OS X 10_10_2) AppleWebKit/537.36 (KHTML, like Gecko) Chrome/43.0.2357.134 Safari/537.36"
125.118.106.242 - - [22/Jul/2015:23:11:22 +0800] "GET /lib/es5/es5-shim.map HTTP/1.1" 404 1331 "-" "Mozilla/5.0 (Macintosh; Intel Mac OS X 10_10_2) AppleWebKit/537.36 (KHTML, like Gecko) Chrome/43.0.2357.134 Safari/537.36"
125.118.106.242 - - [22/Jul/2015:23:11:22 +0800] "GET /assets/imgs/icons.png HTTP/1.1" 200 47268 "http://zhao-mi.net/register" "Mozilla/5.0 (Macintosh; Intel Mac OS X 10_10_2) AppleWebKit/537.36 (KHTML, like Gecko) Chrome/43.0.2357.134 Safari/537.36"
125.118.106.242 - - [22/Jul/2015:23:11:22 +0800] "GET /static/lib/bootstrap/fonts/glyphicons-halflings-regular.woff HTTP/1.1" 200 16448 "http://zhao-mi.net/static/lib/bootstrap/css/bootstrap.min.css" "Mozilla/5.0 (Macintosh; Intel Mac OS X 10_10_2) AppleWebKit/537.36 (KHTML, like Gecko) Chrome/43.0.2357.134 Safari/537.36"
125.118.106.242 - - [22/Jul/2015:23:11:28 +0800] "GET /assets/imgs/login-bg.png HTTP/1.1" 200 974517 "http://zhao-mi.net/register" "Mozilla/5.0 (Macintosh; Intel Mac OS X 10_10_2) AppleWebKit/537.36 (KHTML, like Gecko) Chrome/43.0.2357.134 Safari/537.36"
125.118.106.242 - - [22/Jul/2015:23:11:30 +0800] "GET /favicon.png HTTP/1.1" 200 1308 "http://zhao-mi.net/register" "Mozilla/5.0 (Macintosh; Intel Mac OS X 10_10_2) AppleWebKit/537.36 (KHTML, like Gecko) Chrome/43.0.2357.134 Safari/537.36"
125.118.106.242 - - [22/Jul/2015:23:11:31 +0800] "POST /sendcode HTTP/1.1" 500 9719 "http://zhao-mi.net/register" "Mozilla/5.0 (Macintosh; Intel Mac OS X 10_10_2) AppleWebKit/537.36 (KHTML, like Gecko) Chrome/43.0.2357.134 Safari/537.36"
124.200.136.190 - - [22/Jul/2015:23:11:46 +0800] "GET / HTTP/1.1" 200 2494 "-" "Mozilla/5.0 (iPhone; CPU iPhone OS 8_3 like Mac OS X) AppleWebKit/600.1.4 (KHTML, like Gecko) Mobile/12F70 MicroMessenger/6.1.5 NetType/WIFI"
124.200.136.190 - - [22/Jul/2015:23:11:46 +0800] "GET /m/lib/jquery/jquery.min.js HTTP/1.1" 200 91548 "http://zhao-mi.net/" "Mozilla/5.0 (iPhone; CPU iPhone OS 8_3 like Mac OS X) AppleWebKit/600.1.4 (KHTML, like Gecko) Mobile/12F70 MicroMessenger/6.1.5 NetType/WIFI"
124.200.136.190 - - [22/Jul/2015:23:11:49 +0800] "GET /media/posters/2015/7/22/06c0f9f4-d67f-4a16-a79a-b340df6f049d.jpg HTTP/1.1" 200 116198 "http://zhao-mi.net/" "Mozilla/5.0 (iPhone; CPU iPhone OS 8_3 like Mac OS X) AppleWebKit/600.1.4 (KHTML, like Gecko) Mobile/12F70 MicroMessenger/6.1.5 NetType/WIFI"
124.200.136.190 - - [22/Jul/2015:23:11:49 +0800] "GET /m/build/list.js HTTP/1.1" 200 130162 "http://zhao-mi.net/" "Mozilla/5.0 (iPhone; CPU iPhone OS 8_3 like Mac OS X) AppleWebKit/600.1.4 (KHTML, like Gecko) Mobile/12F70 MicroMessenger/6.1.5 NetType/WIFI"
124.200.136.190 - - [22/Jul/2015:23:11:49 +0800] "GET /media/posters/2015/7/22/46eede07-25c8-4d67-b68c-4dee8ab1f4ed.jpg HTTP/1.1" 200 62982 "http://zhao-mi.net/" "Mozilla/5.0 (iPhone; CPU iPhone OS 8_3 like Mac OS X) AppleWebKit/600.1.4 (KHTML, like Gecko) Mobile/12F70 MicroMessenger/6.1.5 NetType/WIFI"
124.200.136.190 - - [22/Jul/2015:23:11:50 +0800] "GET /media/posters/2015/7/22/d0e845d5-1631-4a6b-bbeb-16157145fa78.jpg HTTP/1.1" 200 155303 "http://zhao-mi.net/" "Mozilla/5.0 (iPhone; CPU iPhone OS 8_3 like Mac OS X) AppleWebKit/600.1.4 (KHTML, like Gecko) Mobile/12F70 MicroMessenger/6.1.5 NetType/WIFI"
124.200.136.190 - - [22/Jul/2015:23:11:51 +0800] "GET /media/posters/2015/7/22/fa36bd49-2fd3-4791-9e70-eedaa2b58444.jpg HTTP/1.1" 200 131457 "http://zhao-mi.net/" "Mozilla/5.0 (iPhone; CPU iPhone OS 8_3 like Mac OS X) AppleWebKit/600.1.4 (KHTML, like Gecko) Mobile/12F70 MicroMessenger/6.1.5 NetType/WIFI"
124.200.136.190 - - [22/Jul/2015:23:11:52 +0800] "GET /m/assets/img/icon500x500.png HTTP/1.1" 200 32932 "http://zhao-mi.net/" "Mozilla/5.0 (iPhone; CPU iPhone OS 8_3 like Mac OS X) AppleWebKit/600.1.4 (KHTML, like Gecko) Mobile/12F70 MicroMessenger/6.1.5 NetType/WIFI"
124.200.136.190 - - [22/Jul/2015:23:11:53 +0800] "GET /media/posters/2015/7/22/7f70f8b6-e637-449f-a08a-7ad7732831b8.jpg HTTP/1.1" 200 115746 "http://zhao-mi.net/" "Mozilla/5.0 (iPhone; CPU iPhone OS 8_3 like Mac OS X) AppleWebKit/600.1.4 (KHTML, like Gecko) Mobile/12F70 MicroMessenger/6.1.5 NetType/WIFI"
124.200.136.190 - - [22/Jul/2015:23:11:54 +0800] "GET /media/posters/2015/7/22/7f70f8b6-e637-449f-a08a-7ad7732831b8.jpg HTTP/1.1" 200 115746 "http://zhao-mi.net/" "Mozilla/5.0 (iPhone; CPU iPhone OS 8_3 like Mac OS X) AppleWebKit/600.1.4 (KHTML, like Gecko) Mobile/12F70 MicroMessenger/6.1.5 NetType/WIFI"
124.200.136.190 - - [22/Jul/2015:23:11:54 +0800] "GET /media/homepage_posters/2015/7/22/33140e38-5c5f-46e4-8b4e-9c2c744f1c28.png HTTP/1.1" 200 570947 "http://zhao-mi.net/" "Mozilla/5.0 (iPhone; CPU iPhone OS 8_3 like Mac OS X) AppleWebKit/600.1.4 (KHTML, like Gecko) Mobile/12F70 MicroMessenger/6.1.5 NetType/WIFI"
124.200.136.190 - - [22/Jul/2015:23:11:54 +0800] "GET /login HTTP/1.1" 200 1085 "http://zhao-mi.net/" "Mozilla/5.0 (iPhone; CPU iPhone OS 8_3 like Mac OS X) AppleWebKit/600.1.4 (KHTML, like Gecko) Mobile/12F70 MicroMessenger/6.1.5 NetType/WIFI"
180.153.214.182 - - [22/Jul/2015:23:11:56 +0800] "GET /login HTTP/1.1" 200 2717 "-" "Mozilla/5.0 (Linux; U; Android 4.4.2; zh-cn; GT-I9500 Build/KOT49H) AppleWebKit/537.36 (KHTML, like Gecko)Version/4.0 MQQBrowser/5.0 QQ-Manager Mobile Safari/537.36"
124.200.136.190 - - [22/Jul/2015:23:11:57 +0800] "GET /media/homepage_posters/2015/7/22/a1105718-59f1-424c-8baa-b6f947ae4abd.png HTTP/1.1" 200 462419 "http://zhao-mi.net/" "Mozilla/5.0 (iPhone; CPU iPhone OS 8_3 like Mac OS X) AppleWebKit/600.1.4 (KHTML, like Gecko) Mobile/12F70 MicroMessenger/6.1.5 NetType/WIFI"
124.200.136.190 - - [22/Jul/2015:23:11:57 +0800] "GET /m/lib/jquery-form/jquery.form.js HTTP/1.1" 200 43702 "http://zhao-mi.net/login" "Mozilla/5.0 (iPhone; CPU iPhone OS 8_3 like Mac OS X) AppleWebKit/600.1.4 (KHTML, like Gecko) Mobile/12F70 MicroMessenger/6.1.5 NetType/WIFI"
124.200.136.190 - - [22/Jul/2015:23:11:57 +0800] "GET /m/build/login.js HTTP/1.1" 200 66360 "http://zhao-mi.net/login" "Mozilla/5.0 (iPhone; CPU iPhone OS 8_3 like Mac OS X) AppleWebKit/600.1.4 (KHTML, like Gecko) Mobile/12F70 MicroMessenger/6.1.5 NetType/WIFI"
124.200.136.190 - - [22/Jul/2015:23:12:00 +0800] "GET /m/assets/img/icon500x500.png HTTP/1.1" 200 32932 "http://zhao-mi.net/login" "Mozilla/5.0 (iPhone; CPU iPhone OS 8_3 like Mac OS X) AppleWebKit/600.1.4 (KHTML, like Gecko) Mobile/12F70 MicroMessenger/6.1.5 NetType/WIFI"
124.200.136.190 - - [22/Jul/2015:23:12:03 +0800] "GET /m/assets/img/login-bg.png HTTP/1.1" 200 146258 "http://zhao-mi.net/login" "Mozilla/5.0 (iPhone; CPU iPhone OS 8_3 like Mac OS X) AppleWebKit/600.1.4 (KHTML, like Gecko) Mobile/12F70 MicroMessenger/6.1.5 NetType/WIFI"
124.200.136.190 - - [22/Jul/2015:23:12:31 +0800] "POST /login HTTP/1.1" 200 50 "http://zhao-mi.net/login" "Mozilla/5.0 (iPhone; CPU iPhone OS 8_3 like Mac OS X) AppleWebKit/600.1.4 (KHTML, like Gecko) Mobile/12F70 MicroMessenger/6.1.5 NetType/WIFI"
124.200.136.190 - - [22/Jul/2015:23:12:31 +0800] "GET / HTTP/1.1" 200 2553 "http://zhao-mi.net/login" "Mozilla/5.0 (iPhone; CPU iPhone OS 8_3 like Mac OS X) AppleWebKit/600.1.4 (KHTML, like Gecko) Mobile/12F70 MicroMessenger/6.1.5 NetType/WIFI"
124.200.136.190 - - [22/Jul/2015:23:12:31 +0800] "GET /media/avatars/2015/7/21/579f7ccf-e3a7-4c61-b343-103a6b34846a.jpg HTTP/1.1" 200 178067 "http://zhao-mi.net/" "Mozilla/5.0 (iPhone; CPU iPhone OS 8_3 like Mac OS X) AppleWebKit/600.1.4 (KHTML, like Gecko) Mobile/12F70 MicroMessenger/6.1.5 NetType/WIFI"
124.200.136.190 - - [22/Jul/2015:23:12:35 +0800] "GET /media/posters/2015/7/21/d748b848-de5b-467c-8366-ce27c47e10b5.jpg HTTP/1.1" 200 162540 "http://zhao-mi.net/" "Mozilla/5.0 (iPhone; CPU iPhone OS 8_3 like Mac OS X) AppleWebKit/600.1.4 (KHTML, like Gecko) Mobile/12F70 MicroMessenger/6.1.5 NetType/WIFI"
124.200.136.190 - - [22/Jul/2015:23:12:35 +0800] "GET /media/homepage_posters/2015/7/22/a1105718-59f1-424c-8baa-b6f947ae4abd.png HTTP/1.1" 200 133979 "http://zhao-mi.net/" "Mozilla/5.0 (iPhone; CPU iPhone OS 8_3 like Mac OS X) AppleWebKit/600.1.4 (KHTML, like Gecko) Mobile/12F70 MicroMessenger/6.1.5 NetType/WIFI"
124.200.136.190 - - [22/Jul/2015:23:12:35 +0800] "GET /media/homepage_posters/2015/7/22/33140e38-5c5f-46e4-8b4e-9c2c744f1c28.png HTTP/1.1" 200 111131 "http://zhao-mi.net/" "Mozilla/5.0 (iPhone; CPU iPhone OS 8_3 like Mac OS X) AppleWebKit/600.1.4 (KHTML, like Gecko) Mobile/12F70 MicroMessenger/6.1.5 NetType/WIFI"
124.200.136.190 - - [22/Jul/2015:23:12:35 +0800] "GET /media/posters/2015/7/22/fa36bd49-2fd3-4791-9e70-eedaa2b58444.jpg HTTP/1.1" 200 108276 "http://zhao-mi.net/" "Mozilla/5.0 (iPhone; CPU iPhone OS 8_3 like Mac OS X) AppleWebKit/600.1.4 (KHTML, like Gecko) Mobile/12F70 MicroMessenger/6.1.5 NetType/WIFI"
124.200.136.190 - - [22/Jul/2015:23:12:35 +0800] "GET /media/posters/2015/7/22/7f70f8b6-e637-449f-a08a-7ad7732831b8.jpg HTTP/1.1" 200 108276 "http://zhao-mi.net/" "Mozilla/5.0 (iPhone; CPU iPhone OS 8_3 like Mac OS X) AppleWebKit/600.1.4 (KHTML, like Gecko) Mobile/12F70 MicroMessenger/6.1.5 NetType/WIFI"
124.200.136.190 - - [22/Jul/2015:23:12:37 +0800] "GET /action/123/detail HTTP/1.1" 200 1678 "http://zhao-mi.net/" "Mozilla/5.0 (iPhone; CPU iPhone OS 8_3 like Mac OS X) AppleWebKit/600.1.4 (KHTML, like Gecko) Mobile/12F70 MicroMessenger/6.1.5 NetType/WIFI"
124.200.136.190 - - [22/Jul/2015:23:12:38 +0800] "GET /lib/jquery-form/jquery.form.js HTTP/1.1" 200 43891 "http://zhao-mi.net/action/123/detail" "Mozilla/5.0 (iPhone; CPU iPhone OS 8_3 like Mac OS X) AppleWebKit/600.1.4 (KHTML, like Gecko) Mobile/12F70 MicroMessenger/6.1.5 NetType/WIFI"
124.200.136.190 - - [22/Jul/2015:23:12:39 +0800] "GET /m/build/detail.js HTTP/1.1" 200 106254 "http://zhao-mi.net/action/123/detail" "Mozilla/5.0 (iPhone; CPU iPhone OS 8_3 like Mac OS X) AppleWebKit/600.1.4 (KHTML, like Gecko) Mobile/12F70 MicroMessenger/6.1.5 NetType/WIFI"
124.200.136.190 - - [22/Jul/2015:23:12:40 +0800] "GET /media/avatars/2015/7/21/579f7ccf-e3a7-4c61-b343-103a6b34846a.jpg HTTP/1.1" 200 178067 "http://zhao-mi.net/action/123/detail" "Mozilla/5.0 (iPhone; CPU iPhone OS 8_3 like Mac OS X) AppleWebKit/600.1.4 (KHTML, like Gecko) Mobile/12F70 MicroMessenger/6.1.5 NetType/WIFI"
124.200.136.190 - - [22/Jul/2015:23:12:42 +0800] "GET /m/modules/detail/img/banner.jpg HTTP/1.1" 200 42830 "http://zhao-mi.net/action/123/detail" "Mozilla/5.0 (iPhone; CPU iPhone OS 8_3 like Mac OS X) AppleWebKit/600.1.4 (KHTML, like Gecko) Mobile/12F70 MicroMessenger/6.1.5 NetType/WIFI"
124.200.136.190 - - [22/Jul/2015:23:12:53 +0800] "GET /action/new/create/1 HTTP/1.1" 200 2866 "http://zhao-mi.net/action/123/detail" "Mozilla/5.0 (iPhone; CPU iPhone OS 8_3 like Mac OS X) AppleWebKit/600.1.4 (KHTML, like Gecko) Mobile/12F70 MicroMessenger/6.1.5 NetType/WIFI"
124.200.136.190 - - [22/Jul/2015:23:12:54 +0800] "GET /m/lib/mobiscroll/css/mobiscroll.css HTTP/1.1" 200 27122 "http://zhao-mi.net/action/new/create/1" "Mozilla/5.0 (iPhone; CPU iPhone OS 8_3 like Mac OS X) AppleWebKit/600.1.4 (KHTML, like Gecko) Mobile/12F70 MicroMessenger/6.1.5 NetType/WIFI"
124.200.136.190 - - [22/Jul/2015:23:12:54 +0800] "GET /m/modules/detail/img/banner.jpg HTTP/1.1" 200 42830 "http://zhao-mi.net/action/new/create/1" "Mozilla/5.0 (iPhone; CPU iPhone OS 8_3 like Mac OS X) AppleWebKit/600.1.4 (KHTML, like Gecko) Mobile/12F70 MicroMessenger/6.1.5 NetType/WIFI"
124.200.136.190 - - [22/Jul/2015:23:13:01 +0800] "GET /m/lib/mobiscroll/js/mobiscroll.js HTTP/1.1" 200 68626 "http://zhao-mi.net/action/new/create/1" "Mozilla/5.0 (iPhone; CPU iPhone OS 8_3 like Mac OS X) AppleWebKit/600.1.4 (KHTML, like Gecko) Mobile/12F70 MicroMessenger/6.1.5 NetType/WIFI"
124.200.136.190 - - [22/Jul/2015:23:13:10 +0800] "GET /m/build/create-basic.js HTTP/1.1" 200 268233 "http://zhao-mi.net/action/new/create/1" "Mozilla/5.0 (iPhone; CPU iPhone OS 8_3 like Mac OS X) AppleWebKit/600.1.4 (KHTML, like Gecko) Mobile/12F70 MicroMessenger/6.1.5 NetType/WIFI"
124.200.136.190 - - [22/Jul/2015:23:13:13 +0800] "GET /m/assets/img/arrow.png HTTP/1.1" 403 151 "http://zhao-mi.net/action/new/create/1" "Mozilla/5.0 (iPhone; CPU iPhone OS 8_3 like Mac OS X) AppleWebKit/600.1.4 (KHTML, like Gecko) Mobile/12F70 MicroMessenger/6.1.5 NetType/WIFI"
124.200.136.190 - - [22/Jul/2015:23:13:23 +0800] "GET /searchpage HTTP/1.1" 200 731 "http://zhao-mi.net/action/new/create/1" "Mozilla/5.0 (iPhone; CPU iPhone OS 8_3 like Mac OS X) AppleWebKit/600.1.4 (KHTML, like Gecko) Mobile/12F70 MicroMessenger/6.1.5 NetType/WIFI"
124.200.136.190 - - [22/Jul/2015:23:13:23 +0800] "GET /m/build/search.js HTTP/1.1" 200 51583 "http://zhao-mi.net/searchpage" "Mozilla/5.0 (iPhone; CPU iPhone OS 8_3 like Mac OS X) AppleWebKit/600.1.4 (KHTML, like Gecko) Mobile/12F70 MicroMessenger/6.1.5 NetType/WIFI"
124.200.136.190 - - [22/Jul/2015:23:13:26 +0800] "GET /m/assets/img/arrow.png HTTP/1.1" 403 151 "http://zhao-mi.net/action/new/create/1" "Mozilla/5.0 (iPhone; CPU iPhone OS 8_3 like Mac OS X) AppleWebKit/600.1.4 (KHTML, like Gecko) Mobile/12F70 MicroMessenger/6.1.5 NetType/WIFI"
124.200.136.190 - - [22/Jul/2015:23:13:57 +0800] "GET /media/avatars/2015/7/21/579f7ccf-e3a7-4c61-b343-103a6b34846a.jpg?tp=webp&length=1136&width=640 HTTP/1.1" 200 178067 "http://weixin.qq.com/?version=369165589&uin=248778720&nettype=1" "WeChat/6.1.5.21 CFNetwork/711.3.18 Darwin/14.0.0"
124.200.136.190 - - [22/Jul/2015:23:14:01 +0800] "GET /media/posters/2015/7/22/7f70f8b6-e637-449f-a08a-7ad7732831b8.jpg HTTP/1.1" 200 59724 "http://zhao-mi.net/" "Mozilla/5.0 (iPhone; CPU iPhone OS 8_3 like Mac OS X) AppleWebKit/600.1.4 (KHTML, like Gecko) Mobile/12F70 MicroMessenger/6.1.5 NetType/WIFI"
124.200.136.190 - - [22/Jul/2015:23:14:01 +0800] "GET /media/homepage_posters/2015/7/22/33140e38-5c5f-46e4-8b4e-9c2c744f1c28.png HTTP/1.1" 200 59723 "http://zhao-mi.net/" "Mozilla/5.0 (iPhone; CPU iPhone OS 8_3 like Mac OS X) AppleWebKit/600.1.4 (KHTML, like Gecko) Mobile/12F70 MicroMessenger/6.1.5 NetType/WIFI"
124.200.136.190 - - [22/Jul/2015:23:14:01 +0800] "GET /media/homepage_posters/2015/7/22/a1105718-59f1-424c-8baa-b6f947ae4abd.png HTTP/1.1" 200 59723 "http://zhao-mi.net/" "Mozilla/5.0 (iPhone; CPU iPhone OS 8_3 like Mac OS X) AppleWebKit/600.1.4 (KHTML, like Gecko) Mobile/12F70 MicroMessenger/6.1.5 NetType/WIFI"
124.200.136.190 - - [22/Jul/2015:23:14:01 +0800] "GET /media/posters/2015/7/22/fa36bd49-2fd3-4791-9e70-eedaa2b58444.jpg HTTP/1.1" 200 59724 "http://zhao-mi.net/" "Mozilla/5.0 (iPhone; CPU iPhone OS 8_3 like Mac OS X) AppleWebKit/600.1.4 (KHTML, like Gecko) Mobile/12F70 MicroMessenger/6.1.5 NetType/WIFI"
124.200.136.190 - - [22/Jul/2015:23:14:01 +0800] "GET /media/posters/2015/7/21/d748b848-de5b-467c-8366-ce27c47e10b5.jpg HTTP/1.1" 200 59724 "http://zhao-mi.net/" "Mozilla/5.0 (iPhone; CPU iPhone OS 8_3 like Mac OS X) AppleWebKit/600.1.4 (KHTML, like Gecko) Mobile/12F70 MicroMessenger/6.1.5 NetType/WIFI"
124.200.136.190 - - [22/Jul/2015:23:14:03 +0800] "GET /action/123/detail?from=groupmessage&isappinstalled=0 HTTP/1.1" 200 1678 "-" "Mozilla/5.0 (iPhone; CPU iPhone OS 8_3 like Mac OS X) AppleWebKit/600.1.4 (KHTML, like Gecko) Mobile/12F70 MicroMessenger/6.1.5 NetType/WIFI"
124.200.136.190 - - [22/Jul/2015:23:14:08 +0800] "GET /action/new/create/1?from=groupmessage&isappinstalled=0 HTTP/1.1" 200 2866 "-" "Mozilla/5.0 (iPhone; CPU iPhone OS 8_3 like Mac OS X) AppleWebKit/600.1.4 (KHTML, like Gecko) Mobile/12F70 MicroMessenger/6.1.5 NetType/WIFI"
124.200.136.190 - - [22/Jul/2015:23:14:08 +0800] "GET /m/assets/img/arrow.png HTTP/1.1" 403 151 "http://zhao-mi.net/action/new/create/1?from=groupmessage&isappinstalled=0" "Mozilla/5.0 (iPhone; CPU iPhone OS 8_3 like Mac OS X) AppleWebKit/600.1.4 (KHTML, like Gecko) Mobile/12F70 MicroMessenger/6.1.5 NetType/WIFI"
101.226.66.187 - - [22/Jul/2015:23:14:18 +0800] "GET /search?loc=%E6%9C%9D%E9%98%B3 HTTP/1.1" 200 4953 "-" "Mozilla/5.0 (Linux; U; Android 4.4.2; zh-cn; GT-I9500 Build/KOT49H) AppleWebKit/537.36 (KHTML, like Gecko)Version/4.0 MQQBrowser/5.0 QQ-Manager Mobile Safari/537.36"
124.200.136.190 - - [22/Jul/2015:23:14:25 +0800] "GET /action/123/detail?from=groupmessage&isappinstalled=0 HTTP/1.1" 200 1678 "-" "Mozilla/5.0 (iPhone; CPU iPhone OS 8_3 like Mac OS X) AppleWebKit/600.1.4 (KHTML, like Gecko) Mobile/12F70 MicroMessenger/6.1.5 NetType/WIFI"
223.104.3.141 - - [22/Jul/2015:23:14:38 +0800] "GET /action/new/create/1?from=groupmessage&isappinstalled=0 HTTP/1.1" 302 5 "-" "Mozilla/5.0 (iPhone; CPU iPhone OS 8_4 like Mac OS X) AppleWebKit/600.1.4 (KHTML, like Gecko) Mobile/12H143 MicroMessenger/6.2.3 NetType/WIFI Language/zh_CN"
223.104.3.141 - - [22/Jul/2015:23:14:38 +0800] "GET /login?next=/action/new/create/1%3Ffrom%3Dgroupmessage%26isappinstalled%3D0 HTTP/1.1" 200 1084 "-" "Mozilla/5.0 (iPhone; CPU iPhone OS 8_4 like Mac OS X) AppleWebKit/600.1.4 (KHTML, like Gecko) Mobile/12H143 MicroMessenger/6.2.3 NetType/WIFI Language/zh_CN"
223.104.3.141 - - [22/Jul/2015:23:14:38 +0800] "GET /m/lib/jquery-form/jquery.form.js HTTP/1.1" 200 43702 "http://zhao-mi.net/login?next=/action/new/create/1%3Ffrom%3Dgroupmessage%26isappinstalled%3D0" "Mozilla/5.0 (iPhone; CPU iPhone OS 8_4 like Mac OS X) AppleWebKit/600.1.4 (KHTML, like Gecko) Mobile/12H143 MicroMessenger/6.2.3 NetType/WIFI Language/zh_CN"
223.104.3.141 - - [22/Jul/2015:23:14:38 +0800] "GET /m/lib/jquery/jquery.min.js HTTP/1.1" 200 91548 "http://zhao-mi.net:8000/" "Mozilla/5.0 (iPhone; CPU iPhone OS 8_4 like Mac OS X) AppleWebKit/600.1.4 (KHTML, like Gecko) Mobile/12H143 MicroMessenger/6.2.3 NetType/WIFI Language/zh_CN"
223.104.3.141 - - [22/Jul/2015:23:14:39 +0800] "GET /m/build/login.js HTTP/1.1" 200 66360 "http://zhao-mi.net/login?next=/action/new/create/1%3Ffrom%3Dgroupmessage%26isappinstalled%3D0" "Mozilla/5.0 (iPhone; CPU iPhone OS 8_4 like Mac OS X) AppleWebKit/600.1.4 (KHTML, like Gecko) Mobile/12H143 MicroMessenger/6.2.3 NetType/WIFI Language/zh_CN"
223.104.3.141 - - [22/Jul/2015:23:14:40 +0800] "GET /m/assets/img/icon500x500.png HTTP/1.1" 200 32932 "http://zhao-mi.net/login?next=/action/new/create/1%3Ffrom%3Dgroupmessage%26isappinstalled%3D0" "Mozilla/5.0 (iPhone; CPU iPhone OS 8_4 like Mac OS X) AppleWebKit/600.1.4 (KHTML, like Gecko) Mobile/12H143 MicroMessenger/6.2.3 NetType/WIFI Language/zh_CN"
223.104.3.141 - - [22/Jul/2015:23:14:40 +0800] "GET /m/assets/img/login-bg.png HTTP/1.1" 200 146258 "http://zhao-mi.net/login?next=/action/new/create/1%3Ffrom%3Dgroupmessage%26isappinstalled%3D0" "Mozilla/5.0 (iPhone; CPU iPhone OS 8_4 like Mac OS X) AppleWebKit/600.1.4 (KHTML, like Gecko) Mobile/12H143 MicroMessenger/6.2.3 NetType/WIFI Language/zh_CN"
223.104.3.141 - - [22/Jul/2015:23:14:49 +0800] "GET /action/123/detail?from=groupmessage&isappinstalled=0 HTTP/1.1" 200 1632 "-" "Mozilla/5.0 (iPhone; CPU iPhone OS 8_4 like Mac OS X) AppleWebKit/600.1.4 (KHTML, like Gecko) Mobile/12H143 MicroMessenger/6.2.3 NetType/WIFI Language/zh_CN"
223.104.3.141 - - [22/Jul/2015:23:14:49 +0800] "GET /lib/jquery-form/jquery.form.js HTTP/1.1" 200 43891 "http://zhao-mi.net/action/123/detail?from=groupmessage&isappinstalled=0" "Mozilla/5.0 (iPhone; CPU iPhone OS 8_4 like Mac OS X) AppleWebKit/600.1.4 (KHTML, like Gecko) Mobile/12H143 MicroMessenger/6.2.3 NetType/WIFI Language/zh_CN"
223.104.3.141 - - [22/Jul/2015:23:14:49 +0800] "GET /m/modules/detail/img/banner.jpg HTTP/1.1" 200 42830 "http://zhao-mi.net/action/123/detail?from=groupmessage&isappinstalled=0" "Mozilla/5.0 (iPhone; CPU iPhone OS 8_4 like Mac OS X) AppleWebKit/600.1.4 (KHTML, like Gecko) Mobile/12H143 MicroMessenger/6.2.3 NetType/WIFI Language/zh_CN"
223.104.3.141 - - [22/Jul/2015:23:14:49 +0800] "GET /m/build/detail.js HTTP/1.1" 200 106254 "http://zhao-mi.net/action/123/detail?from=groupmessage&isappinstalled=0" "Mozilla/5.0 (iPhone; CPU iPhone OS 8_4 like Mac OS X) AppleWebKit/600.1.4 (KHTML, like Gecko) Mobile/12H143 MicroMessenger/6.2.3 NetType/WIFI Language/zh_CN"
124.200.136.190 - - [22/Jul/2015:23:15:00 +0800] "GET /action/new/create/1?from=groupmessage&isappinstalled=0 HTTP/1.1" 200 2866 "-" "Mozilla/5.0 (iPhone; CPU iPhone OS 8_3 like Mac OS X) AppleWebKit/600.1.4 (KHTML, like Gecko) Mobile/12F70 MicroMessenger/6.1.5 NetType/WIFI"
124.200.136.190 - - [22/Jul/2015:23:15:01 +0800] "GET /m/assets/img/arrow.png HTTP/1.1" 403 151 "http://zhao-mi.net/action/new/create/1?from=groupmessage&isappinstalled=0" "Mozilla/5.0 (iPhone; CPU iPhone OS 8_3 like Mac OS X) AppleWebKit/600.1.4 (KHTML, like Gecko) Mobile/12F70 MicroMessenger/6.1.5 NetType/WIFI"
223.104.3.141 - - [22/Jul/2015:23:15:03 +0800] "POST /action/123/apply HTTP/1.1" 302 5 "http://zhao-mi.net/action/123/detail?from=groupmessage&isappinstalled=0" "Mozilla/5.0 (iPhone; CPU iPhone OS 8_4 like Mac OS X) AppleWebKit/600.1.4 (KHTML, like Gecko) Mobile/12H143 MicroMessenger/6.2.3 NetType/WIFI Language/zh_CN"
223.104.3.141 - - [22/Jul/2015:23:15:04 +0800] "GET /login?next=/action/123/apply HTTP/1.1" 200 1084 "http://zhao-mi.net/action/123/detail?from=groupmessage&isappinstalled=0" "Mozilla/5.0 (iPhone; CPU iPhone OS 8_4 like Mac OS X) AppleWebKit/600.1.4 (KHTML, like Gecko) Mobile/12H143 MicroMessenger/6.2.3 NetType/WIFI Language/zh_CN"
124.200.136.190 - - [22/Jul/2015:23:15:04 +0800] "GET /action/123/detail?from=groupmessage&isappinstalled=0 HTTP/1.1" 200 1678 "-" "Mozilla/5.0 (iPhone; CPU iPhone OS 8_3 like Mac OS X) AppleWebKit/600.1.4 (KHTML, like Gecko) Mobile/12F70 MicroMessenger/6.1.5 NetType/WIFI"
223.104.3.141 - - [22/Jul/2015:23:15:05 +0800] "POST /action/123/apply HTTP/1.1" 302 5 "http://zhao-mi.net/action/123/detail?from=groupmessage&isappinstalled=0" "Mozilla/5.0 (iPhone; CPU iPhone OS 8_4 like Mac OS X) AppleWebKit/600.1.4 (KHTML, like Gecko) Mobile/12H143 MicroMessenger/6.2.3 NetType/WIFI Language/zh_CN"
223.104.3.141 - - [22/Jul/2015:23:15:06 +0800] "GET /login?next=/action/123/apply HTTP/1.1" 200 1084 "http://zhao-mi.net/action/123/detail?from=groupmessage&isappinstalled=0" "Mozilla/5.0 (iPhone; CPU iPhone OS 8_4 like Mac OS X) AppleWebKit/600.1.4 (KHTML, like Gecko) Mobile/12H143 MicroMessenger/6.2.3 NetType/WIFI Language/zh_CN"
223.104.3.141 - - [22/Jul/2015:23:15:11 +0800] "POST /action/123/apply HTTP/1.1" 302 5 "http://zhao-mi.net/action/123/detail?from=groupmessage&isappinstalled=0" "Mozilla/5.0 (iPhone; CPU iPhone OS 8_4 like Mac OS X) AppleWebKit/600.1.4 (KHTML, like Gecko) Mobile/12H143 MicroMessenger/6.2.3 NetType/WIFI Language/zh_CN"
223.104.3.141 - - [22/Jul/2015:23:15:12 +0800] "GET /login?next=/action/123/apply HTTP/1.1" 200 1084 "http://zhao-mi.net/action/123/detail?from=groupmessage&isappinstalled=0" "Mozilla/5.0 (iPhone; CPU iPhone OS 8_4 like Mac OS X) AppleWebKit/600.1.4 (KHTML, like Gecko) Mobile/12H143 MicroMessenger/6.2.3 NetType/WIFI Language/zh_CN"
