124.200.136.190 - - [22/Jul/2015:22:21:05 +0800] "POST /action/124/apply HTTP/1.1" 400 0 "http://zhao-mi.net/action/124/detail" "Mozilla/5.0 (iPhone; CPU iPhone OS 8_3 like Mac OS X) AppleWebKit/600.1.4 (KHTML, like Gecko) Mobile/12F70 MicroMessenger/6.1.5 NetType/WIFI"
124.200.136.190 - - [22/Jul/2015:22:21:11 +0800] "GET /media/posters/2015/7/22/fa36bd49-2fd3-4791-9e70-eedaa2b58444.jpg HTTP/1.1" 200 61152 "http://zhao-mi.net/" "Mozilla/5.0 (iPhone; CPU iPhone OS 8_3 like Mac OS X) AppleWebKit/600.1.4 (KHTML, like Gecko) Mobile/12F70 MicroMessenger/6.1.5 NetType/WIFI"
124.200.136.190 - - [22/Jul/2015:22:21:14 +0800] "GET /login HTTP/1.1" 200 1085 "http://zhao-mi.net/searchpage" "Mozilla/5.0 (iPhone; CPU iPhone OS 8_3 like Mac OS X) AppleWebKit/600.1.4 (KHTML, like Gecko) Mobile/12F70 MicroMessenger/6.1.5 NetType/WIFI"
124.200.136.190 - - [22/Jul/2015:22:21:16 +0800] "GET /register/basic HTTP/1.1" 200 1068 "http://zhao-mi.net/login" "Mozilla/5.0 (iPhone; CPU iPhone OS 8_3 like Mac OS X) AppleWebKit/600.1.4 (KHTML, like Gecko) Mobile/12F70 MicroMessenger/6.1.5 NetType/WIFI"
124.200.136.190 - - [22/Jul/2015:22:21:23 +0800] "GET /register/basic HTTP/1.1" 200 1068 "http://zhao-mi.net/register/basic" "Mozilla/5.0 (iPhone; CPU iPhone OS 8_3 like Mac OS X) AppleWebKit/600.1.4 (KHTML, like Gecko) Mobile/12F70 MicroMessenger/6.1.5 NetType/WIFI"
125.118.106.242 - - [22/Jul/2015:22:21:24 +0800] "GET / HTTP/1.1" 200 2472 "-" "Mozilla/5.0 (Macintosh; Intel Mac OS X 10_10_2) AppleWebKit/537.36 (KHTML, like Gecko) Chrome/43.0.2357.134 Safari/537.36"
125.118.106.242 - - [22/Jul/2015:22:21:24 +0800] "GET /lib/jqueryui/jquery-ui.css HTTP/1.1" 200 23735 "http://zhao-mi.net/" "Mozilla/5.0 (Macintosh; Intel Mac OS X 10_10_2) AppleWebKit/537.36 (KHTML, like Gecko) Chrome/43.0.2357.134 Safari/537.36"
125.118.106.242 - - [22/Jul/2015:22:21:24 +0800] "GET /lib/es5/es5-shim.min.js HTTP/1.1" 200 16988 "http://zhao-mi.net/" "Mozilla/5.0 (Macintosh; Intel Mac OS X 10_10_2) AppleWebKit/537.36 (KHTML, like Gecko) Chrome/43.0.2357.134 Safari/537.36"
125.118.106.242 - - [22/Jul/2015:22:21:24 +0800] "GET /lib/jquery-qrcode/jquery.qrcode.js HTTP/1.1" 200 30074 "http://zhao-mi.net/" "Mozilla/5.0 (Macintosh; Intel Mac OS X 10_10_2) AppleWebKit/537.36 (KHTML, like Gecko) Chrome/43.0.2357.134 Safari/537.36"
125.118.106.242 - - [22/Jul/2015:22:21:24 +0800] "GET /lib/unslider/unslider.js HTTP/1.1" 200 6749 "http://zhao-mi.net/" "Mozilla/5.0 (Macintosh; Intel Mac OS X 10_10_2) AppleWebKit/537.36 (KHTML, like Gecko) Chrome/43.0.2357.134 Safari/537.36"
125.118.106.242 - - [22/Jul/2015:22:21:25 +0800] "GET /lib/cityselect/jquery.cityselect.js HTTP/1.1" 200 66368 "http://zhao-mi.net/" "Mozilla/5.0 (Macintosh; Intel Mac OS X 10_10_2) AppleWebKit/537.36 (KHTML, like Gecko) Chrome/43.0.2357.134 Safari/537.36"
125.118.106.242 - - [22/Jul/2015:22:21:25 +0800] "GET /lib/jquery/jquery.min.js HTTP/1.1" 200 103157 "http://zhao-mi.net/" "Mozilla/5.0 (Macintosh; Intel Mac OS X 10_10_2) AppleWebKit/537.36 (KHTML, like Gecko) Chrome/43.0.2357.134 Safari/537.36"
125.118.106.242 - - [22/Jul/2015:22:21:25 +0800] "GET /lib/jqueryui/jquery-ui.min.js HTTP/1.1" 200 114661 "http://zhao-mi.net/" "Mozilla/5.0 (Macintosh; Intel Mac OS X 10_10_2) AppleWebKit/537.36 (KHTML, like Gecko) Chrome/43.0.2357.134 Safari/537.36"
124.200.136.190 - - [22/Jul/2015:22:21:26 +0800] "GET /register/basic HTTP/1.1" 200 1068 "http://zhao-mi.net/register/basic" "Mozilla/5.0 (iPhone; CPU iPhone OS 8_3 like Mac OS X) AppleWebKit/600.1.4 (KHTML, like Gecko) Mobile/12F70 MicroMessenger/6.1.5 NetType/WIFI"
125.118.106.242 - - [22/Jul/2015:22:21:27 +0800] "GET /lib/es5/es5-shim.map HTTP/1.1" 404 1331 "-" "Mozilla/5.0 (Macintosh; Intel Mac OS X 10_10_2) AppleWebKit/537.36 (KHTML, like Gecko) Chrome/43.0.2357.134 Safari/537.36"
124.200.136.190 - - [22/Jul/2015:22:21:27 +0800] "GET /register/basic HTTP/1.1" 200 1068 "http://zhao-mi.net/register/basic" "Mozilla/5.0 (iPhone; CPU iPhone OS 8_3 like Mac OS X) AppleWebKit/600.1.4 (KHTML, like Gecko) Mobile/12F70 MicroMessenger/6.1.5 NetType/WIFI"
124.200.136.190 - - [22/Jul/2015:22:21:28 +0800] "GET /register/basic HTTP/1.1" 200 1068 "http://zhao-mi.net/register/basic" "Mozilla/5.0 (iPhone; CPU iPhone OS 8_3 like Mac OS X) AppleWebKit/600.1.4 (KHTML, like Gecko) Mobile/12F70 MicroMessenger/6.1.5 NetType/WIFI"
125.118.106.242 - - [22/Jul/2015:22:21:28 +0800] "GET /build/list.js HTTP/1.1" 200 106881 "http://zhao-mi.net/" "Mozilla/5.0 (Macintosh; Intel Mac OS X 10_10_2) AppleWebKit/537.36 (KHTML, like Gecko) Chrome/43.0.2357.134 Safari/537.36"
125.118.106.242 - - [22/Jul/2015:22:21:29 +0800] "GET /media/posters/2015/7/22/46eede07-25c8-4d67-b68c-4dee8ab1f4ed.jpg HTTP/1.1" 200 62982 "http://zhao-mi.net/" "Mozilla/5.0 (Macintosh; Intel Mac OS X 10_10_2) AppleWebKit/537.36 (KHTML, like Gecko) Chrome/43.0.2357.134 Safari/537.36"
125.118.106.242 - - [22/Jul/2015:22:21:29 +0800] "GET /media/posters/2015/7/22/d0e845d5-1631-4a6b-bbeb-16157145fa78.jpg HTTP/1.1" 200 155303 "http://zhao-mi.net/" "Mozilla/5.0 (Macintosh; Intel Mac OS X 10_10_2) AppleWebKit/537.36 (KHTML, like Gecko) Chrome/43.0.2357.134 Safari/537.36"
124.200.136.190 - - [22/Jul/2015:22:21:30 +0800] "GET /register/basic HTTP/1.1" 200 1068 "http://zhao-mi.net/register/basic" "Mozilla/5.0 (iPhone; CPU iPhone OS 8_3 like Mac OS X) AppleWebKit/600.1.4 (KHTML, like Gecko) Mobile/12F70 MicroMessenger/6.1.5 NetType/WIFI"
125.118.106.242 - - [22/Jul/2015:22:21:31 +0800] "GET /assets/imgs/icons.png HTTP/1.1" 200 47268 "http://zhao-mi.net/" "Mozilla/5.0 (Macintosh; Intel Mac OS X 10_10_2) AppleWebKit/537.36 (KHTML, like Gecko) Chrome/43.0.2357.134 Safari/537.36"
125.118.106.242 - - [22/Jul/2015:22:21:31 +0800] "GET /media/posters/2015/7/22/fa36bd49-2fd3-4791-9e70-eedaa2b58444.jpg HTTP/1.1" 200 131457 "http://zhao-mi.net/" "Mozilla/5.0 (Macintosh; Intel Mac OS X 10_10_2) AppleWebKit/537.36 (KHTML, like Gecko) Chrome/43.0.2357.134 Safari/537.36"
125.118.106.242 - - [22/Jul/2015:22:21:32 +0800] "GET /assets/imgs/logo.png HTTP/1.1" 200 1308 "http://zhao-mi.net/" "Mozilla/5.0 (Macintosh; Intel Mac OS X 10_10_2) AppleWebKit/537.36 (KHTML, like Gecko) Chrome/43.0.2357.134 Safari/537.36"
125.118.106.242 - - [22/Jul/2015:22:21:32 +0800] "GET /media/posters/2015/7/22/06c0f9f4-d67f-4a16-a79a-b340df6f049d.jpg HTTP/1.1" 200 116198 "http://zhao-mi.net/" "Mozilla/5.0 (Macintosh; Intel Mac OS X 10_10_2) AppleWebKit/537.36 (KHTML, like Gecko) Chrome/43.0.2357.134 Safari/537.36"
125.118.106.242 - - [22/Jul/2015:22:21:36 +0800] "GET /media/posters/2015/7/22/7f70f8b6-e637-449f-a08a-7ad7732831b8.jpg HTTP/1.1" 200 115746 "http://zhao-mi.net/" "Mozilla/5.0 (Macintosh; Intel Mac OS X 10_10_2) AppleWebKit/537.36 (KHTML, like Gecko) Chrome/43.0.2357.134 Safari/537.36"
125.118.106.242 - - [22/Jul/2015:22:21:38 +0800] "GET /media/posters/2015/7/21/d748b848-de5b-467c-8366-ce27c47e10b5.jpg HTTP/1.1" 200 383767 "http://zhao-mi.net/" "Mozilla/5.0 (Macintosh; Intel Mac OS X 10_10_2) AppleWebKit/537.36 (KHTML, like Gecko) Chrome/43.0.2357.134 Safari/537.36"
124.200.136.190 - - [22/Jul/2015:22:21:44 +0800] "POST /action/124/apply HTTP/1.1" 408 0 "-" "Mozilla/5.0 (iPhone; CPU iPhone OS 8_3 like Mac OS X) AppleWebKit/600.1.4 (KHTML, like Gecko) Mobile/12F70 MicroMessenger/6.1.5 NetType/WIFI"
125.118.106.242 - - [22/Jul/2015:22:21:52 +0800] "GET /media/homepage_posters/2015/7/22/3db57517-c6a2-4904-a1f7-dd886edbcbee.png HTTP/1.1" 200 1020568 "http://zhao-mi.net/" "Mozilla/5.0 (Macintosh; Intel Mac OS X 10_10_2) AppleWebKit/537.36 (KHTML, like Gecko) Chrome/43.0.2357.134 Safari/537.36"
125.118.106.242 - - [22/Jul/2015:22:21:54 +0800] "GET /media/homepage_posters/2015/7/22/a1105718-59f1-424c-8baa-b6f947ae4abd.png HTTP/1.1" 200 1272623 "http://zhao-mi.net/" "Mozilla/5.0 (Macintosh; Intel Mac OS X 10_10_2) AppleWebKit/537.36 (KHTML, like Gecko) Chrome/43.0.2357.134 Safari/537.36"
124.200.136.190 - - [22/Jul/2015:22:21:57 +0800] "POST /register/basic HTTP/1.1" 200 97 "http://zhao-mi.net/register/basic" "Mozilla/5.0 (iPhone; CPU iPhone OS 8_3 like Mac OS X) AppleWebKit/600.1.4 (KHTML, like Gecko) Mobile/12F70 MicroMessenger/6.1.5 NetType/WIFI"
125.118.106.242 - - [22/Jul/2015:22:22:00 +0800] "GET /media/homepage_posters/2015/7/22/33140e38-5c5f-46e4-8b4e-9c2c744f1c28.png HTTP/1.1" 200 1344100 "http://zhao-mi.net/" "Mozilla/5.0 (Macintosh; Intel Mac OS X 10_10_2) AppleWebKit/537.36 (KHTML, like Gecko) Chrome/43.0.2357.134 Safari/537.36"
59.66.200.87 - - [22/Jul/2015:22:22:04 +0800] "GET /action/118/detail HTTP/1.1" 200 1206 "http://zhao-mi.net/" "Mozilla/5.0 (iPhone; CPU iPhone OS 8_4 like Mac OS X) AppleWebKit/600.1.4 (KHTML, like Gecko) Version/8.0 Mobile/12H143 Safari/600.1.4"
59.66.200.87 - - [22/Jul/2015:22:22:04 +0800] "GET /m/lib/jquery/jquery.min.js HTTP/1.1" 304 0 "http://zhao-mi.net/m/demo/activity-start.html" "Mozilla/5.0 (iPhone; CPU iPhone OS 8_4 like Mac OS X) AppleWebKit/600.1.4 (KHTML, like Gecko) Version/8.0 Mobile/12H143 Safari/600.1.4"
59.66.200.87 - - [22/Jul/2015:22:22:04 +0800] "GET /m/modules/detail/img/banner.jpg HTTP/1.1" 304 0 "http://zhao-mi.net/action/121/detail" "Mozilla/5.0 (iPhone; CPU iPhone OS 8_4 like Mac OS X) AppleWebKit/600.1.4 (KHTML, like Gecko) Version/8.0 Mobile/12H143 Safari/600.1.4"
59.66.200.87 - - [22/Jul/2015:22:22:04 +0800] "GET /m/build/detail.js HTTP/1.1" 304 0 "http://zhao-mi.net/action/121/detail" "Mozilla/5.0 (iPhone; CPU iPhone OS 8_4 like Mac OS X) AppleWebKit/600.1.4 (KHTML, like Gecko) Version/8.0 Mobile/12H143 Safari/600.1.4"
59.66.200.87 - - [22/Jul/2015:22:22:04 +0800] "GET /m/assets/img/icon500x500.png HTTP/1.1" 304 0 "http://zhao-mi.net/m/demo/activity-start.html" "Mozilla/5.0 (iPhone; CPU iPhone OS 8_4 like Mac OS X) AppleWebKit/600.1.4 (KHTML, like Gecko) Version/8.0 Mobile/12H143 Safari/600.1.4"
59.66.200.87 - - [22/Jul/2015:22:22:12 +0800] "GET /action/121/detail HTTP/1.1" 200 1631 "http://zhao-mi.net/" "Mozilla/5.0 (iPhone; CPU iPhone OS 8_4 like Mac OS X) AppleWebKit/600.1.4 (KHTML, like Gecko) Version/8.0 Mobile/12H143 Safari/600.1.4"
124.200.136.190 - - [22/Jul/2015:22:22:19 +0800] "POST /login HTTP/1.1" 200 74 "http://zhao-mi.net/login" "Mozilla/5.0 (iPhone; CPU iPhone OS 8_3 like Mac OS X) AppleWebKit/600.1.4 (KHTML, like Gecko) Mobile/12F70 MicroMessenger/6.1.5 NetType/WIFI"
59.66.198.55 - - [22/Jul/2015:22:22:21 +0800] "GET /mine/start HTTP/1.1" 200 2918 "http://zhao-mi.net/" "Mozilla/5.0 (Macintosh; Intel Mac OS X 10_10_3) AppleWebKit/537.36 (KHTML, like Gecko) Chrome/43.0.2357.134 Safari/537.36"
59.66.198.55 - - [22/Jul/2015:22:22:21 +0800] "GET /lib/jquery-form/jquery.form.js HTTP/1.1" 304 0 "http://zhao-mi.net/mine/start" "Mozilla/5.0 (Macintosh; Intel Mac OS X 10_10_3) AppleWebKit/537.36 (KHTML, like Gecko) Chrome/43.0.2357.134 Safari/537.36"
59.66.198.55 - - [22/Jul/2015:22:22:21 +0800] "GET /build/mine.js HTTP/1.1" 200 125908 "http://zhao-mi.net/mine/start" "Mozilla/5.0 (Macintosh; Intel Mac OS X 10_10_3) AppleWebKit/537.36 (KHTML, like Gecko) Chrome/43.0.2357.134 Safari/537.36"
59.66.200.87 - - [22/Jul/2015:22:22:22 +0800] "POST /action/121/apply HTTP/1.1" 302 5 "http://zhao-mi.net/action/121/detail" "Mozilla/5.0 (iPhone; CPU iPhone OS 8_4 like Mac OS X) AppleWebKit/600.1.4 (KHTML, like Gecko) Version/8.0 Mobile/12H143 Safari/600.1.4"
59.66.200.87 - - [22/Jul/2015:22:22:23 +0800] "GET /login?next=/action/121/apply HTTP/1.1" 200 1084 "http://zhao-mi.net/action/121/detail" "Mozilla/5.0 (iPhone; CPU iPhone OS 8_4 like Mac OS X) AppleWebKit/600.1.4 (KHTML, like Gecko) Version/8.0 Mobile/12H143 Safari/600.1.4"
124.200.136.190 - - [22/Jul/2015:22:22:24 +0800] "POST /login HTTP/1.1" 200 74 "http://zhao-mi.net/login" "Mozilla/5.0 (iPhone; CPU iPhone OS 8_3 like Mac OS X) AppleWebKit/600.1.4 (KHTML, like Gecko) Mobile/12F70 MicroMessenger/6.1.5 NetType/WIFI"
59.66.198.55 - - [22/Jul/2015:22:22:24 +0800] "GET /static/assets/imgs/detail-banner.png HTTP/1.1" 200 550162 "http://zhao-mi.net/mine/start" "Mozilla/5.0 (Macintosh; Intel Mac OS X 10_10_3) AppleWebKit/537.36 (KHTML, like Gecko) Chrome/43.0.2357.134 Safari/537.36"
59.66.198.55 - - [22/Jul/2015:22:22:27 +0800] "GET /mine/apply?from=0&size=12 HTTP/1.1" 200 1993 "http://zhao-mi.net/mine/start" "Mozilla/5.0 (Macintosh; Intel Mac OS X 10_10_3) AppleWebKit/537.36 (KHTML, like Gecko) Chrome/43.0.2357.134 Safari/537.36"
59.66.198.55 - - [22/Jul/2015:22:22:29 +0800] "GET /mine/like?from=0&size=12 HTTP/1.1" 200 1551 "http://zhao-mi.net/mine/apply?from=0&size=12" "Mozilla/5.0 (Macintosh; Intel Mac OS X 10_10_3) AppleWebKit/537.36 (KHTML, like Gecko) Chrome/43.0.2357.134 Safari/537.36"
59.66.198.55 - - [22/Jul/2015:22:22:30 +0800] "GET /mine/group?from=0&size=12 HTTP/1.1" 200 1741 "http://zhao-mi.net/mine/like?from=0&size=12" "Mozilla/5.0 (Macintosh; Intel Mac OS X 10_10_3) AppleWebKit/537.36 (KHTML, like Gecko) Chrome/43.0.2357.134 Safari/537.36"
59.66.200.87 - - [22/Jul/2015:22:22:31 +0800] "GET / HTTP/1.1" 200 2426 "http://zhao-mi.net/action/121/detail" "Mozilla/5.0 (iPhone; CPU iPhone OS 8_4 like Mac OS X) AppleWebKit/600.1.4 (KHTML, like Gecko) Version/8.0 Mobile/12H143 Safari/600.1.4"
59.66.200.87 - - [22/Jul/2015:22:22:31 +0800] "GET /m/build/list.js HTTP/1.1" 304 0 "http://zhao-mi.net/" "Mozilla/5.0 (iPhone; CPU iPhone OS 8_4 like Mac OS X) AppleWebKit/600.1.4 (KHTML, like Gecko) Version/8.0 Mobile/12H143 Safari/600.1.4"
59.66.200.87 - - [22/Jul/2015:22:22:33 +0800] "GET /login HTTP/1.1" 200 1084 "http://zhao-mi.net/" "Mozilla/5.0 (iPhone; CPU iPhone OS 8_4 like Mac OS X) AppleWebKit/600.1.4 (KHTML, like Gecko) Version/8.0 Mobile/12H143 Safari/600.1.4"
59.66.200.87 - - [22/Jul/2015:22:22:34 +0800] "GET /m/lib/jquery-form/jquery.form.js HTTP/1.1" 200 43702 "http://zhao-mi.net/register/basic" "Mozilla/5.0 (iPhone; CPU iPhone OS 8_4 like Mac OS X) AppleWebKit/600.1.4 (KHTML, like Gecko) Version/8.0 Mobile/12H143 Safari/600.1.4"
59.66.200.87 - - [22/Jul/2015:22:22:34 +0800] "GET /m/build/login.js HTTP/1.1" 200 66360 "http://zhao-mi.net/login" "Mozilla/5.0 (iPhone; CPU iPhone OS 8_4 like Mac OS X) AppleWebKit/600.1.4 (KHTML, like Gecko) Version/8.0 Mobile/12H143 Safari/600.1.4"
59.66.200.87 - - [22/Jul/2015:22:22:35 +0800] "GET /m/assets/img/login-bg.png HTTP/1.1" 200 146258 "http://zhao-mi.net/register/basic" "Mozilla/5.0 (iPhone; CPU iPhone OS 8_4 like Mac OS X) AppleWebKit/600.1.4 (KHTML, like Gecko) Version/8.0 Mobile/12H143 Safari/600.1.4"
124.200.136.190 - - [22/Jul/2015:22:22:36 +0800] "POST /login HTTP/1.1" 200 74 "http://zhao-mi.net/login" "Mozilla/5.0 (iPhone; CPU iPhone OS 8_3 like Mac OS X) AppleWebKit/600.1.4 (KHTML, like Gecko) Mobile/12F70 MicroMessenger/6.1.5 NetType/WIFI"
124.200.136.190 - - [22/Jul/2015:22:22:40 +0800] "GET /resetpwd HTTP/1.1" 200 1143 "http://zhao-mi.net/login" "Mozilla/5.0 (iPhone; CPU iPhone OS 8_3 like Mac OS X) AppleWebKit/600.1.4 (KHTML, like Gecko) Mobile/12F70 MicroMessenger/6.1.5 NetType/WIFI"
59.66.198.55 - - [22/Jul/2015:22:22:47 +0800] "GET / HTTP/1.1" 200 2562 "http://zhao-mi.net/mine/group?from=0&size=12" "Mozilla/5.0 (Macintosh; Intel Mac OS X 10_10_3) AppleWebKit/537.36 (KHTML, like Gecko) Chrome/43.0.2357.134 Safari/537.36"
59.66.198.55 - - [22/Jul/2015:22:22:47 +0800] "GET /mine/start?from=0&size=12 HTTP/1.1" 200 2918 "http://zhao-mi.net/mine/group?from=0&size=12" "Mozilla/5.0 (Macintosh; Intel Mac OS X 10_10_3) AppleWebKit/537.36 (KHTML, like Gecko) Chrome/43.0.2357.134 Safari/537.36"
59.66.198.55 - - [22/Jul/2015:22:22:47 +0800] "GET /media/posters/2015/7/22/06c0f9f4-d67f-4a16-a79a-b340df6f049d.jpg HTTP/1.1" 304 0 "http://zhao-mi.net/" "Mozilla/5.0 (Macintosh; Intel Mac OS X 10_10_3) AppleWebKit/537.36 (KHTML, like Gecko) Chrome/43.0.2357.134 Safari/537.36"
59.66.198.55 - - [22/Jul/2015:22:22:47 +0800] "GET /media/posters/2015/7/22/d0e845d5-1631-4a6b-bbeb-16157145fa78.jpg HTTP/1.1" 304 0 "http://zhao-mi.net/" "Mozilla/5.0 (Macintosh; Intel Mac OS X 10_10_3) AppleWebKit/537.36 (KHTML, like Gecko) Chrome/43.0.2357.134 Safari/537.36"
59.66.198.55 - - [22/Jul/2015:22:22:47 +0800] "GET /media/posters/2015/7/22/46eede07-25c8-4d67-b68c-4dee8ab1f4ed.jpg HTTP/1.1" 304 0 "http://zhao-mi.net/" "Mozilla/5.0 (Macintosh; Intel Mac OS X 10_10_3) AppleWebKit/537.36 (KHTML, like Gecko) Chrome/43.0.2357.134 Safari/537.36"
124.200.136.190 - - [22/Jul/2015:22:22:50 +0800] "POST /sendcode HTTP/1.1" 500 9620 "http://zhao-mi.net/resetpwd" "Mozilla/5.0 (iPhone; CPU iPhone OS 8_3 like Mac OS X) AppleWebKit/600.1.4 (KHTML, like Gecko) Mobile/12F70 MicroMessenger/6.1.5 NetType/WIFI"
59.66.198.55 - - [22/Jul/2015:22:22:52 +0800] "GET /?from=12&size=12&callback=jQuery1113010653650667518377_1437574966994&_=1437574966995 HTTP/1.1" 200 84 "http://zhao-mi.net/" "Mozilla/5.0 (Macintosh; Intel Mac OS X 10_10_3) AppleWebKit/537.36 (KHTML, like Gecko) Chrome/43.0.2357.134 Safari/537.36"
123.125.106.97 - - [22/Jul/2015:22:23:00 +0800] "GET /action/undefined?code=undefined HTTP/1.1" 404 1573 "-" "SinaWeiboBot"
124.200.136.190 - - [22/Jul/2015:22:23:02 +0800] "POST /sendcode HTTP/1.1" 500 9620 "http://zhao-mi.net/resetpwd" "Mozilla/5.0 (iPhone; CPU iPhone OS 8_3 like Mac OS X) AppleWebKit/600.1.4 (KHTML, like Gecko) Mobile/12F70 MicroMessenger/6.1.5 NetType/WIFI"
124.200.136.190 - - [22/Jul/2015:22:23:04 +0800] "POST /sendcode HTTP/1.1" 500 9620 "http://zhao-mi.net/resetpwd" "Mozilla/5.0 (iPhone; CPU iPhone OS 8_3 like Mac OS X) AppleWebKit/600.1.4 (KHTML, like Gecko) Mobile/12F70 MicroMessenger/6.1.5 NetType/WIFI"
124.200.136.190 - - [22/Jul/2015:22:23:05 +0800] "POST /sendcode HTTP/1.1" 500 9620 "http://zhao-mi.net/resetpwd" "Mozilla/5.0 (iPhone; CPU iPhone OS 8_3 like Mac OS X) AppleWebKit/600.1.4 (KHTML, like Gecko) Mobile/12F70 MicroMessenger/6.1.5 NetType/WIFI"
124.200.136.190 - - [22/Jul/2015:22:23:06 +0800] "POST /sendcode HTTP/1.1" 500 9620 "http://zhao-mi.net/resetpwd" "Mozilla/5.0 (iPhone; CPU iPhone OS 8_3 like Mac OS X) AppleWebKit/600.1.4 (KHTML, like Gecko) Mobile/12F70 MicroMessenger/6.1.5 NetType/WIFI"
124.200.136.190 - - [22/Jul/2015:22:23:11 +0800] "POST /sendcode HTTP/1.1" 500 9620 "http://zhao-mi.net/resetpwd" "Mozilla/5.0 (iPhone; CPU iPhone OS 8_3 like Mac OS X) AppleWebKit/600.1.4 (KHTML, like Gecko) Mobile/12F70 MicroMessenger/6.1.5 NetType/WIFI"
124.200.136.190 - - [22/Jul/2015:22:23:15 +0800] "POST /sendcode HTTP/1.1" 500 9620 "http://zhao-mi.net/resetpwd" "Mozilla/5.0 (iPhone; CPU iPhone OS 8_3 like Mac OS X) AppleWebKit/600.1.4 (KHTML, like Gecko) Mobile/12F70 MicroMessenger/6.1.5 NetType/WIFI"
59.66.200.87 - - [22/Jul/2015:22:23:18 +0800] "POST /login HTTP/1.1" 200 50 "http://zhao-mi.net/login" "Mozilla/5.0 (iPhone; CPU iPhone OS 8_4 like Mac OS X) AppleWebKit/600.1.4 (KHTML, like Gecko) Version/8.0 Mobile/12H143 Safari/600.1.4"
59.66.200.87 - - [22/Jul/2015:22:23:18 +0800] "GET / HTTP/1.1" 200 2491 "http://zhao-mi.net/login" "Mozilla/5.0 (iPhone; CPU iPhone OS 8_4 like Mac OS X) AppleWebKit/600.1.4 (KHTML, like Gecko) Version/8.0 Mobile/12H143 Safari/600.1.4"
59.66.200.87 - - [22/Jul/2015:22:23:18 +0800] "GET /m/lib/jquery/jquery.min.js HTTP/1.1" 304 0 "http://zhao-mi.net/m/demo/activity-start.html" "Mozilla/5.0 (iPhone; CPU iPhone OS 8_4 like Mac OS X) AppleWebKit/600.1.4 (KHTML, like Gecko) Version/8.0 Mobile/12H143 Safari/600.1.4"
59.66.200.87 - - [22/Jul/2015:22:23:19 +0800] "GET /media/avatars/2015/7/8/c7a1d578-ceac-47d1-bd37-065daa4867c7.png HTTP/1.1" 200 3240 "http://zhao-mi.net/" "Mozilla/5.0 (iPhone; CPU iPhone OS 8_4 like Mac OS X) AppleWebKit/600.1.4 (KHTML, like Gecko) Version/8.0 Mobile/12H143 Safari/600.1.4"
59.66.200.87 - - [22/Jul/2015:22:23:19 +0800] "GET /m/assets/img/icon500x500.png HTTP/1.1" 304 0 "http://zhao-mi.net/m/demo/activity-start.html" "Mozilla/5.0 (iPhone; CPU iPhone OS 8_4 like Mac OS X) AppleWebKit/600.1.4 (KHTML, like Gecko) Version/8.0 Mobile/12H143 Safari/600.1.4"
59.66.200.87 - - [22/Jul/2015:22:23:23 +0800] "GET /mine/start HTTP/1.1" 200 2088 "http://zhao-mi.net/" "Mozilla/5.0 (iPhone; CPU iPhone OS 8_4 like Mac OS X) AppleWebKit/600.1.4 (KHTML, like Gecko) Version/8.0 Mobile/12H143 Safari/600.1.4"
59.66.200.87 - - [22/Jul/2015:22:23:23 +0800] "GET /m/build/activity.js HTTP/1.1" 200 55460 "http://zhao-mi.net/m/demo/activity-start.html" "Mozilla/5.0 (iPhone; CPU iPhone OS 8_4 like Mac OS X) AppleWebKit/600.1.4 (KHTML, like Gecko) Version/8.0 Mobile/12H143 Safari/600.1.4"
59.66.200.87 - - [22/Jul/2015:22:23:23 +0800] "GET /media/posters/2015/7/21/06b9c03a-8df7-43a9-9a5b-5ce7da2aadab.png HTTP/1.1" 200 4862 "http://zhao-mi.net/mine/start" "Mozilla/5.0 (iPhone; CPU iPhone OS 8_4 like Mac OS X) AppleWebKit/600.1.4 (KHTML, like Gecko) Version/8.0 Mobile/12H143 Safari/600.1.4"
59.66.200.87 - - [22/Jul/2015:22:23:25 +0800] "GET /media/posters/2015/7/21/de27f1eb-ba43-4876-8ad8-52f1ccb331ca.jpg HTTP/1.1" 200 269486 "http://zhao-mi.net/mine/start" "Mozilla/5.0 (iPhone; CPU iPhone OS 8_4 like Mac OS X) AppleWebKit/600.1.4 (KHTML, like Gecko) Version/8.0 Mobile/12H143 Safari/600.1.4"
124.200.136.190 - - [22/Jul/2015:22:23:40 +0800] "GET /register/basic HTTP/1.1" 200 1068 "http://zhao-mi.net/login" "Mozilla/5.0 (iPhone; CPU iPhone OS 8_3 like Mac OS X) AppleWebKit/600.1.4 (KHTML, like Gecko) Mobile/12F70 MicroMessenger/6.1.5 NetType/WIFI"
59.66.201.23 - - [22/Jul/2015:22:23:47 +0800] "GET / HTTP/1.1" 200 2551 "-" "Mozilla/5.0 (Macintosh; Intel Mac OS X 10_11) AppleWebKit/601.1.37 (KHTML, like Gecko) Version/9.0 Safari/601.1.37"
59.66.201.23 - - [22/Jul/2015:22:23:47 +0800] "GET /media/posters/2015/7/22/46eede07-25c8-4d67-b68c-4dee8ab1f4ed.jpg HTTP/1.1" 304 0 "http://zhao-mi.net/" "Mozilla/5.0 (Macintosh; Intel Mac OS X 10_11) AppleWebKit/601.1.37 (KHTML, like Gecko) Version/9.0 Safari/601.1.37"
59.66.201.23 - - [22/Jul/2015:22:23:48 +0800] "GET /admin/login/?next=/admin/ HTTP/1.1" 302 5 "-" "Mozilla/5.0 (Macintosh; Intel Mac OS X 10_11) AppleWebKit/601.1.37 (KHTML, like Gecko) Version/9.0 Safari/601.1.37"
59.66.201.23 - - [22/Jul/2015:22:23:48 +0800] "GET /admin/ HTTP/1.1" 200 1638 "-" "Mozilla/5.0 (Macintosh; Intel Mac OS X 10_11) AppleWebKit/601.1.37 (KHTML, like Gecko) Version/9.0 Safari/601.1.37"
59.66.201.23 - - [22/Jul/2015:22:23:49 +0800] "GET /static/admin/css/base.css HTTP/1.1" 200 14049 "http://zhao-mi.net/admin/" "Mozilla/5.0 (Macintosh; Intel Mac OS X 10_11) AppleWebKit/601.1.37 (KHTML, like Gecko) Version/9.0 Safari/601.1.37"
59.66.201.23 - - [22/Jul/2015:22:23:49 +0800] "GET /static/admin/css/dashboard.css HTTP/1.1" 200 434 "http://zhao-mi.net/admin/" "Mozilla/5.0 (Macintosh; Intel Mac OS X 10_11) AppleWebKit/601.1.37 (KHTML, like Gecko) Version/9.0 Safari/601.1.37"
59.66.201.23 - - [22/Jul/2015:22:23:49 +0800] "GET /static/admin/img/default-bg.gif HTTP/1.1" 200 836 "http://zhao-mi.net/admin/" "Mozilla/5.0 (Macintosh; Intel Mac OS X 10_11) AppleWebKit/601.1.37 (KHTML, like Gecko) Version/9.0 Safari/601.1.37"
59.66.201.23 - - [22/Jul/2015:22:23:49 +0800] "GET /static/admin/img/icon_addlink.gif HTTP/1.1" 200 119 "http://zhao-mi.net/admin/" "Mozilla/5.0 (Macintosh; Intel Mac OS X 10_11) AppleWebKit/601.1.37 (KHTML, like Gecko) Version/9.0 Safari/601.1.37"
59.66.201.23 - - [22/Jul/2015:22:23:49 +0800] "GET /static/admin/img/nav-bg.gif HTTP/1.1" 304 0 "http://zhao-mi.net/admin/" "Mozilla/5.0 (Macintosh; Intel Mac OS X 10_11) AppleWebKit/601.1.37 (KHTML, like Gecko) Version/9.0 Safari/601.1.37"
59.66.201.23 - - [22/Jul/2015:22:23:49 +0800] "GET /static/admin/img/icon_deletelink.gif HTTP/1.1" 200 181 "http://zhao-mi.net/admin/" "Mozilla/5.0 (Macintosh; Intel Mac OS X 10_11) AppleWebKit/601.1.37 (KHTML, like Gecko) Version/9.0 Safari/601.1.37"
59.66.201.23 - - [22/Jul/2015:22:23:49 +0800] "GET /static/admin/img/icon_changelink.gif HTTP/1.1" 200 119 "http://zhao-mi.net/admin/" "Mozilla/5.0 (Macintosh; Intel Mac OS X 10_11) AppleWebKit/601.1.37 (KHTML, like Gecko) Version/9.0 Safari/601.1.37"
59.66.201.23 - - [22/Jul/2015:22:23:49 +0800] "GET /admin HTTP/1.1" 301 5 "-" "Mozilla/5.0 (Macintosh; Intel Mac OS X 10_11) AppleWebKit/601.1.37 (KHTML, like Gecko) Version/9.0 Safari/601.1.37"
59.66.201.23 - - [22/Jul/2015:22:23:49 +0800] "GET /admin/ HTTP/1.1" 200 1638 "-" "Mozilla/5.0 (Macintosh; Intel Mac OS X 10_11) AppleWebKit/601.1.37 (KHTML, like Gecko) Version/9.0 Safari/601.1.37"
59.66.201.23 - - [22/Jul/2015:22:23:49 +0800] "GET /apple-touch-icon-precomposed.png HTTP/1.1" 404 1338 "-" "Safari/11601.1.37.1 CFNetwork/750.2 Darwin/15.0.0 (x86_64)"
59.66.201.23 - - [22/Jul/2015:22:23:49 +0800] "GET /apple-touch-icon.png HTTP/1.1" 404 1330 "-" "Safari/11601.1.37.1 CFNetwork/750.2 Darwin/15.0.0 (x86_64)"
59.66.201.23 - - [22/Jul/2015:22:23:50 +0800] "GET /admin HTTP/1.1" 301 5 "-" "Mozilla/5.0 (Macintosh; Intel Mac OS X 10_11) AppleWebKit/601.1.37 (KHTML, like Gecko) Version/9.0 Safari/601.1.37"
59.66.201.23 - - [22/Jul/2015:22:23:50 +0800] "GET /admin/ HTTP/1.1" 200 1638 "-" "Mozilla/5.0 (Macintosh; Intel Mac OS X 10_11) AppleWebKit/601.1.37 (KHTML, like Gecko) Version/9.0 Safari/601.1.37"
59.66.201.23 - - [22/Jul/2015:22:23:54 +0800] "GET /admin/Activity/activitytype/ HTTP/1.1" 200 1813 "http://zhao-mi.net/admin/" "Mozilla/5.0 (Macintosh; Intel Mac OS X 10_11) AppleWebKit/601.1.37 (KHTML, like Gecko) Version/9.0 Safari/601.1.37"
59.66.201.23 - - [22/Jul/2015:22:23:54 +0800] "GET /static/admin/css/changelists.css HTTP/1.1" 200 5254 "http://zhao-mi.net/admin/Activity/activitytype/" "Mozilla/5.0 (Macintosh; Intel Mac OS X 10_11) AppleWebKit/601.1.37 (KHTML, like Gecko) Version/9.0 Safari/601.1.37"
59.66.201.23 - - [22/Jul/2015:22:23:54 +0800] "GET /static/admin/js/actions.js HTTP/1.1" 200 4910 "http://zhao-mi.net/admin/Activity/activitytype/" "Mozilla/5.0 (Macintosh; Intel Mac OS X 10_11) AppleWebKit/601.1.37 (KHTML, like Gecko) Version/9.0 Safari/601.1.37"
59.66.201.23 - - [22/Jul/2015:22:23:54 +0800] "GET /static/admin/js/admin/RelatedObjectLookups.js HTTP/1.1" 200 4464 "http://zhao-mi.net/admin/Activity/activitytype/" "Mozilla/5.0 (Macintosh; Intel Mac OS X 10_11) AppleWebKit/601.1.37 (KHTML, like Gecko) Version/9.0 Safari/601.1.37"
59.66.201.23 - - [22/Jul/2015:22:23:54 +0800] "GET /static/admin/js/jquery.init.js HTTP/1.1" 200 326 "http://zhao-mi.net/admin/Activity/activitytype/" "Mozilla/5.0 (Macintosh; Intel Mac OS X 10_11) AppleWebKit/601.1.37 (KHTML, like Gecko) Version/9.0 Safari/601.1.37"
59.66.201.23 - - [22/Jul/2015:22:23:54 +0800] "GET /static/admin/js/core.js HTTP/1.1" 200 7522 "http://zhao-mi.net/admin/Activity/activitytype/" "Mozilla/5.0 (Macintosh; Intel Mac OS X 10_11) AppleWebKit/601.1.37 (KHTML, like Gecko) Version/9.0 Safari/601.1.37"
59.66.201.23 - - [22/Jul/2015:22:23:54 +0800] "GET /admin/jsi18n/ HTTP/1.1" 200 2384 "http://zhao-mi.net/admin/Activity/activitytype/" "Mozilla/5.0 (Macintosh; Intel Mac OS X 10_11) AppleWebKit/601.1.37 (KHTML, like Gecko) Version/9.0 Safari/601.1.37"
59.66.201.23 - - [22/Jul/2015:22:23:55 +0800] "GET /static/admin/js/jquery.js HTTP/1.1" 200 284184 "http://zhao-mi.net/admin/Activity/activitytype/" "Mozilla/5.0 (Macintosh; Intel Mac OS X 10_11) AppleWebKit/601.1.37 (KHTML, like Gecko) Version/9.0 Safari/601.1.37"
59.66.201.23 - - [22/Jul/2015:22:23:57 +0800] "GET /static/admin/img/nav-bg-reverse.gif HTTP/1.1" 304 0 "http://zhao-mi.net/admin/Activity/activitytype/" "Mozilla/5.0 (Macintosh; Intel Mac OS X 10_11) AppleWebKit/601.1.37 (KHTML, like Gecko) Version/9.0 Safari/601.1.37"
59.66.201.23 - - [22/Jul/2015:22:23:57 +0800] "GET /static/admin/img/tooltag-add.png HTTP/1.1" 200 119 "http://zhao-mi.net/admin/Activity/activitytype/" "Mozilla/5.0 (Macintosh; Intel Mac OS X 10_11) AppleWebKit/601.1.37 (KHTML, like Gecko) Version/9.0 Safari/601.1.37"
59.66.201.23 - - [22/Jul/2015:22:23:58 +0800] "GET /static/admin/img/nav-bg-reverse.gif HTTP/1.1" 304 0 "http://zhao-mi.net/admin/Activity/activitytype/" "Mozilla/5.0 (Macintosh; Intel Mac OS X 10_11) AppleWebKit/601.1.37 (KHTML, like Gecko) Version/9.0 Safari/601.1.37"
124.200.136.190 - - [22/Jul/2015:22:23:59 +0800] "POST /register/basic HTTP/1.1" 200 85 "http://zhao-mi.net/register/basic" "Mozilla/5.0 (iPhone; CPU iPhone OS 8_3 like Mac OS X) AppleWebKit/600.1.4 (KHTML, like Gecko) Mobile/12F70 MicroMessenger/6.1.5 NetType/WIFI"
59.66.201.23 - - [22/Jul/2015:22:24:03 +0800] "GET /admin/Activity/activitytype/add/ HTTP/1.1" 200 5633 "http://zhao-mi.net/admin/Activity/activitytype/" "Mozilla/5.0 (Macintosh; Intel Mac OS X 10_11) AppleWebKit/601.1.37 (KHTML, like Gecko) Version/9.0 Safari/601.1.37"
59.66.201.23 - - [22/Jul/2015:22:24:03 +0800] "GET /static/admin/css/forms.css HTTP/1.1" 200 6266 "http://zhao-mi.net/admin/Activity/activitytype/add/" "Mozilla/5.0 (Macintosh; Intel Mac OS X 10_11) AppleWebKit/601.1.37 (KHTML, like Gecko) Version/9.0 Safari/601.1.37"
59.66.201.23 - - [22/Jul/2015:22:24:03 +0800] "GET /static/admin/js/related-widget-wrapper.js HTTP/1.1" 200 857 "http://zhao-mi.net/admin/Activity/activitytype/add/" "Mozilla/5.0 (Macintosh; Intel Mac OS X 10_11) AppleWebKit/601.1.37 (KHTML, like Gecko) Version/9.0 Safari/601.1.37"
59.66.201.23 - - [22/Jul/2015:22:24:03 +0800] "GET /static/admin/js/inlines.js HTTP/1.1" 200 11191 "http://zhao-mi.net/admin/Activity/activitytype/add/" "Mozilla/5.0 (Macintosh; Intel Mac OS X 10_11) AppleWebKit/601.1.37 (KHTML, like Gecko) Version/9.0 Safari/601.1.37"
59.66.201.23 - - [22/Jul/2015:22:24:03 +0800] "GET /static/admin/js/admin/DateTimeShortcuts.js HTTP/1.1" 200 17161 "http://zhao-mi.net/admin/Activity/activitytype/add/" "Mozilla/5.0 (Macintosh; Intel Mac OS X 10_11) AppleWebKit/601.1.37 (KHTML, like Gecko) Version/9.0 Safari/601.1.37"
59.66.201.23 - - [22/Jul/2015:22:24:03 +0800] "GET /static/admin/js/calendar.js HTTP/1.1" 200 5969 "http://zhao-mi.net/admin/Activity/activitytype/add/" "Mozilla/5.0 (Macintosh; Intel Mac OS X 10_11) AppleWebKit/601.1.37 (KHTML, like Gecko) Version/9.0 Safari/601.1.37"
59.66.201.23 - - [22/Jul/2015:22:24:03 +0800] "GET /admin/jsi18n/ HTTP/1.1" 200 2384 "http://zhao-mi.net/admin/Activity/activitytype/add/" "Mozilla/5.0 (Macintosh; Intel Mac OS X 10_11) AppleWebKit/601.1.37 (KHTML, like Gecko) Version/9.0 Safari/601.1.37"
59.66.201.23 - - [22/Jul/2015:22:24:03 +0800] "GET /static/admin/css/widgets.css HTTP/1.1" 200 10510 "http://zhao-mi.net/admin/Activity/activitytype/add/" "Mozilla/5.0 (Macintosh; Intel Mac OS X 10_11) AppleWebKit/601.1.37 (KHTML, like Gecko) Version/9.0 Safari/601.1.37"
59.66.201.23 - - [22/Jul/2015:22:24:04 +0800] "GET /static/admin/img/icon_calendar.gif HTTP/1.1" 200 192 "http://zhao-mi.net/admin/Activity/activitytype/add/" "Mozilla/5.0 (Macintosh; Intel Mac OS X 10_11) AppleWebKit/601.1.37 (KHTML, like Gecko) Version/9.0 Safari/601.1.37"
59.66.201.23 - - [22/Jul/2015:22:24:04 +0800] "GET /static/admin/img/icon_clock.gif HTTP/1.1" 200 390 "http://zhao-mi.net/admin/Activity/activitytype/add/" "Mozilla/5.0 (Macintosh; Intel Mac OS X 10_11) AppleWebKit/601.1.37 (KHTML, like Gecko) Version/9.0 Safari/601.1.37"
124.200.136.190 - - [22/Jul/2015:22:24:09 +0800] "POST /register/basic HTTP/1.1" 200 58 "http://zhao-mi.net/register/basic" "Mozilla/5.0 (iPhone; CPU iPhone OS 8_3 like Mac OS X) AppleWebKit/600.1.4 (KHTML, like Gecko) Mobile/12F70 MicroMessenger/6.1.5 NetType/WIFI"
124.200.136.190 - - [22/Jul/2015:22:24:10 +0800] "GET /register HTTP/1.1" 200 1494 "http://zhao-mi.net/register/basic" "Mozilla/5.0 (iPhone; CPU iPhone OS 8_3 like Mac OS X) AppleWebKit/600.1.4 (KHTML, like Gecko) Mobile/12F70 MicroMessenger/6.1.5 NetType/WIFI"
124.200.136.190 - - [22/Jul/2015:22:24:21 +0800] "POST /sendcode HTTP/1.1" 500 9620 "http://zhao-mi.net/register" "Mozilla/5.0 (iPhone; CPU iPhone OS 8_3 like Mac OS X) AppleWebKit/600.1.4 (KHTML, like Gecko) Mobile/12F70 MicroMessenger/6.1.5 NetType/WIFI"
124.200.136.190 - - [22/Jul/2015:22:24:25 +0800] "POST /sendcode HTTP/1.1" 500 9620 "http://zhao-mi.net/register" "Mozilla/5.0 (iPhone; CPU iPhone OS 8_3 like Mac OS X) AppleWebKit/600.1.4 (KHTML, like Gecko) Mobile/12F70 MicroMessenger/6.1.5 NetType/WIFI"
124.200.136.190 - - [22/Jul/2015:22:24:27 +0800] "POST /sendcode HTTP/1.1" 500 9620 "http://zhao-mi.net/register" "Mozilla/5.0 (iPhone; CPU iPhone OS 8_3 like Mac OS X) AppleWebKit/600.1.4 (KHTML, like Gecko) Mobile/12F70 MicroMessenger/6.1.5 NetType/WIFI"
124.200.136.190 - - [22/Jul/2015:22:24:30 +0800] "POST /sendcode HTTP/1.1" 500 9620 "http://zhao-mi.net/register" "Mozilla/5.0 (iPhone; CPU iPhone OS 8_3 like Mac OS X) AppleWebKit/600.1.4 (KHTML, like Gecko) Mobile/12F70 MicroMessenger/6.1.5 NetType/WIFI"
124.200.136.190 - - [22/Jul/2015:22:24:32 +0800] "GET / HTTP/1.1" 200 2426 "http://zhao-mi.net/register" "Mozilla/5.0 (iPhone; CPU iPhone OS 8_3 like Mac OS X) AppleWebKit/600.1.4 (KHTML, like Gecko) Mobile/12F70 MicroMessenger/6.1.5 NetType/WIFI"
124.200.136.190 - - [22/Jul/2015:22:24:32 +0800] "GET /media/posters/2015/7/22/46eede07-25c8-4d67-b68c-4dee8ab1f4ed.jpg HTTP/1.1" 304 0 "http://zhao-mi.net/" "Mozilla/5.0 (iPhone; CPU iPhone OS 8_3 like Mac OS X) AppleWebKit/600.1.4 (KHTML, like Gecko) Mobile/12F70 MicroMessenger/6.1.5 NetType/WIFI"
124.200.136.190 - - [22/Jul/2015:22:24:34 +0800] "GET /media/posters/2015/7/22/06c0f9f4-d67f-4a16-a79a-b340df6f049d.jpg HTTP/1.1" 200 116198 "http://zhao-mi.net/" "Mozilla/5.0 (iPhone; CPU iPhone OS 8_3 like Mac OS X) AppleWebKit/600.1.4 (KHTML, like Gecko) Mobile/12F70 MicroMessenger/6.1.5 NetType/WIFI"
124.200.136.190 - - [22/Jul/2015:22:24:35 +0800] "GET /media/posters/2015/7/22/fa36bd49-2fd3-4791-9e70-eedaa2b58444.jpg HTTP/1.1" 200 131457 "http://zhao-mi.net/" "Mozilla/5.0 (iPhone; CPU iPhone OS 8_3 like Mac OS X) AppleWebKit/600.1.4 (KHTML, like Gecko) Mobile/12F70 MicroMessenger/6.1.5 NetType/WIFI"
124.200.136.190 - - [22/Jul/2015:22:24:36 +0800] "GET /media/posters/2015/7/22/d0e845d5-1631-4a6b-bbeb-16157145fa78.jpg HTTP/1.1" 200 155303 "http://zhao-mi.net/" "Mozilla/5.0 (iPhone; CPU iPhone OS 8_3 like Mac OS X) AppleWebKit/600.1.4 (KHTML, like Gecko) Mobile/12F70 MicroMessenger/6.1.5 NetType/WIFI"
124.200.136.190 - - [22/Jul/2015:22:24:36 +0800] "GET /media/posters/2015/7/22/7f70f8b6-e637-449f-a08a-7ad7732831b8.jpg HTTP/1.1" 200 115746 "http://zhao-mi.net/" "Mozilla/5.0 (iPhone; CPU iPhone OS 8_3 like Mac OS X) AppleWebKit/600.1.4 (KHTML, like Gecko) Mobile/12F70 MicroMessenger/6.1.5 NetType/WIFI"
124.200.136.190 - - [22/Jul/2015:22:24:41 +0800] "GET /media/homepage_posters/2015/7/22/a1105718-59f1-424c-8baa-b6f947ae4abd.png HTTP/1.1" 200 465275 "http://zhao-mi.net/" "Mozilla/5.0 (iPhone; CPU iPhone OS 8_3 like Mac OS X) AppleWebKit/600.1.4 (KHTML, like Gecko) Mobile/12F70 MicroMessenger/6.1.5 NetType/WIFI"
124.200.136.190 - - [22/Jul/2015:22:24:41 +0800] "GET /media/homepage_posters/2015/7/22/33140e38-5c5f-46e4-8b4e-9c2c744f1c28.png HTTP/1.1" 200 385307 "http://zhao-mi.net/" "Mozilla/5.0 (iPhone; CPU iPhone OS 8_3 like Mac OS X) AppleWebKit/600.1.4 (KHTML, like Gecko) Mobile/12F70 MicroMessenger/6.1.5 NetType/WIFI"
124.200.136.190 - - [22/Jul/2015:22:24:41 +0800] "GET /media/posters/2015/7/21/d748b848-de5b-467c-8366-ce27c47e10b5.jpg HTTP/1.1" 200 279636 "http://zhao-mi.net/" "Mozilla/5.0 (iPhone; CPU iPhone OS 8_3 like Mac OS X) AppleWebKit/600.1.4 (KHTML, like Gecko) Mobile/12F70 MicroMessenger/6.1.5 NetType/WIFI"
59.66.201.23 - - [22/Jul/2015:22:24:48 +0800] "POST /admin/Activity/activitytype/add/ HTTP/1.1" 302 5 "http://zhao-mi.net/admin/Activity/activitytype/add/" "Mozilla/5.0 (Macintosh; Intel Mac OS X 10_11) AppleWebKit/601.1.37 (KHTML, like Gecko) Version/9.0 Safari/601.1.37"
59.66.201.23 - - [22/Jul/2015:22:24:48 +0800] "GET /admin/Activity/activitytype/ HTTP/1.1" 200 1899 "http://zhao-mi.net/admin/Activity/activitytype/add/" "Mozilla/5.0 (Macintosh; Intel Mac OS X 10_11) AppleWebKit/601.1.37 (KHTML, like Gecko) Version/9.0 Safari/601.1.37"
59.66.201.23 - - [22/Jul/2015:22:24:48 +0800] "GET /admin/jsi18n/ HTTP/1.1" 200 2384 "http://zhao-mi.net/admin/Activity/activitytype/" "Mozilla/5.0 (Macintosh; Intel Mac OS X 10_11) AppleWebKit/601.1.37 (KHTML, like Gecko) Version/9.0 Safari/601.1.37"
59.66.201.23 - - [22/Jul/2015:22:24:48 +0800] "GET /static/admin/img/icon_success.gif HTTP/1.1" 200 341 "http://zhao-mi.net/admin/Activity/activitytype/" "Mozilla/5.0 (Macintosh; Intel Mac OS X 10_11) AppleWebKit/601.1.37 (KHTML, like Gecko) Version/9.0 Safari/601.1.37"
59.66.200.87 - - [22/Jul/2015:22:24:51 +0800] "GET /mine/start HTTP/1.1" 200 2088 "http://zhao-mi.net/" "Mozilla/5.0 (iPhone; CPU iPhone OS 8_4 like Mac OS X) AppleWebKit/600.1.4 (KHTML, like Gecko) Version/8.0 Mobile/12H143 Safari/600.1.4"
59.66.200.87 - - [22/Jul/2015:22:24:51 +0800] "GET /m/lib/jquery/jquery.min.js HTTP/1.1" 304 0 "http://zhao-mi.net/m/demo/activity-start.html" "Mozilla/5.0 (iPhone; CPU iPhone OS 8_4 like Mac OS X) AppleWebKit/600.1.4 (KHTML, like Gecko) Version/8.0 Mobile/12H143 Safari/600.1.4"
59.66.200.87 - - [22/Jul/2015:22:24:52 +0800] "GET /media/avatars/2015/7/8/c7a1d578-ceac-47d1-bd37-065daa4867c7.png HTTP/1.1" 304 0 "http://zhao-mi.net/" "Mozilla/5.0 (iPhone; CPU iPhone OS 8_4 like Mac OS X) AppleWebKit/600.1.4 (KHTML, like Gecko) Version/8.0 Mobile/12H143 Safari/600.1.4"
59.66.200.87 - - [22/Jul/2015:22:24:52 +0800] "GET /media/posters/2015/7/21/d748b848-de5b-467c-8366-ce27c47e10b5.jpg HTTP/1.1" 304 0 "http://zhao-mi.net/" "Mozilla/5.0 (iPhone; CPU iPhone OS 8_4 like Mac OS X) AppleWebKit/600.1.4 (KHTML, like Gecko) Version/8.0 Mobile/12H143 Safari/600.1.4"
59.66.200.87 - - [22/Jul/2015:22:24:52 +0800] "GET /m/build/activity.js HTTP/1.1" 304 0 "http://zhao-mi.net/m/demo/activity-start.html" "Mozilla/5.0 (iPhone; CPU iPhone OS 8_4 like Mac OS X) AppleWebKit/600.1.4 (KHTML, like Gecko) Version/8.0 Mobile/12H143 Safari/600.1.4"
59.66.200.87 - - [22/Jul/2015:22:24:52 +0800] "GET /media/posters/2015/7/21/de27f1eb-ba43-4876-8ad8-52f1ccb331ca.jpg HTTP/1.1" 304 0 "http://zhao-mi.net/mine/start" "Mozilla/5.0 (iPhone; CPU iPhone OS 8_4 like Mac OS X) AppleWebKit/600.1.4 (KHTML, like Gecko) Version/8.0 Mobile/12H143 Safari/600.1.4"
59.66.200.87 - - [22/Jul/2015:22:24:52 +0800] "GET /media/posters/2015/7/21/06b9c03a-8df7-43a9-9a5b-5ce7da2aadab.png HTTP/1.1" 304 0 "http://zhao-mi.net/mine/start" "Mozilla/5.0 (iPhone; CPU iPhone OS 8_4 like Mac OS X) AppleWebKit/600.1.4 (KHTML, like Gecko) Version/8.0 Mobile/12H143 Safari/600.1.4"
59.66.200.87 - - [22/Jul/2015:22:24:52 +0800] "GET /m/assets/img/icon500x500.png HTTP/1.1" 304 0 "http://zhao-mi.net/m/demo/activity-start.html" "Mozilla/5.0 (iPhone; CPU iPhone OS 8_4 like Mac OS X) AppleWebKit/600.1.4 (KHTML, like Gecko) Version/8.0 Mobile/12H143 Safari/600.1.4"
59.66.200.87 - - [22/Jul/2015:22:24:55 +0800] "GET / HTTP/1.1" 200 2504 "http://zhao-mi.net/mine/start" "Mozilla/5.0 (iPhone; CPU iPhone OS 8_4 like Mac OS X) AppleWebKit/600.1.4 (KHTML, like Gecko) Version/8.0 Mobile/12H143 Safari/600.1.4"
59.66.200.87 - - [22/Jul/2015:22:24:55 +0800] "GET /m/build/list.js HTTP/1.1" 304 0 "http://zhao-mi.net/" "Mozilla/5.0 (iPhone; CPU iPhone OS 8_4 like Mac OS X) AppleWebKit/600.1.4 (KHTML, like Gecko) Version/8.0 Mobile/12H143 Safari/600.1.4"
59.66.200.87 - - [22/Jul/2015:22:24:55 +0800] "GET /media/posters/2015/7/22/06c0f9f4-d67f-4a16-a79a-b340df6f049d.jpg HTTP/1.1" 304 0 "http://zhao-mi.net/" "Mozilla/5.0 (iPhone; CPU iPhone OS 8_4 like Mac OS X) AppleWebKit/600.1.4 (KHTML, like Gecko) Version/8.0 Mobile/12H143 Safari/600.1.4"
59.66.200.87 - - [22/Jul/2015:22:24:55 +0800] "GET /media/posters/2015/7/22/d0e845d5-1631-4a6b-bbeb-16157145fa78.jpg HTTP/1.1" 304 0 "http://zhao-mi.net/" "Mozilla/5.0 (iPhone; CPU iPhone OS 8_4 like Mac OS X) AppleWebKit/600.1.4 (KHTML, like Gecko) Version/8.0 Mobile/12H143 Safari/600.1.4"
59.66.200.87 - - [22/Jul/2015:22:24:55 +0800] "GET /media/posters/2015/7/22/46eede07-25c8-4d67-b68c-4dee8ab1f4ed.jpg HTTP/1.1" 304 0 "http://zhao-mi.net/" "Mozilla/5.0 (iPhone; CPU iPhone OS 8_4 like Mac OS X) AppleWebKit/600.1.4 (KHTML, like Gecko) Version/8.0 Mobile/12H143 Safari/600.1.4"
59.66.200.87 - - [22/Jul/2015:22:24:55 +0800] "GET /media/posters/2015/7/22/fa36bd49-2fd3-4791-9e70-eedaa2b58444.jpg HTTP/1.1" 304 0 "http://zhao-mi.net/" "Mozilla/5.0 (iPhone; CPU iPhone OS 8_4 like Mac OS X) AppleWebKit/600.1.4 (KHTML, like Gecko) Version/8.0 Mobile/12H143 Safari/600.1.4"
59.66.200.87 - - [22/Jul/2015:22:24:55 +0800] "GET /media/posters/2015/7/22/7f70f8b6-e637-449f-a08a-7ad7732831b8.jpg HTTP/1.1" 304 0 "http://zhao-mi.net/" "Mozilla/5.0 (iPhone; CPU iPhone OS 8_4 like Mac OS X) AppleWebKit/600.1.4 (KHTML, like Gecko) Version/8.0 Mobile/12H143 Safari/600.1.4"
59.66.201.23 - - [22/Jul/2015:22:25:09 +0800] "GET /admin/Activity/activitytype/add/ HTTP/1.1" 200 5641 "http://zhao-mi.net/admin/Activity/activitytype/" "Mozilla/5.0 (Macintosh; Intel Mac OS X 10_11) AppleWebKit/601.1.37 (KHTML, like Gecko) Version/9.0 Safari/601.1.37"
59.66.201.23 - - [22/Jul/2015:22:25:09 +0800] "GET /admin/jsi18n/ HTTP/1.1" 200 2384 "http://zhao-mi.net/admin/Activity/activitytype/add/" "Mozilla/5.0 (Macintosh; Intel Mac OS X 10_11) AppleWebKit/601.1.37 (KHTML, like Gecko) Version/9.0 Safari/601.1.37"
223.104.3.141 - - [22/Jul/2015:22:25:16 +0800] "GET / HTTP/1.1" 200 2439 "-" "Mozilla/5.0 (iPhone; CPU iPhone OS 8_4 like Mac OS X) AppleWebKit/600.1.4 (KHTML, like Gecko) Mobile/12H143 MicroMessenger/6.2.3 NetType/WIFI Language/zh_CN"
223.104.3.141 - - [22/Jul/2015:22:25:18 +0800] "GET /media/posters/2015/7/22/d0e845d5-1631-4a6b-bbeb-16157145fa78.jpg HTTP/1.1" 200 155303 "http://zhao-mi.net/" "Mozilla/5.0 (iPhone; CPU iPhone OS 8_4 like Mac OS X) AppleWebKit/600.1.4 (KHTML, like Gecko) Mobile/12H143 MicroMessenger/6.2.3 NetType/WIFI Language/zh_CN"
223.104.3.141 - - [22/Jul/2015:22:25:21 +0800] "GET /media/posters/2015/7/22/7f70f8b6-e637-449f-a08a-7ad7732831b8.jpg HTTP/1.1" 200 115746 "http://zhao-mi.net/" "Mozilla/5.0 (iPhone; CPU iPhone OS 8_4 like Mac OS X) AppleWebKit/600.1.4 (KHTML, like Gecko) Mobile/12H143 MicroMessenger/6.2.3 NetType/WIFI Language/zh_CN"
59.66.201.23 - - [22/Jul/2015:22:25:21 +0800] "GET /static/admin/img/default-bg-reverse.gif HTTP/1.1" 200 835 "http://zhao-mi.net/admin/Activity/activitytype/add/" "Mozilla/5.0 (Macintosh; Intel Mac OS X 10_11) AppleWebKit/601.1.37 (KHTML, like Gecko) Version/9.0 Safari/601.1.37"
223.104.3.141 - - [22/Jul/2015:22:25:21 +0800] "GET /media/posters/2015/7/22/06c0f9f4-d67f-4a16-a79a-b340df6f049d.jpg HTTP/1.1" 200 116198 "http://zhao-mi.net/" "Mozilla/5.0 (iPhone; CPU iPhone OS 8_4 like Mac OS X) AppleWebKit/600.1.4 (KHTML, like Gecko) Mobile/12H143 MicroMessenger/6.2.3 NetType/WIFI Language/zh_CN"
59.66.201.23 - - [22/Jul/2015:22:25:23 +0800] "POST /admin/Activity/activitytype/add/ HTTP/1.1" 302 5 "http://zhao-mi.net/admin/Activity/activitytype/add/" "Mozilla/5.0 (Macintosh; Intel Mac OS X 10_11) AppleWebKit/601.1.37 (KHTML, like Gecko) Version/9.0 Safari/601.1.37"
223.104.3.141 - - [22/Jul/2015:22:25:24 +0800] "GET /media/posters/2015/7/22/46eede07-25c8-4d67-b68c-4dee8ab1f4ed.jpg HTTP/1.1" 200 62982 "http://zhao-mi.net/" "Mozilla/5.0 (iPhone; CPU iPhone OS 8_4 like Mac OS X) AppleWebKit/600.1.4 (KHTML, like Gecko) Mobile/12H143 MicroMessenger/6.2.3 NetType/WIFI Language/zh_CN"
59.66.201.23 - - [22/Jul/2015:22:25:25 +0800] "GET /admin/Activity/activitytype/ HTTP/1.1" 200 1924 "http://zhao-mi.net/admin/Activity/activitytype/add/" "Mozilla/5.0 (Macintosh; Intel Mac OS X 10_11) AppleWebKit/601.1.37 (KHTML, like Gecko) Version/9.0 Safari/601.1.37"
59.66.201.23 - - [22/Jul/2015:22:25:26 +0800] "GET /admin/jsi18n/ HTTP/1.1" 200 2384 "http://zhao-mi.net/admin/Activity/activitytype/" "Mozilla/5.0 (Macintosh; Intel Mac OS X 10_11) AppleWebKit/601.1.37 (KHTML, like Gecko) Version/9.0 Safari/601.1.37"
223.104.3.141 - - [22/Jul/2015:22:25:32 +0800] "GET /media/posters/2015/7/21/d748b848-de5b-467c-8366-ce27c47e10b5.jpg HTTP/1.1" 200 383767 "http://zhao-mi.net/" "Mozilla/5.0 (iPhone; CPU iPhone OS 8_4 like Mac OS X) AppleWebKit/600.1.4 (KHTML, like Gecko) Mobile/12H143 MicroMessenger/6.2.3 NetType/WIFI Language/zh_CN"
59.66.200.87 - - [22/Jul/2015:22:25:32 +0800] "GET / HTTP/1.1" 200 2514 "http://zhao-mi.net/mine/start" "Mozilla/5.0 (iPhone; CPU iPhone OS 8_4 like Mac OS X) AppleWebKit/600.1.4 (KHTML, like Gecko) Version/8.0 Mobile/12H143 Safari/600.1.4"
223.104.3.141 - - [22/Jul/2015:22:25:34 +0800] "GET /media/homepage_posters/2015/7/22/33140e38-5c5f-46e4-8b4e-9c2c744f1c28.png HTTP/1.1" 200 1196559 "http://zhao-mi.net/" "Mozilla/5.0 (iPhone; CPU iPhone OS 8_4 like Mac OS X) AppleWebKit/600.1.4 (KHTML, like Gecko) Mobile/12H143 MicroMessenger/6.2.3 NetType/WIFI Language/zh_CN"
223.104.3.141 - - [22/Jul/2015:22:25:34 +0800] "GET /media/homepage_posters/2015/7/22/a1105718-59f1-424c-8baa-b6f947ae4abd.png HTTP/1.1" 200 1025191 "http://zhao-mi.net/" "Mozilla/5.0 (iPhone; CPU iPhone OS 8_4 like Mac OS X) AppleWebKit/600.1.4 (KHTML, like Gecko) Mobile/12H143 MicroMessenger/6.2.3 NetType/WIFI Language/zh_CN"
223.104.3.141 - - [22/Jul/2015:22:25:34 +0800] "GET /search?loc=%E4%B8%9C%E5%9F%8E HTTP/1.1" 200 1510 "http://zhao-mi.net/" "Mozilla/5.0 (iPhone; CPU iPhone OS 8_4 like Mac OS X) AppleWebKit/600.1.4 (KHTML, like Gecko) Mobile/12H143 MicroMessenger/6.2.3 NetType/WIFI Language/zh_CN"
59.66.200.87 - - [22/Jul/2015:22:25:34 +0800] "GET /m/lib/jquery/jquery.min.js HTTP/1.1" 304 0 "http://zhao-mi.net/m/demo/activity-start.html" "Mozilla/5.0 (iPhone; CPU iPhone OS 8_4 like Mac OS X) AppleWebKit/600.1.4 (KHTML, like Gecko) Version/8.0 Mobile/12H143 Safari/600.1.4"
101.226.93.233 - - [22/Jul/2015:22:25:36 +0800] "GET / HTTP/1.1" 200 15818 "-" "Mozilla/5.0 (Linux; U; Android 4.4.2; zh-cn; GT-I9500 Build/KOT49H) AppleWebKit/537.36 (KHTML, like Gecko)Version/4.0 MQQBrowser/5.0 QQ-Manager Mobile Safari/537.36"
59.66.200.87 - - [22/Jul/2015:22:25:36 +0800] "GET /media/posters/2015/7/22/d0e845d5-1631-4a6b-bbeb-16157145fa78.jpg HTTP/1.1" 304 0 "http://zhao-mi.net/" "Mozilla/5.0 (iPhone; CPU iPhone OS 8_4 like Mac OS X) AppleWebKit/600.1.4 (KHTML, like Gecko) Version/8.0 Mobile/12H143 Safari/600.1.4"
59.66.200.87 - - [22/Jul/2015:22:25:36 +0800] "GET /m/build/list.js HTTP/1.1" 304 0 "http://zhao-mi.net/" "Mozilla/5.0 (iPhone; CPU iPhone OS 8_4 like Mac OS X) AppleWebKit/600.1.4 (KHTML, like Gecko) Version/8.0 Mobile/12H143 Safari/600.1.4"
59.66.200.87 - - [22/Jul/2015:22:25:36 +0800] "GET /media/homepage_posters/2015/7/22/33140e38-5c5f-46e4-8b4e-9c2c744f1c28.png HTTP/1.1" 304 0 "http://zhao-mi.net/" "Mozilla/5.0 (iPhone; CPU iPhone OS 8_4 like Mac OS X) AppleWebKit/600.1.4 (KHTML, like Gecko) Version/8.0 Mobile/12H143 Safari/600.1.4"
59.66.200.87 - - [22/Jul/2015:22:25:36 +0800] "GET /media/homepage_posters/2015/7/22/a1105718-59f1-424c-8baa-b6f947ae4abd.png HTTP/1.1" 304 0 "http://zhao-mi.net/" "Mozilla/5.0 (iPhone; CPU iPhone OS 8_4 like Mac OS X) AppleWebKit/600.1.4 (KHTML, like Gecko) Version/8.0 Mobile/12H143 Safari/600.1.4"
59.66.200.87 - - [22/Jul/2015:22:25:36 +0800] "GET /media/avatars/2015/7/8/c7a1d578-ceac-47d1-bd37-065daa4867c7.png HTTP/1.1" 304 0 "http://zhao-mi.net/" "Mozilla/5.0 (iPhone; CPU iPhone OS 8_4 like Mac OS X) AppleWebKit/600.1.4 (KHTML, like Gecko) Version/8.0 Mobile/12H143 Safari/600.1.4"
59.66.200.87 - - [22/Jul/2015:22:25:36 +0800] "GET /media/posters/2015/7/22/06c0f9f4-d67f-4a16-a79a-b340df6f049d.jpg HTTP/1.1" 304 0 "http://zhao-mi.net/" "Mozilla/5.0 (iPhone; CPU iPhone OS 8_4 like Mac OS X) AppleWebKit/600.1.4 (KHTML, like Gecko) Version/8.0 Mobile/12H143 Safari/600.1.4"
59.66.200.87 - - [22/Jul/2015:22:25:36 +0800] "GET /media/posters/2015/7/22/7f70f8b6-e637-449f-a08a-7ad7732831b8.jpg HTTP/1.1" 304 0 "http://zhao-mi.net/" "Mozilla/5.0 (iPhone; CPU iPhone OS 8_4 like Mac OS X) AppleWebKit/600.1.4 (KHTML, like Gecko) Version/8.0 Mobile/12H143 Safari/600.1.4"
59.66.200.87 - - [22/Jul/2015:22:25:36 +0800] "GET /media/posters/2015/7/21/d748b848-de5b-467c-8366-ce27c47e10b5.jpg HTTP/1.1" 304 0 "http://zhao-mi.net/" "Mozilla/5.0 (iPhone; CPU iPhone OS 8_4 like Mac OS X) AppleWebKit/600.1.4 (KHTML, like Gecko) Version/8.0 Mobile/12H143 Safari/600.1.4"
59.66.200.87 - - [22/Jul/2015:22:25:36 +0800] "GET /media/posters/2015/7/22/46eede07-25c8-4d67-b68c-4dee8ab1f4ed.jpg HTTP/1.1" 304 0 "http://zhao-mi.net/" "Mozilla/5.0 (iPhone; CPU iPhone OS 8_4 like Mac OS X) AppleWebKit/600.1.4 (KHTML, like Gecko) Version/8.0 Mobile/12H143 Safari/600.1.4"
59.66.200.87 - - [22/Jul/2015:22:25:36 +0800] "GET /m/assets/img/icon500x500.png HTTP/1.1" 304 0 "http://zhao-mi.net/m/demo/activity-start.html" "Mozilla/5.0 (iPhone; CPU iPhone OS 8_4 like Mac OS X) AppleWebKit/600.1.4 (KHTML, like Gecko) Version/8.0 Mobile/12H143 Safari/600.1.4"
59.66.200.87 - - [22/Jul/2015:22:25:37 +0800] "GET /media/posters/2015/7/22/fa36bd49-2fd3-4791-9e70-eedaa2b58444.jpg HTTP/1.1" 304 0 "http://zhao-mi.net/" "Mozilla/5.0 (iPhone; CPU iPhone OS 8_4 like Mac OS X) AppleWebKit/600.1.4 (KHTML, like Gecko) Version/8.0 Mobile/12H143 Safari/600.1.4"
223.104.3.141 - - [22/Jul/2015:22:25:37 +0800] "GET /m/assets/img/icon500x500.png HTTP/1.1" 200 32932 "http://zhao-mi.net/search?loc=%E4%B8%9C%E5%9F%8E" "Mozilla/5.0 (iPhone; CPU iPhone OS 8_4 like Mac OS X) AppleWebKit/600.1.4 (KHTML, like Gecko) Mobile/12H143 MicroMessenger/6.2.3 NetType/WIFI Language/zh_CN"
223.104.3.141 - - [22/Jul/2015:22:25:49 +0800] "GET /media/homepage_posters/2015/7/22/a1105718-59f1-424c-8baa-b6f947ae4abd.png HTTP/1.1" 200 1272623 "http://zhao-mi.net/search?loc=%E4%B8%9C%E5%9F%8E" "Mozilla/5.0 (iPhone; CPU iPhone OS 8_4 like Mac OS X) AppleWebKit/600.1.4 (KHTML, like Gecko) Mobile/12H143 MicroMessenger/6.2.3 NetType/WIFI Language/zh_CN"
59.66.201.23 - - [22/Jul/2015:22:25:49 +0800] "GET /admin/Activity/activitytype/add/ HTTP/1.1" 200 5641 "http://zhao-mi.net/admin/Activity/activitytype/" "Mozilla/5.0 (Macintosh; Intel Mac OS X 10_11) AppleWebKit/601.1.37 (KHTML, like Gecko) Version/9.0 Safari/601.1.37"
59.66.201.23 - - [22/Jul/2015:22:25:51 +0800] "GET /admin/jsi18n/ HTTP/1.1" 200 2384 "http://zhao-mi.net/admin/Activity/activitytype/add/" "Mozilla/5.0 (Macintosh; Intel Mac OS X 10_11) AppleWebKit/601.1.37 (KHTML, like Gecko) Version/9.0 Safari/601.1.37"
